ü
U-Boot SPL 2023.04-g24098ea90d (Jul 06 2023 - 12:59:40 +0000)
Resetting on cold boot to workaround ErrataID:i2331
Please resend tiboot3.bin in case of UART/DFU boot
resetting ...

U-Boot SPL 2023.04-g24098ea90d (Jul 06 2023 - 12:59:40 +0000)
SYSFW ABI: 3.1 (firmware rev 0x0009 '9.0.5--v09.00.05 (Kool Koala)')
SPL initial stack usage: 13376 bytes
Trying to boot from MMC2
Authentication passed
Authentication passed
Authentication passed
Authentication passed
Loading Environment from MMC... *** Warning - No MMC card found, using default environment

Starting ATF on ARM64 core...

NOTICE:  BL31: v2.8(release):v2.8-226-g2fcd408bb3-dirty
NOTICE:  BL31: Built : 00:42:57, Jan 13 2023
I/TC: 
I/TC: OP-TEE version: 3.20.0 (gcc version 11.3.0 (GCC)) #1 Fri Jan 20 15:42:54 UTC 2023 aarch64
I/TC: WARNING: This OP-TEE configuration might be insecure!
I/TC: WARNING: Please check https://optee.readthedocs.io/en/latest/architecture/porting_guidelines.html
I/TC: Primary CPU initializing
I/TC: SYSFW ABI: 3.1 (firmware rev 0x0009 '9.0.5--v09.00.05 (Kool Koala)')
I/TC: HUK Initialized
I/TC: Activated SA2UL device
I/TC: Enabled firewalls for SA2UL TRNG device
I/TC: SA2UL TRNG initialized
I/TC: SA2UL Drivers initialized
I/TC: Primary CPU switching to normal world boot

U-Boot SPL 2023.04-g24098ea90d (Jul 06 2023 - 12:59:40 +0000)
SYSFW ABI: 3.1 (firmware rev 0x0009 '9.0.5--v09.00.05 (Kool Koala)')
Trying to boot from MMC2
Authentication passed
Authentication passed


U-Boot 2023.04-g24098ea90d (Jul 06 2023 - 12:59:40 +0000)

SoC:   AM64X SR2.0 HS-FS
Model: Texas Instruments AM642 EVM
Board: AM64-EVM rev C
DRAM:  2 GiB
Core:  59 devices, 29 uclasses, devicetree: separate
MMC:   mmc@fa10000: 0, mmc@fa00000: 1
Loading Environment from MMC... *** Warning - bad CRC, using default environment

In:    serial@2800000
Out:   serial@2800000
Err:   serial@2800000
Unidentified board claims AM64-EVM in eeprom header
Net:   eth0: ethernet@8000000port@1
Hit any key to stop autoboot:  2  1  0 
switch to partitions #0, OK
mmc1 is current device
SD/MMC found on device 1
Failed to load 'boot.scr'
574 bytes read in 29 ms (18.6 KiB/s)
Loaded env from uEnv.txt
Importing environment from mmc1 ...
46912000 bytes read in 1974 ms (22.7 MiB/s)
59145 bytes read in 34 ms (1.7 MiB/s)
Working FDT set to 88000000
## Flattened Device Tree blob at 88000000
   Booting using the fdt blob at 0x88000000
Working FDT set to 88000000
   Loading Device Tree to 000000008feee000, end 000000008fffffff ... OK
Working FDT set to 8feee000

Starting kernel ...

[    0.000000] Booting Linux on physical CPU 0x0000000000 [0x410fd034]
[    0.000000] Linux version 6.1.46Mirf-dirty (root@mir-VirtualBox) (aarch64-none-linux-gnu-gcc (Arm GNU Toolchain 11.3.Rel1) 11.3.1 20220712, GNU ld (Arm GNU Toolchain 11.3.Rel1) 2.38.20220708) #46 SMP PREEMPT Sat Apr  6 21:35:06 IST 2024
[    0.000000] Machine model: Texas Instruments AM642 EVM
[    0.000000] earlycon: ns16550a0 at MMIO32 0x0000000002800000 (options '')
[    0.000000] printk: bootconsole [ns16550a0] enabled
[    0.000000] efi: UEFI not found.
[    0.000000] Reserved memory: created DMA memory pool at 0x00000000a0000000, size 1 MiB
[    0.000000] OF: reserved mem: initialized node r5f-dma-memory@a0000000, compatible id shared-dma-pool
[    0.000000] Reserved memory: created DMA memory pool at 0x00000000a0100000, size 15 MiB
[    0.000000] OF: reserved mem: initialized node r5f-memory@a0100000, compatible id shared-dma-pool
[    0.000000] Reserved memory: created DMA memory pool at 0x00000000a1000000, size 1 MiB
[    0.000000] OF: reserved mem: initialized node r5f-dma-memory@a1000000, compatible id shared-dma-pool
[    0.000000] Reserved memory: created DMA memory pool at 0x00000000a1100000, size 15 MiB
[    0.000000] OF: reserved mem: initialized node r5f-memory@a1100000, compatible id shared-dma-pool
[    0.000000] Reserved memory: created DMA memory pool at 0x00000000a2000000, size 1 MiB
[    0.000000] OF: reserved mem: initialized node r5f-dma-memory@a2000000, compatible id shared-dma-pool
[    0.000000] Reserved memory: created DMA memory pool at 0x00000000a2100000, size 15 MiB
[    0.000000] OF: reserved mem: initialized node r5f-memory@a2100000, compatible id shared-dma-pool
[    0.000000] Reserved memory: created DMA memory pool at 0x00000000a3000000, size 1 MiB
[    0.000000] OF: reserved mem: initialized node r5f-dma-memory@a3000000, compatible id shared-dma-pool
[    0.000000] Reserved memory: created DMA memory pool at 0x00000000a3100000, size 15 MiB
[    0.000000] OF: reserved mem: initialized node r5f-memory@a3100000, compatible id shared-dma-pool
[    0.000000] Reserved memory: created DMA memory pool at 0x00000000a4000000, size 1 MiB
[    0.000000] OF: reserved mem: initialized node m4f-dma-memory@a4000000, compatible id shared-dma-pool
[    0.000000] Reserved memory: created DMA memory pool at 0x00000000a4100000, size 15 MiB
[    0.000000] OF: reserved mem: initialized node m4f-memory@a4100000, compatible id shared-dma-pool
[    0.000000] NUMA: No NUMA configuration found
[    0.000000] NUMA: Faking a node at [mem 0x0000000080000000-0x00000000ffffffff]
[    0.000000] NUMA: NODE_DATA [mem 0xffbe9400-0xffbebfff]
[    0.000000] Zone ranges:
[    0.000000]   DMA      [mem 0x0000000080000000-0x00000000ffffffff]
[    0.000000]   DMA32    empty
[    0.000000]   Normal   empty
[    0.000000] Movable zone start for each node
[    0.000000] Early memory node ranges
[    0.000000]   node   0: [mem 0x0000000080000000-0x000000009e7fffff]
[    0.000000]   node   0: [mem 0x000000009e800000-0x00000000a57fffff]
[    0.000000]   node   0: [mem 0x00000000a5800000-0x00000000ffffffff]
[    0.000000] Initmem setup node 0 [mem 0x0000000080000000-0x00000000ffffffff]
[    0.000000] cma: Reserved 32 MiB at 0x00000000fba00000
[    0.000000] psci: probing for conduit method from DT.
[    0.000000] psci: PSCIv1.1 detected in firmware.
[    0.000000] psci: Using standard PSCI v0.2 function IDs
[    0.000000] psci: Trusted OS migration not required
[    0.000000] psci: SMC Calling Convention v1.2
[    0.000000] percpu: Embedded 494 pages/cpu s1986472 r8192 d28760 u2023424
[    0.000000] Detected VIPT I-cache on CPU0
[    0.000000] CPU features: detected: GIC system register CPU interface
[    0.000000] CPU features: detected: ARM erratum 845719
[    0.000000] alternatives: applying boot alternatives
[    0.000000] Fallback order for Node 0: 0 
[    0.000000] Built 1 zonelists, mobility grouping on.  Total pages: 516096
[    0.000000] Policy zone: DMA
[    0.000000] Kernel command line: console=ttyS2,115200n8 earlycon=ns16550a,mmio32,0x02800000 root=PARTUUID=717e1cd2-02 rw rootfstype=ext4 rootwait
[    0.000000] Dentry cache hash table entries: 262144 (order: 9, 2097152 bytes, linear)
[    0.000000] Inode-cache hash table entries: 131072 (order: 8, 1048576 bytes, linear)
[    0.000000] mem auto-init: stack:off, heap alloc:off, heap free:off
[    0.000000] Memory: 1847932K/2097152K available (19072K kernel code, 5236K rwdata, 10764K rodata, 10624K init, 11873K bss, 216452K reserved, 32768K cma-reserved)
[    0.000000] SLUB: HWalign=64, Order=0-3, MinObjects=0, CPUs=2, Nodes=1
[    0.000000] trace event string verifier disabled
[    0.000000] Running RCU self tests
[    0.000000] rcu: Preemptible hierarchical RCU implementation.
[    0.000000] rcu: 	RCU event tracing is enabled.
[    0.000000] rcu: 	RCU lockdep checking is enabled.
[    0.000000] rcu: 	RCU restricting CPUs from NR_CPUS=256 to nr_cpu_ids=2.
[    0.000000] 	Trampoline variant of Tasks RCU enabled.
[    0.000000] 	Tracing variant of Tasks RCU enabled.
[    0.000000] rcu: RCU calculated value of scheduler-enlistment delay is 25 jiffies.
[    0.000000] rcu: Adjusting geometry for rcu_fanout_leaf=16, nr_cpu_ids=2
[    0.000000] NR_IRQS: 64, nr_irqs: 64, preallocated irqs: 0
[    0.000000] GICv3: GIC: Using split EOI/Deactivate mode
[    0.000000] GICv3: 256 SPIs implemented
[    0.000000] GICv3: 0 Extended SPIs implemented
[    0.000000] Root IRQ handler: gic_handle_irq
[    0.000000] GICv3: GICv3 features: 16 PPIs
[    0.000000] GICv3: CPU0: found redistributor 0 region 0:0x0000000001840000
[    0.000000] ITS [mem 0x01820000-0x0182ffff]
[    0.000000] GIC: enabling workaround for ITS: Socionext Synquacer pre-ITS
[    0.000000] ITS@0x0000000001820000: Devices Table too large, reduce ids 20->19
[    0.000000] ITS@0x0000000001820000: allocated 524288 Devices @80800000 (flat, esz 8, psz 64K, shr 0)
[    0.000000] ITS: using cache flushing for cmd queue
[    0.000000] GICv3: using LPI property table @0x00000000800d0000
[    0.000000] GIC: using cache flushing for LPI property table
[    0.000000] GICv3: CPU0: using allocated LPI pending table @0x00000000800e0000
[    0.000000] rcu: srcu_init: Setting srcu_struct sizes based on contention.
[    0.000000] arch_timer: cp15 timer(s) running at 200.00MHz (phys).
[    0.000000] clocksource: arch_sys_counter: mask: 0x3ffffffffffffff max_cycles: 0x2e2049d3e8, max_idle_ns: 440795210634 ns
[    0.000001] sched_clock: 58 bits at 200MHz, resolution 5ns, wraps every 4398046511102ns
[    0.010668] Console: colour dummy device 80x25
[    0.015337] Lock dependency validator: Copyright (c) 2006 Red Hat, Inc., Ingo Molnar
[    0.023307] ... MAX_LOCKDEP_SUBCLASSES:  8
[    0.027545] ... MAX_LOCK_DEPTH:          48
[    0.031870] ... MAX_LOCKDEP_KEYS:        8192
[    0.036374] ... CLASSHASH_SIZE:          4096
[    0.040878] ... MAX_LOCKDEP_ENTRIES:     32768
[    0.045470] ... MAX_LOCKDEP_CHAINS:      65536
[    0.050062] ... CHAINHASH_SIZE:          32768
[    0.054655]  memory used by lock dependency info: 6877 kB
[    0.060225]  memory used for stack traces: 4224 kB
[    0.065174]  per task-struct memory footprint: 2688 bytes
[    0.070742] ------------------------
[    0.074407] | Locking API testsuite:
[    0.078108] ----------------------------------------------------------------------------
[    0.086429]                                  | spin |wlock |rlock |mutex | wsem | rsem |rtmutex
[    0.095371]   --------------------------------------------------------------------------
[    0.103704]                      A-A deadlock:  ok  |  ok  |  ok  |  ok  |  ok  |  ok  |  ok  |
[    0.129235]                  A-B-B-A deadlock:  ok  |  ok  |  ok  |  ok  |  ok  |  ok  |  ok  |
[    0.156416]              A-B-B-C-C-A deadlock:  ok  |  ok  |  ok  |  ok  |  ok  |  ok  |  ok  |
[    0.185100]              A-B-C-A-B-C deadlock:  ok  |  ok  |  ok  |  ok  |  ok  |  ok  |  ok  |
[    0.213766]          A-B-B-C-C-D-D-A deadlock:  ok  |  ok  |  ok  |  ok  |  ok  |  ok  |  ok  |
[    0.243838]          A-B-C-D-B-D-D-A deadlock:  ok  |  ok  |  ok  |  ok  |  ok  |  ok  |  ok  |
[    0.273930]          A-B-C-D-B-C-D-A deadlock:  ok  |  ok  |  ok  |  ok  |  ok  |  ok  |  ok  |
[    0.304021]                     double unlock:  ok  |  ok  |  ok  |  ok  |  ok  |  ok  |  ok  |
[    0.329565]                   initialize held:  ok  |  ok  |  ok  |  ok  |  ok  |  ok  |  ok  |
[    0.354372]   --------------------------------------------------------------------------
[    0.362721]               recursive read-lock:             |  ok  |             |  ok  |
[    0.376096]            recursive read-lock #2:             |  ok  |             |  ok  |
[    0.389246]             mixed read-write-lock:             |  ok  |             |  ok  |
[    0.402396]             mixed write-read-lock:             |  ok  |             |  ok  |
[    0.415554]   mixed read-lock/lock-write ABBA:             |  ok  |             |  ok  |
[    0.420790]    mixed read-lock/lock-read ABBA:             |  ok  |             |  ok  |
[    0.434392]  mixed write-lock/lock-write ABBA:             |  ok  |             |  ok  |
[    0.447974]   chain cached mixed R-L/L-W ABBA:             |  ok  |
[    0.458899]          rlock W1R2/W2R3/W3R1/123:             |  ok  |
[    0.474871]          rlock W1R2/W2R3/W3R1/132:             |  ok  |
[    0.484244]          rlock W1R2/W2R3/W3R1/213:             |  ok  |
[    0.493628]          rlock W1R2/W2R3/W3R1/231:             |  ok  |
[    0.502998]          rlock W1R2/W2R3/W3R1/312:             |  ok  |
[    0.512373]          rlock W1R2/W2R3/W3R1/321:             |  ok  |
[    0.521737]          rlock W1W2/R2R3/W3R1/123:             |  ok  |
[    0.531111]          rlock W1W2/R2R3/W3R1/132:             |  ok  |
[    0.540488]          rlock W1W2/R2R3/W3R1/213:             |  ok  |
[    0.549851]          rlock W1W2/R2R3/W3R1/231:             |  ok  |
[    0.559220]          rlock W1W2/R2R3/W3R1/312:             |  ok  |
[    0.568596]          rlock W1W2/R2R3/W3R1/321:             |  ok  |
[    0.577974]          rlock W1W2/R2R3/R3W1/123:             |  ok  |
[    0.587355]          rlock W1W2/R2R3/R3W1/132:             |  ok  |
[    0.596721]          rlock W1W2/R2R3/R3W1/213:             |  ok  |
[    0.606105]          rlock W1W2/R2R3/R3W1/231:             |  ok  |
[    0.615480]          rlock W1W2/R2R3/R3W1/312:             |  ok  |
[    0.624868]          rlock W1W2/R2R3/R3W1/321:             |  ok  |
[    0.634244]          rlock W1R2/R2R3/W3W1/123:             |  ok  |
[    0.643629]          rlock W1R2/R2R3/W3W1/132:             |  ok  |
[    0.653016]          rlock W1R2/R2R3/W3W1/213:             |  ok  |
[    0.662403]          rlock W1R2/R2R3/W3W1/231:             |  ok  |
[    0.671787]          rlock W1R2/R2R3/W3W1/312:             |  ok  |
[    0.681168]          rlock W1R2/R2R3/W3W1/321:             |  ok  |
[    0.690546]   --------------------------------------------------------------------------
[    0.698889]      hard-irqs-on + irq-safe-A/12:  ok  |  ok  |  ok  |
[    0.712531]      soft-irqs-on + irq-safe-A/12:  ok  |  ok  |  ok  |
[    0.726167]      hard-irqs-on + irq-safe-A/21:  ok  |  ok  |  ok  |
[    0.739800]      soft-irqs-on + irq-safe-A/21:  ok  |  ok  |  ok  |
[    0.753432]        sirq-safe-A => hirqs-on/12:  ok  |  ok  |  ok  |
[    0.767063]        sirq-safe-A => hirqs-on/21:  ok  |  ok  |  ok  |
[    0.780700]          hard-safe-A + irqs-on/12:  ok  |  ok  |  ok  |
[    0.794332]          soft-safe-A + irqs-on/12:  ok  |  ok  |  ok  |
[    0.807981]          hard-safe-A + irqs-on/21:  ok  |  ok  |  ok  |
[    0.821612]          soft-safe-A + irqs-on/21:  ok  |  ok  |  ok  |
[    0.835241]     hard-safe-A + unsafe-B #1/123:  ok  |  ok  |  ok  |
[    0.849545]     soft-safe-A + unsafe-B #1/123:  ok  |  ok  |  ok  |
[    0.863896]     hard-safe-A + unsafe-B #1/132:  ok  |  ok  |  ok  |
[    0.878227]     soft-safe-A + unsafe-B #1/132:  ok  |  ok  |  ok  |
[    0.892562]     hard-safe-A + unsafe-B #1/213:  ok  |  ok  |  ok  |
[    0.906886]     soft-safe-A + unsafe-B #1/213:  ok  |  ok  |  ok  |
[    0.921242]     hard-safe-A + unsafe-B #1/231:  ok  |  ok  |  ok  |
[    0.935553]     soft-safe-A + unsafe-B #1/231:  ok  |  ok  |  ok  |
[    0.949893]     hard-safe-A + unsafe-B #1/312:  ok  |  ok  |  ok  |
[    0.963752]     soft-safe-A + unsafe-B #1/312:  ok  |  ok  |  ok  |
[    0.977653]     hard-safe-A + unsafe-B #1/321:  ok  |  ok  |  ok  |
[    0.991974]     soft-safe-A + unsafe-B #1/321:  ok  |  ok  |  ok  |
[    1.006312]     hard-safe-A + unsafe-B #2/123:  ok  |  ok  |  ok  |
[    1.020661]     soft-safe-A + unsafe-B #2/123:  ok  |  ok  |  ok  |
[    1.035027]     hard-safe-A + unsafe-B #2/132:  ok  |  ok  |  ok  |
[    1.049359]     soft-safe-A + unsafe-B #2/132:  ok  |  ok  |  ok  |
[    1.063720]     hard-safe-A + unsafe-B #2/213:  ok  |  ok  |  ok  |
[    1.078069]     soft-safe-A + unsafe-B #2/213:  ok  |  ok  |  ok  |
[    1.092425]     hard-safe-A + unsafe-B #2/231:  ok  |  ok  |  ok  |
[    1.106753]     soft-safe-A + unsafe-B #2/231:  ok  |  ok  |  ok  |
[    1.121092]     hard-safe-A + unsafe-B #2/312:  ok  |  ok  |  ok  |
[    1.135434]     soft-safe-A + unsafe-B #2/312:  ok  |  ok  |  ok  |
[    1.149805]     hard-safe-A + unsafe-B #2/321:  ok  |  ok  |  ok  |
[    1.164141]     soft-safe-A + unsafe-B #2/321:  ok  |  ok  |  ok  |
[    1.178477]       hard-irq lock-inversion/123:  ok  |  ok  |  ok  |
[    1.192820]       soft-irq lock-inversion/123:  ok  |  ok  |  ok  |
[    1.207197]       hard-irq lock-inversion/132:  ok  |  ok  |  ok  |
[    1.221564]       soft-irq lock-inversion/132:  ok  |  ok  |  ok  |
[    1.235931]       hard-irq lock-inversion/213:  ok  |  ok  |  ok  |
[    1.250279]       soft-irq lock-inversion/213:  ok  |  ok  |  ok  |
[    1.264636]       hard-irq lock-inversion/231:  ok  |  ok  |  ok  |
[    1.278989]       soft-irq lock-inversion/231:  ok  |  ok  |  ok  |
[    1.293345]       hard-irq lock-inversion/312:  ok  |  ok  |  ok  |
[    1.307702]       soft-irq lock-inversion/312:  ok  |  ok  |  ok  |
[    1.322089]       hard-irq lock-inversion/321:  ok  |  ok  |  ok  |
[    1.336428]       soft-irq lock-inversion/321:  ok  |  ok  |  ok  |
[    1.350785]       hard-irq read-recursion/123:      |  ok  |  ok  |
[    1.362290]       soft-irq read-recursion/123:      |  ok  |  ok  |
[    1.373828]       hard-irq read-recursion/132:      |  ok  |  ok  |
[    1.385575]       soft-irq read-recursion/132:      |  ok  |  ok  |
[    1.397346]       hard-irq read-recursion/213:      |  ok  |  ok  |
[    1.408853]       soft-irq read-recursion/213:      |  ok  |  ok  |
[    1.420378]       hard-irq read-recursion/231:      |  ok  |  ok  |
[    1.431883]       soft-irq read-recursion/231:      |  ok  |  ok  |
[    1.443410]       hard-irq read-recursion/312:      |  ok  |  ok  |
[    1.455166]       soft-irq read-recursion/312:      |  ok  |  ok  |
[    1.466932]       hard-irq read-recursion/321:      |  ok  |  ok  |
[    1.478673]       soft-irq read-recursion/321:      |  ok  |  ok  |
[    1.490429]    hard-irq read-recursion #2/123:      |  ok  |  ok  |
[    1.502165]    soft-irq read-recursion #2/123:      |  ok  |  ok  |
[    1.513934]    hard-irq read-recursion #2/132:      |  ok  |  ok  |
[    1.525669]    soft-irq read-recursion #2/132:      |  ok  |  ok  |
[    1.537427]    hard-irq read-recursion #2/213:      |  ok  |  ok  |
[    1.549179]    soft-irq read-recursion #2/213:      |  ok  |  ok  |
[    1.560934]    hard-irq read-recursion #2/231:      |  ok  |  ok  |
[    1.572667]    soft-irq read-recursion #2/231:      |  ok  |  ok  |
[    1.584433]    hard-irq read-recursion #2/312:      |  ok  |  ok  |
[    1.596181]    soft-irq read-recursion #2/312:      |  ok  |  ok  |
[    1.607943]    hard-irq read-recursion #2/321:      |  ok  |  ok  |
[    1.619690]    soft-irq read-recursion #2/321:      |  ok  |  ok  |
[    1.631445]    hard-irq read-recursion #3/123:      |  ok  |  ok  |
[    1.643170]    soft-irq read-recursion #3/123:      |  ok  |  ok  |
[    1.654935]    hard-irq read-recursion #3/132:      |  ok  |  ok  |
[    1.666688]    soft-irq read-recursion #3/132:      |  ok  |  ok  |
[    1.678462]    hard-irq read-recursion #3/213:      |  ok  |  ok  |
[    1.690208]    soft-irq read-recursion #3/213:      |  ok  |  ok  |
[    1.701977]    hard-irq read-recursion #3/231:      |  ok  |  ok  |
[    1.713715]    soft-irq read-recursion #3/231:      |  ok  |  ok  |
[    1.725482]    hard-irq read-recursion #3/312:      |  ok  |  ok  |
[    1.737234]    soft-irq read-recursion #3/312:      |  ok  |  ok  |
[    1.749013]    hard-irq read-recursion #3/321:      |  ok  |  ok  |
[    1.760752]    soft-irq read-recursion #3/321:      |  ok  |  ok  |
[    1.772511]   --------------------------------------------------------------------------
[    1.780842]   | Wound/wait tests |
[    1.784327]   ---------------------
[    1.787942]                   ww api failures:  ok  |  ok  |  ok  |
[    1.802114]                ww contexts mixing:  ok  |  ok  |
[    1.812949]              finishing ww context:  ok  |  ok  |  ok  |  ok  |
[    1.830009]                locking mismatches:  ok  |  ok  |  ok  |
[    1.844125]                  EDEADLK handling:  ok  |  ok  |  ok  |  ok  |  ok  |  ok  |  ok  |  ok  |  ok  |  ok  |
[    1.881479]            spinlock nest unlocked:  ok  |
[    1.889096]                spinlock nest test:  ok  |
[    1.897196]   -----------------------------------------------------
[    1.903670]                                  |block | try  |context|
[    1.910218]   -----------------------------------------------------
[    1.916674]                           context:  ok  |  ok  |  ok  |
[    1.931074]                               try:  ok  |  ok  |  ok  |
[    1.944979]                             block:  ok  |  ok  |  ok  |
[    1.958862]                          spinlock:  ok  |  ok  |  ok  |
[    1.973531]   --------------------------------------------------------------------------
[    1.981873]   | queued read lock tests |
[    1.985935]   ---------------------------
[    1.990083]       hardirq read-lock/lock-read:  ok  |
[    1.997975]       hardirq lock-read/read-lock:  ok  |
[    2.005900]                 hardirq inversion:  ok  |
[    2.013805]   --------------------
[    2.017308]   | fs_reclaim tests |
[    2.020842]   --------------------
[    2.024329]                   correct nesting:  ok  |
[    2.031755]                     wrong nesting:  ok  |
[    2.039047]                 protected nesting:  ok  |
[    2.046343]   --------------------------------------------------------------------------
[    2.054663]   | local_lock tests |
[    2.058150]   ---------------------
[    2.061763]           local_lock inversion  2:  ok  |
[    2.069614]           local_lock inversion 3A:  ok  |
[    2.077737]           local_lock inversion 3B:  ok  |
[    2.085856]       hardirq_unsafe_softirq_safe:  ok  |
[    2.094411] -------------------------------------------------------
[    2.100892] Good, all 358 testcases passed! |
[    2.105398] ---------------------------------
[    2.110242] Calibrating delay loop (skipped), value calculated using timer frequency.. 400.00 BogoMIPS (lpj=800000)
[    2.120991] pid_max: default: 32768 minimum: 301
[    2.126051] LSM: Security Framework initializing
[    2.131226] Mount-cache hash table entries: 4096 (order: 3, 32768 bytes, linear)
[    2.138873] Mountpoint-cache hash table entries: 4096 (order: 3, 32768 bytes, linear)
[    2.157026] cblist_init_generic: Setting adjustable number of callback queues.
[    2.164602] cblist_init_generic: Setting shift to 1 and lim to 1.
[    2.171433] cblist_init_generic: Setting adjustable number of callback queues.
[    2.178967] cblist_init_generic: Setting shift to 1 and lim to 1.
[    2.185718] Running RCU-tasks wait API self tests
[    2.296822] rcu: Hierarchical SRCU implementation.
[    2.301867] rcu: 	Max phase no-delay instances is 1000.
[    2.307457] Callback from call_rcu_tasks_trace() invoked.
[    2.314961] Platform MSI: msi-controller@1820000 domain created
[    2.321785] PCI/MSI: /bus@f4000/interrupt-controller@1800000/msi-controller@1820000 domain created
[    2.331702] fsl-mc MSI: msi-controller@1820000 domain created
[    2.340732] EFI services will not be available.
[    2.346804] smp: Bringing up secondary CPUs ...
I/TC: Secondary CPU 1 initializing
I/TC: Secondary CPU 1 switching to normal world boot
[    2.363716] Detected VIPT I-cache on CPU1
[    2.363970] GICv3: CPU1: found redistributor 1 region 0:0x0000000001860000
[    2.363997] GICv3: CPU1: using allocated LPI pending table @0x00000000800f0000
[    2.364125] CPU1: Booted secondary processor 0x0000000001 [0x410fd034]
[    2.365090] smp: Brought up 1 node, 2 CPUs
[    2.394803] SMP: Total of 2 processors activated.
[    2.399682] CPU features: detected: 32-bit EL0 Support
[    2.405101] CPU features: detected: 32-bit EL1 Support
[    2.410437] CPU features: detected: CRC32 instructions
[    2.415999] CPU: All CPU(s) started at EL2
[    2.420288] alternatives: applying system-wide alternatives
[    2.431989] devtmpfs: initialized
[    2.526807] clocksource: jiffies: mask: 0xffffffff max_cycles: 0xffffffff, max_idle_ns: 7645041785100000 ns
[    2.536930] futex hash table entries: 512 (order: 4, 65536 bytes, linear)
[    2.546775] pinctrl core: initialized pinctrl subsystem
[    2.561701] DMI not present or invalid.
[    2.568455] NET: Registered PF_NETLINK/PF_ROUTE protocol family
[    2.575177] Callback from call_rcu_tasks() invoked.
[    2.585613] DMA: preallocated 256 KiB GFP_KERNEL pool for atomic allocations
[    2.593488] DMA: preallocated 256 KiB GFP_KERNEL|GFP_DMA pool for atomic allocations
[    2.602230] DMA: preallocated 256 KiB GFP_KERNEL|GFP_DMA32 pool for atomic allocations
[    2.610846] audit: initializing netlink subsys (disabled)
[    2.617466] audit: type=2000 audit(1.616:1): state=initialized audit_enabled=0 res=1
[    2.623860] thermal_sys: Registered thermal governor 'step_wise'
[    2.625432] thermal_sys: Registered thermal governor 'power_allocator'
[    2.632144] cpuidle: using governor menu
[    2.643967] hw-breakpoint: found 6 breakpoint and 4 watchpoint registers.
[    2.651235] ASID allocator initialised with 65536 entries
[    2.666053] Serial: AMBA PL011 UART driver
[    2.851019] KASLR disabled due to lack of seed
[    2.925585] HugeTLB: registered 1.00 GiB page size, pre-allocated 0 pages
[    2.932931] HugeTLB: 0 KiB vmemmap can be freed for a 1.00 GiB page
[    2.939449] HugeTLB: registered 32.0 MiB page size, pre-allocated 0 pages
[    2.946431] HugeTLB: 0 KiB vmemmap can be freed for a 32.0 MiB page
[    2.952895] HugeTLB: registered 2.00 MiB page size, pre-allocated 0 pages
[    2.959873] HugeTLB: 0 KiB vmemmap can be freed for a 2.00 MiB page
[    2.966326] HugeTLB: registered 64.0 KiB page size, pre-allocated 0 pages
[    2.973303] HugeTLB: 0 KiB vmemmap can be freed for a 64.0 KiB page
[    2.994138] ACPI: Interpreter disabled.
[    3.013736] k3-chipinfo 43000014.chipid: Family:AM64X rev:SR2.0 JTAGID[0x1bb3802f] Detected
[    3.036047] iommu: Default domain type: Translated 
[    3.041147] iommu: DMA domain TLB invalidation policy: strict mode 
[    3.050194] SCSI subsystem initialized
[    3.056990] usbcore: registered new interface driver usbfs
[    3.063215] usbcore: registered new interface driver hub
[    3.068944] usbcore: registered new device driver usb
[    3.080332] pps_core: LinuxPPS API ver. 1 registered
[    3.085479] pps_core: Software ver. 5.3.6 - Copyright 2005-2007 Rodolfo Giometti <giometti@linux.it>
[    3.094927] PTP clock support registered
[    3.099853] EDAC MC: Ver: 3.0.0
[    3.113137] omap-mailbox 29020000.mailbox: omap mailbox rev 0x66fc9100
[    3.121911] omap-mailbox 29040000.mailbox: omap mailbox rev 0x66fc9100
[    3.130130] omap-mailbox 29060000.mailbox: omap mailbox rev 0x66fc9100
[    3.142879] FPGA manager framework
[    3.147311] Advanced Linux Sound Architecture Driver Initialized.
[    3.159942] vgaarb: loaded
[    3.165191] clocksource: Switched to clocksource arch_sys_counter
[    3.175232] VFS: Disk quotas dquot_6.6.0
[    3.179637] VFS: Dquot-cache hash table entries: 512 (order 0, 4096 bytes)
[    3.188448] pnp: PnP ACPI: disabled
[    3.239329] NET: Registered PF_INET protocol family
[    3.245417] IP idents hash table entries: 32768 (order: 6, 262144 bytes, linear)
[    3.257638] tcp_listen_portaddr_hash hash table entries: 1024 (order: 4, 81920 bytes, linear)
[    3.267338] Table-perturb hash table entries: 65536 (order: 6, 262144 bytes, linear)
[    3.275416] TCP established hash table entries: 16384 (order: 5, 131072 bytes, linear)
[    3.285322] TCP bind hash table entries: 16384 (order: 9, 2621440 bytes, linear)
[    3.297942] TCP: Hash tables configured (established 16384 bind 16384)
[    3.305649] UDP hash table entries: 1024 (order: 5, 196608 bytes, linear)
[    3.313118] UDP-Lite hash table entries: 1024 (order: 5, 196608 bytes, linear)
[    3.321635] NET: Registered PF_UNIX/PF_LOCAL protocol family
[    3.330556] RPC: Registered named UNIX socket transport module.
[    3.336828] RPC: Registered udp transport module.
[    3.341695] RPC: Registered tcp transport module.
[    3.346550] RPC: Registered tcp NFSv4.1 backchannel transport module.
[    3.353216] NET: Registered PF_XDP protocol family
[    3.358211] PCI: CLS 0 bytes, default 64
[    3.367189] hw perfevents: enabled with armv8_cortex_a53 PMU driver, 7 counters available
[    3.377430] kvm [1]: IPA Size Limit: 40 bits
[    3.401716] kvm [1]: vgic-v2@100020000
[    3.405688] kvm [1]: GIC system register CPU interface enabled
[    3.412053] kvm [1]: vgic interrupt IRQ9
[    3.416410] kvm [1]: Hyp mode initialized successfully
[    3.431290] Initialise system trusted keyrings
[    3.437488] workingset: timestamp_bits=42 max_order=19 bucket_order=0
[    3.520326] squashfs: version 4.0 (2009/01/31) Phillip Lougher
[    3.532156] NFS: Registering the id_resolver key type
[    3.537843] Key type id_resolver registered
[    3.542215] Key type id_legacy registered
[    3.547260] nfs4filelayout_init: NFSv4 File Layout Driver Registering...
[    3.554348] nfs4flexfilelayout_init: NFSv4 Flexfile Layout Driver Registering...
[    3.563047] 9p: Installing v9fs 9p2000 file system support
[    3.614413] Key type asymmetric registered
[    3.618844] Asymmetric key parser 'x509' registered
[    3.624267] Block layer SCSI generic (bsg) driver version 0.4 loaded (major 244)
[    3.633265] io scheduler mq-deadline registered
[    3.637981] io scheduler kyber registered
[    3.710725] pinctrl-single 4084000.pinctrl: 33 pins, size 132
[    3.720416] pinctrl-single f4000.pinctrl: 180 pins, size 720
[    3.733702] pinctrl-single a40000.pinctrl: 512 pins, size 2048
[    3.800740] EINJ: ACPI disabled.
[    3.990135] Serial: 8250/16550 driver, 12 ports, IRQ sharing enabled
[    4.035853] SuperH (H)SCI(F) driver initialized
[    4.044716] msm_serial: driver initialized
[    4.114272] loop: module loaded
[    4.129781] megasas: 07.719.03.00-rc1
[    4.186654] tun: Universal TUN/TAP device driver, 1.6
[    4.198581] thunder_xcv, ver 1.0
[    4.202312] thunder_bgx, ver 1.0
[    4.205962] nicpf, ver 1.0
[    4.219687] hns3: Hisilicon Ethernet Network Driver for Hip08 Family - version
[    4.227174] hns3: Copyright (c) 2017 Huawei Corporation.
[    4.233438] hclge is initializing
[    4.236978] e1000: Intel(R) PRO/1000 Network Driver
[    4.242028] e1000: Copyright (c) 1999-2006 Intel Corporation.
[    4.248356] e1000e: Intel(R) PRO/1000 Network Driver
[    4.253504] e1000e: Copyright(c) 1999 - 2015 Intel Corporation.
[    4.259942] igb: Intel(R) Gigabit Ethernet Network Driver
[    4.265532] igb: Copyright (c) 2007-2014 Intel Corporation.
[    4.271565] igbvf: Intel(R) Gigabit Virtual Function Network Driver
[    4.278623] igbvf: Copyright (c) 2009 - 2012 Intel Corporation.
[    4.288030] sky2: driver version 1.30
[    4.301925] VFIO - User Level meta-driver version: 0.3
[    4.325292] usbcore: registered new interface driver usb-storage
[    4.355876] i2c_dev: i2c /dev entries driver
[    4.419091] sdhci: Secure Digital Host Controller Interface driver
[    4.425715] sdhci: Copyright(c) Pierre Ossman
[    4.437109] Synopsys Designware Multimedia Card Interface Driver
[    4.452105] sdhci-pltfm: SDHCI platform and OF driver helper
[    4.474227] ledtrig-cpu: registered to indicate activity on CPUs
[    4.493624] SMCCC: SOC_ID: ARCH_SOC_ID not implemented, skipping ....
[    4.505006] usbcore: registered new interface driver usbhid
[    4.510803] usbhid: USB HID core driver
[    4.551139] optee: probing for conduit method.
I/TC: Reserved shared memory is enabled
I/TC: Dynamic shared memory is enabled
I/TC: Normal World virtualization support is disabled
I/TC: Asynchronous notifications are disabled
[    4.555887] optee: revision 3.20 (8e74d476)
[    4.574827] optee: dynamic shared memory is enabled
[    4.586112] optee: initialized driver
[    4.602817] DBG: In function - irq_detector_probe, Line - 902
[    4.609036] ------------[ cut here ]------------
[    4.613830] name 'CIRCULAR_QUEUE_NODES'
[    4.617863] WARNING: CPU: 1 PID: 1 at fs/proc/generic.c:712 remove_proc_entry+0x110/0x1a0
[    4.626250] Modules linked in:
[    4.629389] CPU: 1 PID: 1 Comm: swapper/0 Not tainted 6.1.46Mirf-dirty #46
[    4.636427] Hardware name: Texas Instruments AM642 EVM (DT)
[    4.642128] pstate: 60000005 (nZCv daif -PAN -UAO -TCO -DIT -SSBS BTYPE=--)
[    4.649255] pc : remove_proc_entry+0x110/0x1a0
[    4.653805] lr : remove_proc_entry+0x110/0x1a0
[    4.658356] sp : ffff80000b86bb20
[    4.661747] x29: ffff80000b86bb20 x28: 0000000000000000 x27: ffff800009d400c8
[    4.669075] x26: ffff800009e360a0 x25: 0000000000000070 x24: ffff800009c899f8
[    4.676401] x23: 0000000000000002 x22: ffff80000a890470 x21: ffff800009c89da0
[    4.683728] x20: ffff80000a890648 x19: 0000000000000000 x18: ffffffffffffffff
[    4.691054] x17: 000000000000001c x16: 00000000da3d86df x15: ffff80008b86b7e7
[    4.698381] x14: 0000000000000000 x13: ffff80000a7da6e0 x12: 0000000000000507
[    4.705708] x11: 00000000000001ad x10: ffff80000a8326e0 x9 : ffff80000a7da6e0
[    4.713036] x8 : 00000000ffffefff x7 : ffff80000a8326e0 x6 : 0000000000000000
[    4.720364] x5 : 000000000000bff4 x4 : 0000000000000000 x3 : 0000000000000000
[    4.727688] x2 : 0000000000000000 x1 : 0000000000000000 x0 : ffff000000168000
[    4.735015] Call trace:
[    4.737520]  remove_proc_entry+0x110/0x1a0
[    4.741718]  irq_detector_probe+0x25c/0x34c
[    4.746008]  platform_probe+0x68/0xe0
[    4.749765]  really_probe+0xbc/0x2dc
[    4.753432]  __driver_probe_device+0x78/0x114
[    4.757896]  driver_probe_device+0xd8/0x160
[    4.762184]  __driver_attach+0x9c/0x1b0
[    4.766117]  bus_for_each_dev+0x70/0xd0
[    4.770046]  driver_attach+0x24/0x30
[    4.773709]  bus_add_driver+0x154/0x204
[    4.777639]  driver_register+0x78/0x130
[    4.781570]  __platform_driver_register+0x28/0x34
[    4.786391]  irq_detector_driver_init+0x1c/0x28
[    4.791038]  do_one_initcall+0x74/0x310
[    4.794970]  kernel_init_freeable+0x2e8/0x358
[    4.799435]  kernel_init+0x24/0x130
[    4.803010]  ret_from_fork+0x10/0x20
[    4.806674] irq event stamp: 279460
[    4.810244] hardirqs last  enabled at (279459): [<ffff80000812a428>] __up_console_sem+0x78/0x84
[    4.819154] hardirqs last disabled at (279460): [<ffff800009286f74>] el1_dbg+0x24/0x90
[    4.827261] softirqs last  enabled at (279420): [<ffff800008010490>] __do_softirq+0x3f0/0x4e8
[    4.835987] softirqs last disabled at (279415): [<ffff8000080165d0>] ____do_softirq+0x10/0x20
[    4.844712] ---[ end trace 0000000000000000 ]---
[    4.850090] ------------[ cut here ]------------
[    4.854896] name 'SAMPLING_INTERVAL'
[    4.858676] WARNING: CPU: 1 PID: 1 at fs/proc/generic.c:712 remove_proc_entry+0x110/0x1a0
[    4.867060] Modules linked in:
[    4.870198] CPU: 1 PID: 1 Comm: swapper/0 Tainted: G        W          6.1.46Mirf-dirty #46
[    4.878746] Hardware name: Texas Instruments AM642 EVM (DT)
[    4.884447] pstate: 60000005 (nZCv daif -PAN -UAO -TCO -DIT -SSBS BTYPE=--)
[    4.891575] pc : remove_proc_entry+0x110/0x1a0
[    4.896125] lr : remove_proc_entry+0x110/0x1a0
[    4.900677] sp : ffff80000b86bb20
[    4.904069] x29: ffff80000b86bb20 x28: 0000000000000000 x27: ffff800009d400c8
[    4.911396] x26: ffff800009e360a0 x25: 0000000000000070 x24: ffff800009c899f8
[    4.918725] x23: 0000000000000001 x22: ffff80000a890470 x21: ffff800009c89d88
[    4.926054] x20: ffff80000a890648 x19: 0000000000000000 x18: ffffffffffffffff
[    4.933381] x17: 000000000000001c x16: 00000000da3d86df x15: ffff80008b86b7e7
[    4.940709] x14: 0000000000000000 x13: ffff80000a7da6e0 x12: 000000000000058b
[    4.948036] x11: 00000000000001d9 x10: ffff80000a8326e0 x9 : ffff80000a7da6e0
[    4.955362] x8 : 00000000ffffefff x7 : ffff80000a8326e0 x6 : 0000000000000000
[    4.962689] x5 : 000000000000bff4 x4 : 0000000000000000 x3 : 0000000000000000
[    4.970015] x2 : 0000000000000000 x1 : 0000000000000000 x0 : ffff000000168000
[    4.977343] Call trace:
[    4.979848]  remove_proc_entry+0x110/0x1a0
[    4.984044]  irq_detector_probe+0x25c/0x34c
[    4.988334]  platform_probe+0x68/0xe0
[    4.992090]  really_probe+0xbc/0x2dc
[    4.995755]  __driver_probe_device+0x78/0x114
[    5.000218]  driver_probe_device+0xd8/0x160
[    5.004504]  __driver_attach+0x9c/0x1b0
[    5.008436]  bus_for_each_dev+0x70/0xd0
[    5.012365]  driver_attach+0x24/0x30
[    5.016028]  bus_add_driver+0x154/0x204
[    5.019957]  driver_register+0x78/0x130
[    5.023888]  __platform_driver_register+0x28/0x34
[    5.028709]  irq_detector_driver_init+0x1c/0x28
[    5.033355]  do_one_initcall+0x74/0x310
[    5.037286]  kernel_init_freeable+0x2e8/0x358
[    5.041751]  kernel_init+0x24/0x130
[    5.045326]  ret_from_fork+0x10/0x20
[    5.048991] irq event stamp: 279500
[    5.052561] hardirqs last  enabled at (279499): [<ffff80000812a428>] __up_console_sem+0x78/0x84
[    5.061470] hardirqs last disabled at (279500): [<ffff800009286f74>] el1_dbg+0x24/0x90
[    5.069578] softirqs last  enabled at (279474): [<ffff800008010490>] __do_softirq+0x3f0/0x4e8
[    5.078302] softirqs last disabled at (279463): [<ffff8000080165d0>] ____do_softirq+0x10/0x20
[    5.087029] ---[ end trace 0000000000000000 ]---
[    5.091919] ------------[ cut here ]------------
[    5.096699] name 'IRQ_STORM_THRESHOLD'
[    5.100629] WARNING: CPU: 1 PID: 1 at fs/proc/generic.c:712 remove_proc_entry+0x110/0x1a0
[    5.109005] Modules linked in:
[    5.112139] CPU: 1 PID: 1 Comm: swapper/0 Tainted: G        W          6.1.46Mirf-dirty #46
[    5.120687] Hardware name: Texas Instruments AM642 EVM (DT)
[    5.126388] pstate: 60000005 (nZCv daif -PAN -UAO -TCO -DIT -SSBS BTYPE=--)
[    5.133514] pc : remove_proc_entry+0x110/0x1a0
[    5.138062] lr : remove_proc_entry+0x110/0x1a0
[    5.142612] sp : ffff80000b86bb20
[    5.146004] x29: ffff80000b86bb20 x28: 0000000000000000 x27: ffff800009d400c8
[    5.153334] x26: ffff800009e360a0 x25: 0000000000000070 x24: ffff800009c899f8
[    5.160662] x23: 0000000000000000 x22: ffff80000a890470 x21: ffff800009c89d70
[    5.167989] x20: ffff80000a890648 x19: 0000000000000000 x18: ffffffffffffffff
[    5.175318] x17: 000000000000001c x16: 00000000da3d86df x15: ffff80008b86b7e7
[    5.182643] x14: 0000000000000000 x13: ffff80000a7da6e0 x12: 000000000000060f
[    5.189969] x11: 0000000000000205 x10: ffff80000a8326e0 x9 : ffff80000a7da6e0
[    5.197294] x8 : 00000000ffffefff x7 : ffff80000a8326e0 x6 : 0000000000000000
[    5.204622] x5 : 000000000000bff4 x4 : 0000000000000000 x3 : 0000000000000000
[    5.211949] x2 : 0000000000000000 x1 : 0000000000000000 x0 : ffff000000168000
[    5.219276] Call trace:
[    5.221778]  remove_proc_entry+0x110/0x1a0
[    5.225974]  irq_detector_probe+0x25c/0x34c
[    5.230264]  platform_probe+0x68/0xe0
[    5.234021]  really_probe+0xbc/0x2dc
[    5.237687]  __driver_probe_device+0x78/0x114
[    5.242150]  driver_probe_device+0xd8/0x160
[    5.246436]  __driver_attach+0x9c/0x1b0
[    5.250365]  bus_for_each_dev+0x70/0xd0
[    5.254295]  driver_attach+0x24/0x30
[    5.257959]  bus_add_driver+0x154/0x204
[    5.261888]  driver_register+0x78/0x130
[    5.265819]  __platform_driver_register+0x28/0x34
[    5.270638]  irq_detector_driver_init+0x1c/0x28
[    5.275281]  do_one_initcall+0x74/0x310
[    5.279209]  kernel_init_freeable+0x2e8/0x358
[    5.283672]  kernel_init+0x24/0x130
[    5.287247]  ret_from_fork+0x10/0x20
[    5.290911] irq event stamp: 279542
[    5.294481] hardirqs last  enabled at (279541): [<ffff80000812a428>] __up_console_sem+0x78/0x84
[    5.303389] hardirqs last disabled at (279542): [<ffff800009286f74>] el1_dbg+0x24/0x90
[    5.311497] softirqs last  enabled at (279520): [<ffff800008010490>] __do_softirq+0x3f0/0x4e8
[    5.320222] softirqs last disabled at (279503): [<ffff8000080165d0>] ____do_softirq+0x10/0x20
[    5.328947] ---[ end trace 0000000000000000 ]---
[    5.334097] ------------[ cut here ]------------
[    5.338925] name 'irq_diag_stat'
[    5.342355] WARNING: CPU: 1 PID: 1 at fs/proc/generic.c:712 remove_proc_entry+0x110/0x1a0
[    5.350741] Modules linked in:
[    5.353881] CPU: 1 PID: 1 Comm: swapper/0 Tainted: G        W          6.1.46Mirf-dirty #46
[    5.362430] Hardware name: Texas Instruments AM642 EVM (DT)
[    5.368131] pstate: 60000005 (nZCv daif -PAN -UAO -TCO -DIT -SSBS BTYPE=--)
[    5.375258] pc : remove_proc_entry+0x110/0x1a0
[    5.379808] lr : remove_proc_entry+0x110/0x1a0
[    5.384357] sp : ffff80000b86bb20
[    5.387750] x29: ffff80000b86bb20 x28: 0000000000000000 x27: ffff800009d400c8
[    5.395077] x26: ffff800009e360a0 x25: 0000000000000070 x24: ffff800009c899f8
[    5.402403] x23: 0000000000000000 x22: ffff80000a890470 x21: ffff800009c89dc8
[    5.409729] x20: ffff80000a890648 x19: 0000000000000000 x18: ffffffffffffffff
[    5.417057] x17: 000000000000001c x16: 00000000da3d86df x15: ffff80008b86b7e7
[    5.424383] x14: 0000000000000000 x13: ffff80000a7da6e0 x12: 0000000000000693
[    5.431710] x11: 0000000000000231 x10: ffff80000a8326e0 x9 : ffff80000a7da6e0
[    5.439037] x8 : 00000000ffffefff x7 : ffff80000a8326e0 x6 : 0000000000000000
[    5.446364] x5 : 000000000000bff4 x4 : 0000000000000000 x3 : 0000000000000000
[    5.453691] x2 : 0000000000000000 x1 : 0000000000000000 x0 : ffff000000168000
[    5.461017] Call trace:
[    5.463522]  remove_proc_entry+0x110/0x1a0
[    5.467719]  irq_detector_probe+0x288/0x34c
[    5.472009]  platform_probe+0x68/0xe0
[    5.475767]  really_probe+0xbc/0x2dc
[    5.479435]  __driver_probe_device+0x78/0x114
[    5.483898]  driver_probe_device+0xd8/0x160
[    5.488184]  __driver_attach+0x9c/0x1b0
[    5.492115]  bus_for_each_dev+0x70/0xd0
[    5.496045]  driver_attach+0x24/0x30
[    5.499709]  bus_add_driver+0x154/0x204
[    5.503637]  driver_register+0x78/0x130
[    5.507568]  __platform_driver_register+0x28/0x34
[    5.512388]  irq_detector_driver_init+0x1c/0x28
[    5.517033]  do_one_initcall+0x74/0x310
[    5.520966]  kernel_init_freeable+0x2e8/0x358
[    5.525431]  kernel_init+0x24/0x130
[    5.529004]  ret_from_fork+0x10/0x20
[    5.532669] irq event stamp: 279580
[    5.536238] hardirqs last  enabled at (279579): [<ffff80000812a428>] __up_console_sem+0x78/0x84
[    5.545148] hardirqs last disabled at (279580): [<ffff800009286f74>] el1_dbg+0x24/0x90
[    5.553256] softirqs last  enabled at (279558): [<ffff800008010490>] __do_softirq+0x3f0/0x4e8
[    5.561981] softirqs last disabled at (279545): [<ffff8000080165d0>] ____do_softirq+0x10/0x20
[    5.570708] ---[ end trace 0000000000000000 ]---
[    5.575557] ------------[ cut here ]------------
[    5.580335] name 'irq_diag_cmd'
[    5.583641] WARNING: CPU: 1 PID: 1 at fs/proc/generic.c:712 remove_proc_entry+0x110/0x1a0
[    5.592016] Modules linked in:
[    5.595150] CPU: 1 PID: 1 Comm: swapper/0 Tainted: G        W          6.1.46Mirf-dirty #46
[    5.603697] Hardware name: Texas Instruments AM642 EVM (DT)
[    5.609399] pstate: 60000005 (nZCv daif -PAN -UAO -TCO -DIT -SSBS BTYPE=--)
[    5.616526] pc : remove_proc_entry+0x110/0x1a0
[    5.621075] lr : remove_proc_entry+0x110/0x1a0
[    5.625627] sp : ffff80000b86bb20
[    5.629020] x29: ffff80000b86bb20 x28: 0000000000000000 x27: ffff800009d400c8
[    5.636350] x26: ffff800009e360a0 x25: 0000000000000070 x24: ffff800009c899f8
[    5.643677] x23: ffffffffffffff90 x22: ffff80000a890470 x21: ffff800009c89db8
[    5.651005] x20: ffff80000a890648 x19: 0000000000000000 x18: ffffffffffffffff
[    5.658332] x17: 000000000000001c x16: 00000000da3d86df x15: ffff80008b86b7e7
[    5.665659] x14: 0000000000000000 x13: ffff80000a7da6e0 x12: 0000000000000717
[    5.672985] x11: 000000000000025d x10: ffff80000a8326e0 x9 : ffff80000a7da6e0
[    5.680312] x8 : 00000000ffffefff x7 : ffff80000a8326e0 x6 : 0000000000000000
[    5.687637] x5 : 000000000000bff4 x4 : 0000000000000000 x3 : 0000000000000000
[    5.694960] x2 : 0000000000000000 x1 : 0000000000000000 x0 : ffff000000168000
[    5.702288] Call trace:
[    5.704792]  remove_proc_entry+0x110/0x1a0
[    5.708991]  irq_detector_probe+0x288/0x34c
[    5.713278]  platform_probe+0x68/0xe0
[    5.717037]  really_probe+0xbc/0x2dc
[    5.720703]  __driver_probe_device+0x78/0x114
[    5.725166]  driver_probe_device+0xd8/0x160
[    5.729452]  __driver_attach+0x9c/0x1b0
[    5.733382]  bus_for_each_dev+0x70/0xd0
[    5.737310]  driver_attach+0x24/0x30
[    5.740973]  bus_add_driver+0x154/0x204
[    5.744902]  driver_register+0x78/0x130
[    5.748833]  __platform_driver_register+0x28/0x34
[    5.753653]  irq_detector_driver_init+0x1c/0x28
[    5.758296]  do_one_initcall+0x74/0x310
[    5.762225]  kernel_init_freeable+0x2e8/0x358
[    5.766688]  kernel_init+0x24/0x130
[    5.770261]  ret_from_fork+0x10/0x20
[    5.773925] irq event stamp: 279616
[    5.777495] hardirqs last  enabled at (279615): [<ffff80000812a428>] __up_console_sem+0x78/0x84
[    5.786402] hardirqs last disabled at (279616): [<ffff800009286f74>] el1_dbg+0x24/0x90
[    5.794508] softirqs last  enabled at (279594): [<ffff800008010490>] __do_softirq+0x3f0/0x4e8
[    5.803233] softirqs last disabled at (279583): [<ffff8000080165d0>] ____do_softirq+0x10/0x20
[    5.811958] ---[ end trace 0000000000000000 ]---
[    5.817586] DBG: In function - irq_detector_probe, Line - 954
[    5.828867] DBG: In function - irq_detector_probe, Line - 902
[    5.834940] ------------[ cut here ]------------
[    5.839774] proc_dir_entry '/proc/irq_diag' already registered
[    5.845853] WARNING: CPU: 0 PID: 1 at fs/proc/generic.c:376 proc_register+0x124/0x1b0
[    5.853886] Modules linked in:
[    5.857029] CPU: 0 PID: 1 Comm: swapper/0 Tainted: G        W          6.1.46Mirf-dirty #46
[    5.865580] Hardware name: Texas Instruments AM642 EVM (DT)
[    5.871281] pstate: 60000005 (nZCv daif -PAN -UAO -TCO -DIT -SSBS BTYPE=--)
[    5.878408] pc : proc_register+0x124/0x1b0
[    5.882604] lr : proc_register+0x124/0x1b0
[    5.886800] sp : ffff80000b86ba00
[    5.890191] x29: ffff80000b86ba00 x28: 0000000000000000 x27: ffff800009d400c8
[    5.897522] x26: 0000000000000008 x25: ffff000000cbb3ec x24: 0000000000000008
[    5.904850] x23: ffff80000a890530 x22: ffff80000a890648 x21: ffff80000a890470
[    5.912180] x20: ffff000000cbb300 x19: ffff0000016125c8 x18: ffffffffffffffff
[    5.919507] x17: 000000000000001c x16: 0000000028f7986e x15: ffff80008b86b6c7
[    5.926834] x14: 0000000000000000 x13: ffff80000a7da6e0 x12: 00000000000007a1
[    5.934163] x11: 000000000000028b x10: ffff80000a8326e0 x9 : ffff80000a7da6e0
[    5.941491] x8 : 00000000ffffefff x7 : ffff80000a8326e0 x6 : 0000000000000000
[    5.948820] x5 : 000000000000bff4 x4 : 0000000000000000 x3 : 0000000000000000
[    5.956149] x2 : 0000000000000000 x1 : 0000000000000000 x0 : ffff000000168000
[    5.963479] Call trace:
[    5.965984]  proc_register+0x124/0x1b0
[    5.969824]  proc_mkdir+0x60/0x90
[    5.973221]  irq_detector_probe+0x150/0x34c
[    5.977512]  platform_probe+0x68/0xe0
[    5.981269]  really_probe+0xbc/0x2dc
[    5.984934]  __driver_probe_device+0x78/0x114
[    5.989398]  driver_probe_device+0xd8/0x160
[    5.993685]  __device_attach_driver+0xb8/0x140
[    5.998237]  bus_for_each_drv+0x78/0xd0
[    6.002168]  __device_attach+0xa8/0x1c0
[    6.006099]  device_initial_probe+0x14/0x20
[    6.010385]  bus_probe_device+0x9c/0xa4
[    6.014315]  device_add+0x3ac/0x7bc
[    6.017890]  platform_device_add+0x114/0x234
[    6.022266]  platform_device_register+0x6c/0x7c
[    6.026907]  irq_detector_init+0x1c/0x3c
[    6.030931]  do_one_initcall+0x74/0x310
[    6.034863]  kernel_init_freeable+0x2e8/0x358
[    6.039329]  kernel_init+0x24/0x130
[    6.042905]  ret_from_fork+0x10/0x20
[    6.046573] irq event stamp: 281414
[    6.050143] hardirqs last  enabled at (281413): [<ffff80000812a428>] __up_console_sem+0x78/0x84
[    6.059054] hardirqs last disabled at (281414): [<ffff800009286f74>] el1_dbg+0x24/0x90
[    6.067159] softirqs last  enabled at (279652): [<ffff800008010490>] __do_softirq+0x3f0/0x4e8
[    6.075885] softirqs last disabled at (279647): [<ffff8000080165d0>] ____do_softirq+0x10/0x20
[    6.084612] ---[ end trace 0000000000000000 ]---
[    6.089458] DBG: Error creating proc directory
[    6.094061] DBG: proc file creation failed!
[    6.094077] irq_detector: probe of irq_detector.0 failed with error -12
[    6.116873] Initializing XFRM netlink socket
[    6.121700] NET: Registered PF_PACKET protocol family
[    6.127844] 9pnet: Installing 9P2000 support
[    6.132771] Key type dns_resolver registered
[    6.139061] registered taskstats version 1
[    6.143542] Loading compiled-in X.509 certificates
[    6.338299] ti-sci 44043000.system-controller: ABI: 3.1 (firmware rev 0x0009 '9.0.5--v09.00.05 (Kool Koala)')
[    6.577972] pca953x 0-0022: supply vcc not found, using dummy regulator
[    6.586927] pca953x 0-0022: using AI
[    6.619945] omap_i2c 20010000.i2c: bus 0 rev0.12 at 400 kHz
[    6.631186] ti-sci-intr bus@f4000:interrupt-controller@a00000: Interrupt Router 3 domain created
[    6.644500] ti-sci-inta 48000000.interrupt-controller: Interrupt Aggregator domain 28 created
[    6.678778] ti-udma 485c0100.dma-controller: Number of rings: 68
[    6.698562] ti-udma 485c0100.dma-controller: Channels: 24 (bchan: 12, tchan: 6, rchan: 6)
[    6.726197] ti-udma 485c0000.dma-controller: Number of rings: 288
[    6.814218] ti-udma 485c0000.dma-controller: Channels: 44 (tchan: 29, rchan: 15)
[    6.853710] printk: console [ttyS2] disabled
[    6.858793] 2800000.serial: ttyS2 at MMIO 0x2800000 (irq = 304, base_baud = 3000000) is a 8250
[    6.869025] printk: console [ttyS2] enabled
[    6.869025] printk: console [ttyS2] enabled
[    6.877735] printk: bootconsole [ns16550a0] disabled
[    6.877735] printk: bootconsole [ns16550a0] disabled
[    6.916565] spi-nor spi0.0: s28hs512t (65536 Kbytes)
[    6.922982] 7 fixed-partitions partitions found on MTD device fc40000.spi.0
[    6.930179] Creating 7 MTD partitions on "fc40000.spi.0":
[    6.935666] 0x000000000000-0x000000100000 : "ospi.tiboot3"
[    6.958584] 0x000000100000-0x000000300000 : "ospi.tispl"
[    6.976858] 0x000000300000-0x000000700000 : "ospi.u-boot"
[    6.995243] 0x000000700000-0x000000740000 : "ospi.env"
[    7.013505] 0x000000740000-0x000000780000 : "ospi.env.backup"
[    7.032614] 0x000000800000-0x000003fc0000 : "ospi.rootfs"
[    7.050904] 0x000003fc0000-0x000004000000 : "ospi.phypattern"
[    7.134470] davinci_mdio 8000f00.mdio: Configuring MDIO in manual mode
[    7.181260] davinci_mdio 8000f00.mdio: davinci mdio revision 9.7, bus freq 1000000
[    7.198105] davinci_mdio 8000f00.mdio: phy[0]: device 8000f00.mdio:00, driver TI DP83867
[    7.206675] am65-cpsw-nuss 8000000.ethernet: initializing am65 cpsw nuss version 0x6BA00903, cpsw version 0x6BA80903 Ports: 3 quirks:00000006
[    7.221931] am65-cpsw-nuss 8000000.ethernet: initialized cpsw ale version 1.4
[    7.229260] am65-cpsw-nuss 8000000.ethernet: ALE Table size 512
[    7.239383] pps pps0: new PPS source ptp0
[    7.246650] am65-cpsw-nuss 8000000.ethernet: CPTS ver 0x4e8a010c, freq:500000000, add_val:1 pps:1
[    7.262646] am65-cpsw-nuss 8000000.ethernet: set new flow-id-base 16
[    7.299076] am65-cpts 39000000.cpts: CPTS ver 0x4e8a010c, freq:500000000, add_val:1 pps:0
[    7.344758] mmc0: CQHCI version 5.10
[    7.358051] gpio-mux mux-controller: 2-way mux-controller registered
[    7.400342] mmc0: SDHCI controller on fa10000.mmc [fa10000.mmc] using ADMA 64-bit
[    7.490429] mmc0: Command Queue Engine enabled
[    7.495116] mmc0: new HS200 MMC card at address 0001
[    7.506281] mmcblk0: mmc0:0001 S0J56X 14.8 GiB 
[    7.520580] debugfs: Directory 'pd:114' with parent 'pm_genpd' already present!
[    7.528500] mmc1: CQHCI version 5.10
[    7.534218] mmcblk0boot0: mmc0:0001 S0J56X 31.5 MiB 
[    7.552149] mmcblk0boot1: mmc0:0001 S0J56X 31.5 MiB 
[    7.569945] mmcblk0rpmb: mmc0:0001 S0J56X 4.00 MiB, chardev (511:0)
[    7.580436] ALSA device list:
[    7.583929]   No soundcards found.
[    7.592253] mmc1: SDHCI controller on fa00000.mmc [fa00000.mmc] using ADMA 64-bit
[    7.602700] Waiting for root device PARTUUID=717e1cd2-02...
[    7.667364] mmc1: new ultra high speed SDR104 SDHC card at address aaaa
[    7.677961] mmcblk1: mmc1:aaaa SC16G 14.8 GiB 
[    7.696558]  mmcblk1: p1 p2
[    7.804109] EXT4-fs (mmcblk1p2): recovery complete
[    7.814212] EXT4-fs (mmcblk1p2): mounted filesystem with ordered data mode. Quota mode: none.
[    7.823302] VFS: Mounted root (ext4 filesystem) on device 179:98.
[    7.835366] devtmpfs: mounted
[    7.854439] Freeing unused kernel memory: 10624K
[    7.859939] Run /sbin/init as init process
[    8.192620] systemd[1]: System time before build time, advancing clock.
[    8.339714] systemd[1]: systemd 250.5+ running in system mode (+PAM -AUDIT -SELINUX -APPARMOR +IMA -SMACK +SECCOMP -GCRYPT -GNUTLS -OPENSSL +ACL +BLKID -CURL -ELFUTILS -FIDO2 -IDN2 -IDN -IPTC +KMOD -LIBCRYPTSETUP +LIBFDISK -PCRE2 -PWQUALITY -P11KIT -QRENCODE -BZIP2 -LZ4 -XZ -ZLIB +ZSTD -BPF_FRAMEWORK +XKBCOMMON +UTMP +SYSVINIT default-hierarchy=hybrid)
[    8.375306] systemd[1]: Detected architecture arm64.

Welcome to Arago 2023.04!

[    8.494212] systemd[1]: Hostname set to <am64xx-evm>.
[    9.056907] systemd-sysv-generator[140]: SysV service '/etc/init.d/thermal-zone-init' lacks a native systemd unit file. Automatically generating a unit file for compatibility. Please update package to include a native systemd unit file, in order to make it more safe and robust.
[    9.083182] systemd-sysv-generator[140]: SysV service '/etc/init.d/docker.init' lacks a native systemd unit file. Automatically generating a unit file for compatibility. Please update package to include a native systemd unit file, in order to make it more safe and robust.
[    9.110831] systemd-sysv-generator[140]: SysV service '/etc/init.d/dropbear' lacks a native systemd unit file. Automatically generating a unit file for compatibility. Please update package to include a native systemd unit file, in order to make it more safe and robust.
[    9.160905] systemd-sysv-generator[140]: SysV service '/etc/init.d/resize_rootfs.sh' lacks a native systemd unit file. Automatically generating a unit file for compatibility. Please update package to include a native systemd unit file, in order to make it more safe and robust.
[    9.196949] systemd-sysv-generator[140]: SysV service '/etc/init.d/telnetd' lacks a native systemd unit file. Automatically generating a unit file for compatibility. Please update package to include a native systemd unit file, in order to make it more safe and robust.
[    9.222993] systemd-sysv-generator[140]: SysV service '/etc/init.d/netperf' lacks a native systemd unit file. Automatically generating a unit file for compatibility. Please update package to include a native systemd unit file, in order to make it more safe and robust.
[    9.248829] systemd-sysv-generator[140]: SysV service '/etc/init.d/inetd.busybox' lacks a native systemd unit file. Automatically generating a unit file for compatibility. Please update package to include a native systemd unit file, in order to make it more safe and robust.
[    9.817599] systemd[1]: Binding to IPv6 address not available since kernel does not support IPv6.
[    9.826664] systemd[1]: Binding to IPv6 address not available since kernel does not support IPv6.
[    9.984425] systemd[1]: /etc/systemd/system/sync-clocks.service:11: Standard output type syslog is obsolete, automatically updating to journal. Please update your unit file, and consider removing the setting altogether.
[   10.142909] systemd[1]: Queued start job for default target Multi-User System.
[   10.444881] systemd[1]: Created slice Slice /system/getty.
[  OK  ] Created slice Slice /system/getty.
[   10.491861] systemd[1]: Created slice Slice /system/modprobe.
[  OK  ] Created slice Slice /system/modprobe.
[   10.536558] systemd[1]: Created slice Slice /system/serial-getty.
[  OK  ] Created slice Slice /system/serial-getty.
[   10.581848] systemd[1]: Created slice User and Session Slice.
[  OK  ] Created slice User and Session Slice.
[   10.607758] systemd[1]: Started Dispatch Password Requests to Console Directory Watch.
[  OK  ] Started Dispatch Password ts to Console Directory Watch.
[   10.635560] systemd[1]: Started Forward Password Requests to Wall Directory Watch.
[  OK  ] Started Forward Password Ruests to Wall Directory Watch.
[   10.662327] systemd[1]: Reached target Path Units.
[  OK  ] Reached target Path Units.
[   10.677916] systemd[1]: Reached target Remote File Systems.
[  OK  ] Reached target Remote File Systems.
[   10.701864] systemd[1]: Reached target Slice Units.
[  OK  ] Reached target Slice Units.
[   10.717924] systemd[1]: Reached target Swaps.
[  OK  ] Reached target Swaps.
[   10.845296] systemd[1]: Listening on RPCbind Server Activation Socket.
[  OK  ] Listening on RPCbind Server Activation Socket.
[   10.870149] systemd[1]: Reached target RPC Port Mapper.
[  OK  ] Reached target RPC Port Mapper.
[   10.910576] systemd[1]: Listening on Process Core Dump Socket.
[  OK  ] Listening on Process Core Dump Socket.
[   10.936585] systemd[1]: Listening on initctl Compatibility Named Pipe.
[  OK  ] Listening on initctl Compatibility Named Pipe.
[   10.964898] systemd[1]: Listening on Journal Audit Socket.
[  OK  ] Listening on Journal Audit Socket.
[   10.993057] systemd[1]: Listening on Journal Socket (/dev/log).
[  OK  ] Listening on Journal Socket (/dev/log).
[   11.021550] systemd[1]: Listening on Journal Socket.
[  OK  ] Listening on Journal Socket.
[   11.040741] systemd[1]: Listening on Network Service Netlink Socket.
[  OK  ] Listening on Network Service Netlink Socket.
[   11.069794] systemd[1]: Listening on udev Control Socket.
[  OK  ] Listening on udev Control Socket.
[   11.096224] systemd[1]: Listening on udev Kernel Socket.
[  OK  ] Listening on udev Kernel Socket.
[   11.120600] systemd[1]: Listening on User Database Manager Socket.
[  OK  ] Listening on User Database Manager Socket.
[   11.200921] systemd[1]: Mounting Huge Pages File System...
         Mounting Huge Pages File System...
[   11.251781] systemd[1]: Mounting POSIX Message Queue File System...
         Mounting POSIX Message Queue File System...
[   11.341440] systemd[1]: Mounting Kernel Debug File System...
         Mounting Kernel Debug File System...
[   11.421006] systemd[1]: Mounting Kernel Trace File System...
         Mounting Kernel Trace File System...
[   11.503946] systemd[1]: Mounting Temporary Directory /tmp...
         Mounting Temporary Directory /tmp...
[   11.530552] systemd[1]: Create List of Static Device Nodes was skipped because of a failed condition check (ConditionFileNotEmpty=/lib/modules/6.1.46Mirf-dirty/modules.devname).
[   11.593055] systemd[1]: Starting Load Kernel Module configfs...
         Starting Load Kernel Module configfs...
[   11.650377] systemd[1]: Starting Load Kernel Module drm...
         Starting Load Kernel Module drm...
[   11.706682] systemd[1]: Starting Load Kernel Module fuse...
         Starting Load Kernel Module fuse...
[   11.776449] systemd[1]: Starting RPC Bind...
         Starting RPC Bind...
[   11.798990] systemd[1]: File System Check on Root Device was skipped because of a failed condition check (ConditionPathIsReadWrite=!/).
[   11.895474] systemd[1]: Starting Journal Service...
         Starting Journal Service...
[   12.005712] systemd[1]: Starting Load Kernel Modules...
         Starting Load Kernel Modules...
[   12.092930] systemd[1]: Starting Generate network units from Kernel command line...
         Starting Generate network ts from Kernel command line...
[   12.204283] systemd[1]: Starting Remount Root and Kernel File Systems...
         Starting Remount Root and Kernel File Systems...
[   12.307719] systemd[1]: Starting Coldplug All udev Devices...
         Starting Coldplug All udev Devices...
[   12.412575] systemd[1]: Started RPC Bind.
[  OK  ] Started RPC Bind.
[   12.436512] systemd[1]: Mounted Huge Pages File System.
[  OK  ] Mounted Huge Pages File System.
[   12.455686] systemd[1]: Mounted POSIX Message Queue File System.
[  OK  ] Mounted POSIX Message Queue File System.
[   12.484510] systemd[1]: Mounted Kernel Debug File System.
[  OK  ] Mounted Kernel Debug File System.
[   12.513640] systemd[1]: Mounted Kernel Trace File System.
[  OK  ] Mounted Kernel Trace File System.
[   12.540387] systemd[1]: Mounted Temporary Directory /tmp.
[  OK  ] Mounted Temporary Directory /tmp.
[   12.577107] systemd[1]: modprobe@configfs.service: Deactivated successfully.
[   12.602105] systemd[1]: Finished Load Kernel Module configfs.
[  OK  ] Finished Load Kernel Module configfs.
[   12.630974] systemd[1]: modprobe@drm.service: Deactivated successfully.
[   12.655352] systemd[1]: Finished Load Kernel Module drm.
[  OK  ] Finished Load Kernel Module drm.
[   12.695721] systemd[1]: modprobe@fuse.service: Deactivated successfully.
[   12.715241] systemd[1]: Finished Load Kernel Module fuse.
[  OK  ] Finished Load Kernel Module fuse.
[   12.740739] systemd[1]: systemd-modules-load.service: Main process exited, code=exited, status=1/FAILURE
[   12.764350] systemd[1]: systemd-modules-load.service: Failed with result 'exit-code'.
[   12.793698] systemd[1]: Failed to start Load Kernel Modules.
[FAILED] Failed to start Load Kernel Modules.
See 'systemctl status systemd-modules-load.service' for details.
[   12.855624] systemd[1]: Finished Generate network units from Kernel command line.
[  OK  ] Finished Generate network units from Kernel command line.
[   12.899661] systemd[1]: FUSE Control File System was skipped because of a failed condition check (ConditionPathExists=/sys/fs/fuse/connections).
[   12.961685] EXT4-fs (mmcblk1p2): re-mounted. Quota mode: none.
[   12.980149] systemd[1]: Mounting Kernel Configuration File System...
         Mounting Kernel Configuration File System...
[   13.099906] systemd[1]: Starting Apply Kernel Variables...
         Starting Apply Kernel Variables...
[   13.156828] systemd[1]: Finished Remount Root and Kernel File Systems.
[  OK  ] Finished Remount Root and Kernel File Systems.
[   13.192392] systemd[1]: Mounted Kernel Configuration File System.
[  OK  ] Mounted Kernel Configuration File System.
[   13.226138] systemd[1]: Rebuild Hardware Database was skipped because of a failed condition check (ConditionNeedsUpdate=/etc).
[   13.243331] systemd[1]: Platform Persistent Storage Archival was skipped because of a failed condition check (ConditionDirectoryNotEmpty=/sys/fs/pstore).
[   13.266348] systemd[1]: Create System Users was skipped because of a failed condition check (ConditionNeedsUpdate=/etc).
[   13.345104] systemd[1]: Starting Create Static Device Nodes in /dev...
         Starting Create Static Device Nodes in /dev...
[   13.470554] systemd[1]: Finished Apply Kernel Variables.
[  OK  ] Finished Apply Kernel Variables.
[   13.579632] systemd[1]: Started Journal Service.
[  OK  ] Started Journal Service.
         Starting Flush Journal to Persistent Storage...
[  OK  ] Finished Create Static Device Nodes in /dev.
[  OK  ] Reached target Preparation for Local File Systems.
[   13.868847] systemd-journald[152]: Received client request to flush runtime journal.
         Mounting /media/ram...
         Mounting /var/volatile...
[   14.056078] audit: type=1334 audit(1651167750.864:2): prog-id=5 op=LOAD
[   14.064759] audit: type=1334 audit(1651167750.872:3): prog-id=6 op=LOAD
         Starting Rule-based Managefor Device Events and Files...
[  OK  ] Finished Flush Journal to Persistent Storage.
[  OK  ] Mounted /media/ram.
[  OK  ] Mounted /var/volatile.
         Starting Load/Save Random Seed...
[  OK  ] Reached target Local File Systems.
         Starting Create Volatile Files and Directories...
[  OK  ] Started Rule-based Manager for Device Events and Files.
[  OK  ] Finished Create Volatile Files and Directories.
         Starting Network Time Synchronization...
         Starting Record System Boot/Shutdown in UTMP...
[  OK  ] Finished Record System Boot/Shutdown in UTMP.
[   16.014670] random: crng init done
[  OK  ] Finished Load/Save Random Seed.
[  OK  ] Started Network Time Synchronization.
[  OK  ] Reached target System Time Set.
[*     ] (1 of 2) A start job is running forg All udev Devices (8s / no limit)
[**    ] (1 of 2) A start job is running forg All udev Devices (9s / no limit)
[***   ] (1 of 2) A start job is running for All udev Devices (10s / no limit)
[ ***  ] (2 of 2) A start job is running for /dev/ttyS2 (10s / 1min 30s)
[  OK  ] Finished Coldplug All udev Devices.
[  OK  ] Reached target System Initialization.
[  OK  ] Started Daily Cleanup of Temporary Directories.
[  OK  ] Reached target Timer Units.
[  OK  ] Listening on Avahi mDNS/DNS-SD Stack Activation Socket.
[  OK  ] Listening on D-Bus System Message Bus Socket.
         Starting Docker Socket for the API...
[  OK  ] Listening on dropbear.socket.
         Starting D-Bus System Message Bus...
[  OK  ] Listening on Docker Socket for the API.
[  OK  ] Reached target Socket Units.
[  OK  ] Started D-Bus System Message Bus.
[  OK  ] Reached target Basic System.
         Starting Print notice about GPLv3 packages...
         Starting IPv6 Packet Filtering Framework...
         Starting IPv4 Packet Filtering Framework...
[   22.129570] audit: type=1334 audit(1651374611.104:4): prog-id=7 op=LOAD
[   22.142942] audit: type=1334 audit(1651374611.116:5): prog-id=8 op=LOAD
         Starting User Login Management...
[  OK  ] Started TEE Supplicant.
         Starting telnetd.service...
[  OK  ] Finished IPv6 Packet Filtering Framework.
[  OK  ] Finished IPv4 Packet Filtering Framework.
[  OK  ] Reached target Preparation for Network.
         Starting Network Configuration...
[  OK  ] Started telnetd.service.
         Starting LSB: Expand Rootfs of boot device...
[  OK  ] Started User Login Management.
[  OK  ] Started Network Configuration.
         Starting Wait for Network to be Configured...
         Starting Network Name Resolution...
[  OK  ] Started LSB: Expand Rootfs of boot device.
[  OK  ] Finished Print notice about GPLv3 packages.
[  OK  ] Found device /dev/ttyS2.
[  OK  ] Started Network Name Resolution.
[  OK  ] Reached target Network.
[  OK  ] Reached target Host and Network Name Lookups.
         Starting Avahi mDNS/DNS-SD Stack...
         Starting containerd container runtime...
[  OK  ] Started Netperf Benchmark Server.
[  OK  ] Started NFS status monitor for NFSv2/3 locking..
         Starting Permit User Sessions...
[  OK  ] Started Avahi mDNS/DNS-SD Stack.
[  OK  ] Finished Permit User Sessions.
[  OK  ] Started Getty on tty1.
[  OK  ] Started Serial Getty on ttyS2.
[  OK  ] Reached target Login Prompts.
         Starting Synchronize System and HW clocks...
[FAILED] Failed to start Synchronize System and HW clocks.
See 'systemctl status sync-clocks.service' for details.
[   30.470288] am65-cpsw-nuss 8000000.ethernet eth1: PHY [mdio_mux-0.1:03] driver [TI DP83869] (irq=POLL)
[   30.492268] am65-cpsw-nuss 8000000.ethernet eth1: configuring for phy/rgmii-rxid link mode
[   31.148091] am65-cpsw-nuss 8000000.ethernet eth0: PHY [8000f00.mdio:00] driver [TI DP83867] (irq=POLL)
[   31.168337] am65-cpsw-nuss 8000000.ethernet eth0: configuring for phy/rgmii-rxid link mode

 _____                    _____           _         _   
|  _  |___ ___ ___ ___   |  _  |___ ___  |_|___ ___| |_ 
|     |  _| .'| . | . |  |   __|  _| . | | | -_|  _|  _|
|__|__|_| |__,|_  |___|  |__|  |_| |___|_| |___|___|_|  
              |___|                    |___|            

Arago Project am64xx-evm -

Arago 2023.04 am64xx-evm -

am64xx-evm login: [   35.644502] am65-cpsw-nuss 8000000.ethernet eth1: Link is Up - 1Gbps/Full - flow control rx/tx

am64xx-evm login: 
am64xx-evm login: root
[   55.596231] audit: type=1334 audit(1651374644.568:6): prog-id=9 op=LOAD
[   55.603435] audit: type=1334 audit(1651374644.576:7): prog-id=10 op=LOAD


[   56.782202] audit: type=1006 audit(1651374645.752:8): pid=524 uid=0 old-auid=4294967295 auid=0 tty=(none) old-ses=4294967295 ses=1 res=1
[   56.795405] audit: type=1300 audit(1651374645.752:8): arch=c00000b7 syscall=64 success=yes exit=1 a0=8 a1=fffffe58a128 a2=1 a3=ffff83812020 items=0 ppid=1 pid=524 auid=0 uid=0 gid=0 euid=0 suid=0 fsuid=0 egid=0 sgid=0 fsgid=0 tty=(none) ses=1 comm="(systemd)" exe="/lib/systemd/systemd" key=(null)
[   56.824748] audit: type=1327 audit(1651374645.752:8): proctitle="(systemd)"
[   56.959590] audit: type=1334 audit(1651374645.932:9): prog-id=11 op=LOAD
[   56.968348] audit: type=1300 audit(1651374645.932:9): arch=c00000b7 syscall=280 success=yes exit=8 a0=5 a1=ffffdbb11cb0 a2=78 a3=0 items=0 ppid=1 pid=524 auid=0 uid=0 gid=0 euid=0 suid=0 fsuid=0 egid=0 sgid=0 fsgid=0 tty=(none) ses=1 comm="systemd" exe="/lib/systemd/systemd" key=(null)
[   56.996187] audit: type=1327 audit(1651374645.932:9): proctitle="(systemd)"
[   57.005988] audit: type=1334 audit(1651374645.932:10): prog-id=11 op=UNLOAD
[   57.015188] audit: type=1334 audit(1651374645.932:11): prog-id=12 op=LOAD



root@am64xx-evm:~# 
root@am64xx-evm:~# 
root@am64xx-evm:~# 
root@am64xx-evm:~# dmesg
[    0.000000] Booting Linux on physical CPU 0x0000000000 [0x410fd034]
[    0.000000] Linux version 6.1.46Mirf-dirty (root@mir-VirtualBox) (aarch64-none-linux-gnu-gcc (Arm GNU Toolchain 11.3.Rel1) 11.3.1 20220712, GNU ld (Arm GNU Toolchain 11.3.Rel1) 2.38.20220708) #46 SMP PREEMPT Sat Apr  6 21:35:06 IST 2024
[    0.000000] Machine model: Texas Instruments AM642 EVM
[    0.000000] earlycon: ns16550a0 at MMIO32 0x0000000002800000 (options '')
[    0.000000] printk: bootconsole [ns16550a0] enabled
[    0.000000] efi: UEFI not found.
[    0.000000] Reserved memory: created DMA memory pool at 0x00000000a0000000, size 1 MiB
[    0.000000] OF: reserved mem: initialized node r5f-dma-memory@a0000000, compatible id shared-dma-pool
[    0.000000] Reserved memory: created DMA memory pool at 0x00000000a0100000, size 15 MiB
[    0.000000] OF: reserved mem: initialized node r5f-memory@a0100000, compatible id shared-dma-pool
[    0.000000] Reserved memory: created DMA memory pool at 0x00000000a1000000, size 1 MiB
[    0.000000] OF: reserved mem: initialized node r5f-dma-memory@a1000000, compatible id shared-dma-pool
[    0.000000] Reserved memory: created DMA memory pool at 0x00000000a1100000, size 15 MiB
[    0.000000] OF: reserved mem: initialized node r5f-memory@a1100000, compatible id shared-dma-pool
[    0.000000] Reserved memory: created DMA memory pool at 0x00000000a2000000, size 1 MiB
[    0.000000] OF: reserved mem: initialized node r5f-dma-memory@a2000000, compatible id shared-dma-pool
[    0.000000] Reserved memory: created DMA memory pool at 0x00000000a2100000, size 15 MiB
[    0.000000] OF: reserved mem: initialized node r5f-memory@a2100000, compatible id shared-dma-pool
[    0.000000] Reserved memory: created DMA memory pool at 0x00000000a3000000, size 1 MiB
[    0.000000] OF: reserved mem: initialized node r5f-dma-memory@a3000000, compatible id shared-dma-pool
[    0.000000] Reserved memory: created DMA memory pool at 0x00000000a3100000, size 15 MiB
[    0.000000] OF: reserved mem: initialized node r5f-memory@a3100000, compatible id shared-dma-pool
[    0.000000] Reserved memory: created DMA memory pool at 0x00000000a4000000, size 1 MiB
[    0.000000] OF: reserved mem: initialized node m4f-dma-memory@a4000000, compatible id shared-dma-pool
[    0.000000] Reserved memory: created DMA memory pool at 0x00000000a4100000, size 15 MiB
[    0.000000] OF: reserved mem: initialized node m4f-memory@a4100000, compatible id shared-dma-pool
[    0.000000] NUMA: No NUMA configuration found
[    0.000000] NUMA: Faking a node at [mem 0x0000000080000000-0x00000000ffffffff]
[    0.000000] NUMA: NODE_DATA [mem 0xffbe9400-0xffbebfff]
[    0.000000] Zone ranges:
[    0.000000]   DMA      [mem 0x0000000080000000-0x00000000ffffffff]
[    0.000000]   DMA32    empty
[    0.000000]   Normal   empty
[    0.000000] Movable zone start for each node
[    0.000000] Early memory node ranges
[    0.000000]   node   0: [mem 0x0000000080000000-0x000000009e7fffff]
[    0.000000]   node   0: [mem 0x000000009e800000-0x00000000a57fffff]
[    0.000000]   node   0: [mem 0x00000000a5800000-0x00000000ffffffff]
[    0.000000] Initmem setup node 0 [mem 0x0000000080000000-0x00000000ffffffff]
[    0.000000] cma: Reserved 32 MiB at 0x00000000fba00000
[    0.000000] psci: probing for conduit method from DT.
[    0.000000] psci: PSCIv1.1 detected in firmware.
[    0.000000] psci: Using standard PSCI v0.2 function IDs
[    0.000000] psci: Trusted OS migration not required
[    0.000000] psci: SMC Calling Convention v1.2
[    0.000000] percpu: Embedded 494 pages/cpu s1986472 r8192 d28760 u2023424
[    0.000000] pcpu-alloc: s1986472 r8192 d28760 u2023424 alloc=494*4096
[    0.000000] pcpu-alloc: [0] 0 [0] 1 
[    0.000000] Detected VIPT I-cache on CPU0
[    0.000000] CPU features: detected: GIC system register CPU interface
[    0.000000] CPU features: detected: ARM erratum 845719
[    0.000000] alternatives: applying boot alternatives
[    0.000000] Fallback order for Node 0: 0 
[    0.000000] Built 1 zonelists, mobility grouping on.  Total pages: 516096
[    0.000000] Policy zone: DMA
[    0.000000] Kernel command line: console=ttyS2,115200n8 earlycon=ns16550a,mmio32,0x02800000 root=PARTUUID=717e1cd2-02 rw rootfstype=ext4 rootwait
[    0.000000] Dentry cache hash table entries: 262144 (order: 9, 2097152 bytes, linear)
[    0.000000] Inode-cache hash table entries: 131072 (order: 8, 1048576 bytes, linear)
[    0.000000] mem auto-init: stack:off, heap alloc:off, heap free:off
[    0.000000] Memory: 1847932K/2097152K available (19072K kernel code, 5236K rwdata, 10764K rodata, 10624K init, 11873K bss, 216452K reserved, 32768K cma-reserved)
[    0.000000] SLUB: HWalign=64, Order=0-3, MinObjects=0, CPUs=2, Nodes=1
[    0.000000] trace event string verifier disabled
[    0.000000] Running RCU self tests
[    0.000000] rcu: Preemptible hierarchical RCU implementation.
[    0.000000] rcu: 	RCU event tracing is enabled.
[    0.000000] rcu: 	RCU lockdep checking is enabled.
[    0.000000] rcu: 	RCU restricting CPUs from NR_CPUS=256 to nr_cpu_ids=2.
[    0.000000] 	Trampoline variant of Tasks RCU enabled.
[    0.000000] 	Tracing variant of Tasks RCU enabled.
[    0.000000] rcu: RCU calculated value of scheduler-enlistment delay is 25 jiffies.
[    0.000000] rcu: Adjusting geometry for rcu_fanout_leaf=16, nr_cpu_ids=2
[    0.000000] NR_IRQS: 64, nr_irqs: 64, preallocated irqs: 0
[    0.000000] GICv3: GIC: Using split EOI/Deactivate mode
[    0.000000] GICv3: 256 SPIs implemented
[    0.000000] GICv3: 0 Extended SPIs implemented
[    0.000000] Root IRQ handler: gic_handle_irq
[    0.000000] GICv3: GICv3 features: 16 PPIs
[    0.000000] GICv3: CPU0: found redistributor 0 region 0:0x0000000001840000
[    0.000000] ITS [mem 0x01820000-0x0182ffff]
[    0.000000] GIC: enabling workaround for ITS: Socionext Synquacer pre-ITS
[    0.000000] ITS@0x0000000001820000: Devices Table too large, reduce ids 20->19
[    0.000000] ITS@0x0000000001820000: allocated 524288 Devices @80800000 (flat, esz 8, psz 64K, shr 0)
[    0.000000] ITS: using cache flushing for cmd queue
[    0.000000] GICv3: using LPI property table @0x00000000800d0000
[    0.000000] GIC: using cache flushing for LPI property table
[    0.000000] GICv3: CPU0: using allocated LPI pending table @0x00000000800e0000
[    0.000000] rcu: srcu_init: Setting srcu_struct sizes based on contention.
[    0.000000] arch_timer: cp15 timer(s) running at 200.00MHz (phys).
[    0.000000] clocksource: arch_sys_counter: mask: 0x3ffffffffffffff max_cycles: 0x2e2049d3e8, max_idle_ns: 440795210634 ns
[    0.000001] sched_clock: 58 bits at 200MHz, resolution 5ns, wraps every 4398046511102ns
[    0.010668] Console: colour dummy device 80x25
[    0.015337] Lock dependency validator: Copyright (c) 2006 Red Hat, Inc., Ingo Molnar
[    0.023307] ... MAX_LOCKDEP_SUBCLASSES:  8
[    0.027545] ... MAX_LOCK_DEPTH:          48
[    0.031870] ... MAX_LOCKDEP_KEYS:        8192
[    0.036374] ... CLASSHASH_SIZE:          4096
[    0.040878] ... MAX_LOCKDEP_ENTRIES:     32768
[    0.045470] ... MAX_LOCKDEP_CHAINS:      65536
[    0.050062] ... CHAINHASH_SIZE:          32768
[    0.054655]  memory used by lock dependency info: 6877 kB
[    0.060225]  memory used for stack traces: 4224 kB
[    0.065174]  per task-struct memory footprint: 2688 bytes
[    0.070742] ------------------------
[    0.074407] | Locking API testsuite:
[    0.078108] ----------------------------------------------------------------------------
[    0.086429]                                  | spin |wlock |rlock |mutex | wsem | rsem |rtmutex
[    0.095371]   --------------------------------------------------------------------------
[    0.103704]                      A-A deadlock:  ok  |  ok  |  ok  |  ok  |  ok  |  ok  |  ok  |
[    0.129235]                  A-B-B-A deadlock:  ok  |  ok  |  ok  |  ok  |  ok  |  ok  |  ok  |
[    0.156416]              A-B-B-C-C-A deadlock:  ok  |  ok  |  ok  |  ok  |  ok  |  ok  |  ok  |
[    0.185100]              A-B-C-A-B-C deadlock:  ok  |  ok  |  ok  |  ok  |  ok  |  ok  |  ok  |
[    0.213766]          A-B-B-C-C-D-D-A deadlock:  ok  |  ok  |  ok  |  ok  |  ok  |  ok  |  ok  |
[    0.243838]          A-B-C-D-B-D-D-A deadlock:  ok  |  ok  |  ok  |  ok  |  ok  |  ok  |  ok  |
[    0.273930]          A-B-C-D-B-C-D-A deadlock:  ok  |  ok  |  ok  |  ok  |  ok  |  ok  |  ok  |
[    0.304021]                     double unlock:  ok  |  ok  |  ok  |  ok  |  ok  |  ok  |  ok  |
[    0.329565]                   initialize held:  ok  |  ok  |  ok  |  ok  |  ok  |  ok  |  ok  |
[    0.354372]   --------------------------------------------------------------------------
[    0.362721]               recursive read-lock:             |  ok  |             |  ok  |
[    0.376096]            recursive read-lock #2:             |  ok  |             |  ok  |
[    0.389246]             mixed read-write-lock:             |  ok  |             |  ok  |
[    0.402396]             mixed write-read-lock:             |  ok  |             |  ok  |
[    0.415554]   mixed read-lock/lock-write ABBA:             |  ok  |             |  ok  |
[    0.420790]    mixed read-lock/lock-read ABBA:             |  ok  |             |  ok  |
[    0.434392]  mixed write-lock/lock-write ABBA:             |  ok  |             |  ok  |
[    0.447974]   chain cached mixed R-L/L-W ABBA:             |  ok  |
[    0.458899]          rlock W1R2/W2R3/W3R1/123:             |  ok  |
[    0.474871]          rlock W1R2/W2R3/W3R1/132:             |  ok  |
[    0.484244]          rlock W1R2/W2R3/W3R1/213:             |  ok  |
[    0.493628]          rlock W1R2/W2R3/W3R1/231:             |  ok  |
[    0.502998]          rlock W1R2/W2R3/W3R1/312:             |  ok  |
[    0.512373]          rlock W1R2/W2R3/W3R1/321:             |  ok  |
[    0.521737]          rlock W1W2/R2R3/W3R1/123:             |  ok  |
[    0.531111]          rlock W1W2/R2R3/W3R1/132:             |  ok  |
[    0.540488]          rlock W1W2/R2R3/W3R1/213:             |  ok  |
[    0.549851]          rlock W1W2/R2R3/W3R1/231:             |  ok  |
[    0.559220]          rlock W1W2/R2R3/W3R1/312:             |  ok  |
[    0.568596]          rlock W1W2/R2R3/W3R1/321:             |  ok  |
[    0.577974]          rlock W1W2/R2R3/R3W1/123:             |  ok  |
[    0.587355]          rlock W1W2/R2R3/R3W1/132:             |  ok  |
[    0.596721]          rlock W1W2/R2R3/R3W1/213:             |  ok  |
[    0.606105]          rlock W1W2/R2R3/R3W1/231:             |  ok  |
[    0.615480]          rlock W1W2/R2R3/R3W1/312:             |  ok  |
[    0.624868]          rlock W1W2/R2R3/R3W1/321:             |  ok  |
[    0.634244]          rlock W1R2/R2R3/W3W1/123:             |  ok  |
[    0.643629]          rlock W1R2/R2R3/W3W1/132:             |  ok  |
[    0.653016]          rlock W1R2/R2R3/W3W1/213:             |  ok  |
[    0.662403]          rlock W1R2/R2R3/W3W1/231:             |  ok  |
[    0.671787]          rlock W1R2/R2R3/W3W1/312:             |  ok  |
[    0.681168]          rlock W1R2/R2R3/W3W1/321:             |  ok  |
[    0.690546]   --------------------------------------------------------------------------
[    0.698889]      hard-irqs-on + irq-safe-A/12:  ok  |  ok  |  ok  |
[    0.712531]      soft-irqs-on + irq-safe-A/12:  ok  |  ok  |  ok  |
[    0.726167]      hard-irqs-on + irq-safe-A/21:  ok  |  ok  |  ok  |
[    0.739800]      soft-irqs-on + irq-safe-A/21:  ok  |  ok  |  ok  |
[    0.753432]        sirq-safe-A => hirqs-on/12:  ok  |  ok  |  ok  |
[    0.767063]        sirq-safe-A => hirqs-on/21:  ok  |  ok  |  ok  |
[    0.780700]          hard-safe-A + irqs-on/12:  ok  |  ok  |  ok  |
[    0.794332]          soft-safe-A + irqs-on/12:  ok  |  ok  |  ok  |
[    0.807981]          hard-safe-A + irqs-on/21:  ok  |  ok  |  ok  |
[    0.821612]          soft-safe-A + irqs-on/21:  ok  |  ok  |  ok  |
[    0.835241]     hard-safe-A + unsafe-B #1/123:  ok  |  ok  |  ok  |
[    0.849545]     soft-safe-A + unsafe-B #1/123:  ok  |  ok  |  ok  |
[    0.863896]     hard-safe-A + unsafe-B #1/132:  ok  |  ok  |  ok  |
[    0.878227]     soft-safe-A + unsafe-B #1/132:  ok  |  ok  |  ok  |
[    0.892562]     hard-safe-A + unsafe-B #1/213:  ok  |  ok  |  ok  |
[    0.906886]     soft-safe-A + unsafe-B #1/213:  ok  |  ok  |  ok  |
[    0.921242]     hard-safe-A + unsafe-B #1/231:  ok  |  ok  |  ok  |
[    0.935553]     soft-safe-A + unsafe-B #1/231:  ok  |  ok  |  ok  |
[    0.949893]     hard-safe-A + unsafe-B #1/312:  ok  |  ok  |  ok  |
[    0.963752]     soft-safe-A + unsafe-B #1/312:  ok  |  ok  |  ok  |
[    0.977653]     hard-safe-A + unsafe-B #1/321:  ok  |  ok  |  ok  |
[    0.991974]     soft-safe-A + unsafe-B #1/321:  ok  |  ok  |  ok  |
[    1.006312]     hard-safe-A + unsafe-B #2/123:  ok  |  ok  |  ok  |
[    1.020661]     soft-safe-A + unsafe-B #2/123:  ok  |  ok  |  ok  |
[    1.035027]     hard-safe-A + unsafe-B #2/132:  ok  |  ok  |  ok  |
[    1.049359]     soft-safe-A + unsafe-B #2/132:  ok  |  ok  |  ok  |
[    1.063720]     hard-safe-A + unsafe-B #2/213:  ok  |  ok  |  ok  |
[    1.078069]     soft-safe-A + unsafe-B #2/213:  ok  |  ok  |  ok  |
[    1.092425]     hard-safe-A + unsafe-B #2/231:  ok  |  ok  |  ok  |
[    1.106753]     soft-safe-A + unsafe-B #2/231:  ok  |  ok  |  ok  |
[    1.121092]     hard-safe-A + unsafe-B #2/312:  ok  |  ok  |  ok  |
[    1.135434]     soft-safe-A + unsafe-B #2/312:  ok  |  ok  |  ok  |
[    1.149805]     hard-safe-A + unsafe-B #2/321:  ok  |  ok  |  ok  |
[    1.164141]     soft-safe-A + unsafe-B #2/321:  ok  |  ok  |  ok  |
[    1.178477]       hard-irq lock-inversion/123:  ok  |  ok  |  ok  |
[    1.192820]       soft-irq lock-inversion/123:  ok  |  ok  |  ok  |
[    1.207197]       hard-irq lock-inversion/132:  ok  |  ok  |  ok  |
[    1.221564]       soft-irq lock-inversion/132:  ok  |  ok  |  ok  |
[    1.235931]       hard-irq lock-inversion/213:  ok  |  ok  |  ok  |
[    1.250279]       soft-irq lock-inversion/213:  ok  |  ok  |  ok  |
[    1.264636]       hard-irq lock-inversion/231:  ok  |  ok  |  ok  |
[    1.278989]       soft-irq lock-inversion/231:  ok  |  ok  |  ok  |
[    1.293345]       hard-irq lock-inversion/312:  ok  |  ok  |  ok  |
[    1.307702]       soft-irq lock-inversion/312:  ok  |  ok  |  ok  |
[    1.322089]       hard-irq lock-inversion/321:  ok  |  ok  |  ok  |
[    1.336428]       soft-irq lock-inversion/321:  ok  |  ok  |  ok  |
[    1.350785]       hard-irq read-recursion/123:      |  ok  |  ok  |
[    1.362290]       soft-irq read-recursion/123:      |  ok  |  ok  |
[    1.373828]       hard-irq read-recursion/132:      |  ok  |  ok  |
[    1.385575]       soft-irq read-recursion/132:      |  ok  |  ok  |
[    1.397346]       hard-irq read-recursion/213:      |  ok  |  ok  |
[    1.408853]       soft-irq read-recursion/213:      |  ok  |  ok  |
[    1.420378]       hard-irq read-recursion/231:      |  ok  |  ok  |
[    1.431883]       soft-irq read-recursion/231:      |  ok  |  ok  |
[    1.443410]       hard-irq read-recursion/312:      |  ok  |  ok  |
[    1.455166]       soft-irq read-recursion/312:      |  ok  |  ok  |
[    1.466932]       hard-irq read-recursion/321:      |  ok  |  ok  |
[    1.478673]       soft-irq read-recursion/321:      |  ok  |  ok  |
[    1.490429]    hard-irq read-recursion #2/123:      |  ok  |  ok  |
[    1.502165]    soft-irq read-recursion #2/123:      |  ok  |  ok  |
[    1.513934]    hard-irq read-recursion #2/132:      |  ok  |  ok  |
[    1.525669]    soft-irq read-recursion #2/132:      |  ok  |  ok  |
[    1.537427]    hard-irq read-recursion #2/213:      |  ok  |  ok  |
[    1.549179]    soft-irq read-recursion #2/213:      |  ok  |  ok  |
[    1.560934]    hard-irq read-recursion #2/231:      |  ok  |  ok  |
[    1.572667]    soft-irq read-recursion #2/231:      |  ok  |  ok  |
[    1.584433]    hard-irq read-recursion #2/312:      |  ok  |  ok  |
[    1.596181]    soft-irq read-recursion #2/312:      |  ok  |  ok  |
[    1.607943]    hard-irq read-recursion #2/321:      |  ok  |  ok  |
[    1.619690]    soft-irq read-recursion #2/321:      |  ok  |  ok  |
[    1.631445]    hard-irq read-recursion #3/123:      |  ok  |  ok  |
[    1.643170]    soft-irq read-recursion #3/123:      |  ok  |  ok  |
[    1.654935]    hard-irq read-recursion #3/132:      |  ok  |  ok  |
[    1.666688]    soft-irq read-recursion #3/132:      |  ok  |  ok  |
[    1.678462]    hard-irq read-recursion #3/213:      |  ok  |  ok  |
[    1.690208]    soft-irq read-recursion #3/213:      |  ok  |  ok  |
[    1.701977]    hard-irq read-recursion #3/231:      |  ok  |  ok  |
[    1.713715]    soft-irq read-recursion #3/231:      |  ok  |  ok  |
[    1.725482]    hard-irq read-recursion #3/312:      |  ok  |  ok  |
[    1.737234]    soft-irq read-recursion #3/312:      |  ok  |  ok  |
[    1.749013]    hard-irq read-recursion #3/321:      |  ok  |  ok  |
[    1.760752]    soft-irq read-recursion #3/321:      |  ok  |  ok  |
[    1.772511]   --------------------------------------------------------------------------
[    1.780842]   | Wound/wait tests |
[    1.784327]   ---------------------
[    1.787942]                   ww api failures:  ok  |  ok  |  ok  |
[    1.802114]                ww contexts mixing:  ok  |  ok  |
[    1.812949]              finishing ww context:  ok  |  ok  |  ok  |  ok  |
[    1.830009]                locking mismatches:  ok  |  ok  |  ok  |
[    1.844125]                  EDEADLK handling:  ok  |  ok  |  ok  |  ok  |  ok  |  ok  |  ok  |  ok  |  ok  |  ok  |
[    1.881479]            spinlock nest unlocked:  ok  |
[    1.889096]                spinlock nest test:  ok  |
[    1.897196]   -----------------------------------------------------
[    1.903670]                                  |block | try  |context|
[    1.910218]   -----------------------------------------------------
[    1.916674]                           context:  ok  |  ok  |  ok  |
[    1.931074]                               try:  ok  |  ok  |  ok  |
[    1.944979]                             block:  ok  |  ok  |  ok  |
[    1.958862]                          spinlock:  ok  |  ok  |  ok  |
[    1.973531]   --------------------------------------------------------------------------
[    1.981873]   | queued read lock tests |
[    1.985935]   ---------------------------
[    1.990083]       hardirq read-lock/lock-read:  ok  |
[    1.997975]       hardirq lock-read/read-lock:  ok  |
[    2.005900]                 hardirq inversion:  ok  |
[    2.013805]   --------------------
[    2.017308]   | fs_reclaim tests |
[    2.020842]   --------------------
[    2.024329]                   correct nesting:  ok  |
[    2.031755]                     wrong nesting:  ok  |
[    2.039047]                 protected nesting:  ok  |
[    2.046343]   --------------------------------------------------------------------------
[    2.054663]   | local_lock tests |
[    2.058150]   ---------------------
[    2.061763]           local_lock inversion  2:  ok  |
[    2.069614]           local_lock inversion 3A:  ok  |
[    2.077737]           local_lock inversion 3B:  ok  |
[    2.085856]       hardirq_unsafe_softirq_safe:  ok  |
[    2.094411] -------------------------------------------------------
[    2.100892] Good, all 358 testcases passed! |
[    2.105398] ---------------------------------
[    2.110242] Calibrating delay loop (skipped), value calculated using timer frequency.. 400.00 BogoMIPS (lpj=800000)
[    2.120991] pid_max: default: 32768 minimum: 301
[    2.126051] LSM: Security Framework initializing
[    2.131226] Mount-cache hash table entries: 4096 (order: 3, 32768 bytes, linear)
[    2.138873] Mountpoint-cache hash table entries: 4096 (order: 3, 32768 bytes, linear)
[    2.157026] cblist_init_generic: Setting adjustable number of callback queues.
[    2.164602] cblist_init_generic: Setting shift to 1 and lim to 1.
[    2.171433] cblist_init_generic: Setting adjustable number of callback queues.
[    2.178967] cblist_init_generic: Setting shift to 1 and lim to 1.
[    2.185718] Running RCU-tasks wait API self tests
[    2.296822] rcu: Hierarchical SRCU implementation.
[    2.301867] rcu: 	Max phase no-delay instances is 1000.
[    2.307457] Callback from call_rcu_tasks_trace() invoked.
[    2.314961] Platform MSI: msi-controller@1820000 domain created
[    2.321785] PCI/MSI: /bus@f4000/interrupt-controller@1800000/msi-controller@1820000 domain created
[    2.331702] fsl-mc MSI: msi-controller@1820000 domain created
[    2.340732] EFI services will not be available.
[    2.346804] smp: Bringing up secondary CPUs ...
[    2.363716] Detected VIPT I-cache on CPU1
[    2.363970] GICv3: CPU1: found redistributor 1 region 0:0x0000000001860000
[    2.363997] GICv3: CPU1: using allocated LPI pending table @0x00000000800f0000
[    2.364125] CPU1: Booted secondary processor 0x0000000001 [0x410fd034]
[    2.365090] smp: Brought up 1 node, 2 CPUs
[    2.394803] SMP: Total of 2 processors activated.
[    2.399682] CPU features: detected: 32-bit EL0 Support
[    2.405101] CPU features: detected: 32-bit EL1 Support
[    2.410437] CPU features: detected: CRC32 instructions
[    2.415999] CPU: All CPU(s) started at EL2
[    2.420288] alternatives: applying system-wide alternatives
[    2.431989] devtmpfs: initialized
[    2.526807] clocksource: jiffies: mask: 0xffffffff max_cycles: 0xffffffff, max_idle_ns: 7645041785100000 ns
[    2.536930] futex hash table entries: 512 (order: 4, 65536 bytes, linear)
[    2.546775] pinctrl core: initialized pinctrl subsystem
[    2.561701] DMI not present or invalid.
[    2.568455] NET: Registered PF_NETLINK/PF_ROUTE protocol family
[    2.575177] Callback from call_rcu_tasks() invoked.
[    2.585613] DMA: preallocated 256 KiB GFP_KERNEL pool for atomic allocations
[    2.593488] DMA: preallocated 256 KiB GFP_KERNEL|GFP_DMA pool for atomic allocations
[    2.602230] DMA: preallocated 256 KiB GFP_KERNEL|GFP_DMA32 pool for atomic allocations
[    2.610846] audit: initializing netlink subsys (disabled)
[    2.617466] audit: type=2000 audit(1.616:1): state=initialized audit_enabled=0 res=1
[    2.623860] thermal_sys: Registered thermal governor 'step_wise'
[    2.625432] thermal_sys: Registered thermal governor 'power_allocator'
[    2.632144] cpuidle: using governor menu
[    2.643967] hw-breakpoint: found 6 breakpoint and 4 watchpoint registers.
[    2.651235] ASID allocator initialised with 65536 entries
[    2.666053] Serial: AMBA PL011 UART driver
[    2.851019] KASLR disabled due to lack of seed
[    2.925585] HugeTLB: registered 1.00 GiB page size, pre-allocated 0 pages
[    2.932931] HugeTLB: 0 KiB vmemmap can be freed for a 1.00 GiB page
[    2.939449] HugeTLB: registered 32.0 MiB page size, pre-allocated 0 pages
[    2.946431] HugeTLB: 0 KiB vmemmap can be freed for a 32.0 MiB page
[    2.952895] HugeTLB: registered 2.00 MiB page size, pre-allocated 0 pages
[    2.959873] HugeTLB: 0 KiB vmemmap can be freed for a 2.00 MiB page
[    2.966326] HugeTLB: registered 64.0 KiB page size, pre-allocated 0 pages
[    2.973303] HugeTLB: 0 KiB vmemmap can be freed for a 64.0 KiB page
[    2.994138] ACPI: Interpreter disabled.
[    3.013736] k3-chipinfo 43000014.chipid: Family:AM64X rev:SR2.0 JTAGID[0x1bb3802f] Detected
[    3.036047] iommu: Default domain type: Translated 
[    3.041147] iommu: DMA domain TLB invalidation policy: strict mode 
[    3.050194] SCSI subsystem initialized
[    3.055313] libata version 3.00 loaded.
[    3.056990] usbcore: registered new interface driver usbfs
[    3.063215] usbcore: registered new interface driver hub
[    3.068944] usbcore: registered new device driver usb
[    3.080332] pps_core: LinuxPPS API ver. 1 registered
[    3.085479] pps_core: Software ver. 5.3.6 - Copyright 2005-2007 Rodolfo Giometti <giometti@linux.it>
[    3.094927] PTP clock support registered
[    3.099853] EDAC MC: Ver: 3.0.0
[    3.113137] omap-mailbox 29020000.mailbox: omap mailbox rev 0x66fc9100
[    3.121911] omap-mailbox 29040000.mailbox: omap mailbox rev 0x66fc9100
[    3.130130] omap-mailbox 29060000.mailbox: omap mailbox rev 0x66fc9100
[    3.142879] FPGA manager framework
[    3.147311] Advanced Linux Sound Architecture Driver Initialized.
[    3.159942] vgaarb: loaded
[    3.165191] clocksource: Switched to clocksource arch_sys_counter
[    3.175232] VFS: Disk quotas dquot_6.6.0
[    3.179637] VFS: Dquot-cache hash table entries: 512 (order 0, 4096 bytes)
[    3.188448] pnp: PnP ACPI: disabled
[    3.239329] NET: Registered PF_INET protocol family
[    3.245417] IP idents hash table entries: 32768 (order: 6, 262144 bytes, linear)
[    3.257638] tcp_listen_portaddr_hash hash table entries: 1024 (order: 4, 81920 bytes, linear)
[    3.267338] Table-perturb hash table entries: 65536 (order: 6, 262144 bytes, linear)
[    3.275416] TCP established hash table entries: 16384 (order: 5, 131072 bytes, linear)
[    3.285322] TCP bind hash table entries: 16384 (order: 9, 2621440 bytes, linear)
[    3.297942] TCP: Hash tables configured (established 16384 bind 16384)
[    3.305649] UDP hash table entries: 1024 (order: 5, 196608 bytes, linear)
[    3.313118] UDP-Lite hash table entries: 1024 (order: 5, 196608 bytes, linear)
[    3.321635] NET: Registered PF_UNIX/PF_LOCAL protocol family
[    3.330556] RPC: Registered named UNIX socket transport module.
[    3.336828] RPC: Registered udp transport module.
[    3.341695] RPC: Registered tcp transport module.
[    3.346550] RPC: Registered tcp NFSv4.1 backchannel transport module.
[    3.353216] NET: Registered PF_XDP protocol family
[    3.358211] PCI: CLS 0 bytes, default 64
[    3.367189] hw perfevents: enabled with armv8_cortex_a53 PMU driver, 7 counters available
[    3.377430] kvm [1]: IPA Size Limit: 40 bits
[    3.401716] kvm [1]: vgic-v2@100020000
[    3.405688] kvm [1]: GIC system register CPU interface enabled
[    3.412053] kvm [1]: vgic interrupt IRQ9
[    3.416410] kvm [1]: Hyp mode initialized successfully
[    3.431290] Initialise system trusted keyrings
[    3.437488] workingset: timestamp_bits=42 max_order=19 bucket_order=0
[    3.520326] squashfs: version 4.0 (2009/01/31) Phillip Lougher
[    3.532156] NFS: Registering the id_resolver key type
[    3.537843] Key type id_resolver registered
[    3.542215] Key type id_legacy registered
[    3.547260] nfs4filelayout_init: NFSv4 File Layout Driver Registering...
[    3.554348] nfs4flexfilelayout_init: NFSv4 Flexfile Layout Driver Registering...
[    3.563047] 9p: Installing v9fs 9p2000 file system support
[    3.614413] Key type asymmetric registered
[    3.618844] Asymmetric key parser 'x509' registered
[    3.624267] Block layer SCSI generic (bsg) driver version 0.4 loaded (major 244)
[    3.633265] io scheduler mq-deadline registered
[    3.637981] io scheduler kyber registered
[    3.710725] pinctrl-single 4084000.pinctrl: 33 pins, size 132
[    3.720416] pinctrl-single f4000.pinctrl: 180 pins, size 720
[    3.733702] pinctrl-single a40000.pinctrl: 512 pins, size 2048
[    3.800740] EINJ: ACPI disabled.
[    3.990135] Serial: 8250/16550 driver, 12 ports, IRQ sharing enabled
[    4.035853] SuperH (H)SCI(F) driver initialized
[    4.044716] msm_serial: driver initialized
[    4.114272] loop: module loaded
[    4.129781] megasas: 07.719.03.00-rc1
[    4.186654] tun: Universal TUN/TAP device driver, 1.6
[    4.198581] thunder_xcv, ver 1.0
[    4.202312] thunder_bgx, ver 1.0
[    4.205962] nicpf, ver 1.0
[    4.219687] hns3: Hisilicon Ethernet Network Driver for Hip08 Family - version
[    4.227174] hns3: Copyright (c) 2017 Huawei Corporation.
[    4.233438] hclge is initializing
[    4.236978] e1000: Intel(R) PRO/1000 Network Driver
[    4.242028] e1000: Copyright (c) 1999-2006 Intel Corporation.
[    4.248356] e1000e: Intel(R) PRO/1000 Network Driver
[    4.253504] e1000e: Copyright(c) 1999 - 2015 Intel Corporation.
[    4.259942] igb: Intel(R) Gigabit Ethernet Network Driver
[    4.265532] igb: Copyright (c) 2007-2014 Intel Corporation.
[    4.271565] igbvf: Intel(R) Gigabit Virtual Function Network Driver
[    4.278623] igbvf: Copyright (c) 2009 - 2012 Intel Corporation.
[    4.288030] sky2: driver version 1.30
[    4.301925] VFIO - User Level meta-driver version: 0.3
[    4.325292] usbcore: registered new interface driver usb-storage
[    4.355876] i2c_dev: i2c /dev entries driver
[    4.419091] sdhci: Secure Digital Host Controller Interface driver
[    4.425715] sdhci: Copyright(c) Pierre Ossman
[    4.437109] Synopsys Designware Multimedia Card Interface Driver
[    4.452105] sdhci-pltfm: SDHCI platform and OF driver helper
[    4.474227] ledtrig-cpu: registered to indicate activity on CPUs
[    4.493624] SMCCC: SOC_ID: ARCH_SOC_ID not implemented, skipping ....
[    4.505006] usbcore: registered new interface driver usbhid
[    4.510803] usbhid: USB HID core driver
[    4.551139] optee: probing for conduit method.
[    4.555887] optee: revision 3.20 (8e74d476)
[    4.574827] optee: dynamic shared memory is enabled
[    4.586112] optee: initialized driver
[    4.602817] DBG: In function - irq_detector_probe, Line - 902
[    4.609036] ------------[ cut here ]------------
[    4.613830] name 'CIRCULAR_QUEUE_NODES'
[    4.617863] WARNING: CPU: 1 PID: 1 at fs/proc/generic.c:712 remove_proc_entry+0x110/0x1a0
[    4.626250] Modules linked in:
[    4.629389] CPU: 1 PID: 1 Comm: swapper/0 Not tainted 6.1.46Mirf-dirty #46
[    4.636427] Hardware name: Texas Instruments AM642 EVM (DT)
[    4.642128] pstate: 60000005 (nZCv daif -PAN -UAO -TCO -DIT -SSBS BTYPE=--)
[    4.649255] pc : remove_proc_entry+0x110/0x1a0
[    4.653805] lr : remove_proc_entry+0x110/0x1a0
[    4.658356] sp : ffff80000b86bb20
[    4.661747] x29: ffff80000b86bb20 x28: 0000000000000000 x27: ffff800009d400c8
[    4.669075] x26: ffff800009e360a0 x25: 0000000000000070 x24: ffff800009c899f8
[    4.676401] x23: 0000000000000002 x22: ffff80000a890470 x21: ffff800009c89da0
[    4.683728] x20: ffff80000a890648 x19: 0000000000000000 x18: ffffffffffffffff
[    4.691054] x17: 000000000000001c x16: 00000000da3d86df x15: ffff80008b86b7e7
[    4.698381] x14: 0000000000000000 x13: ffff80000a7da6e0 x12: 0000000000000507
[    4.705708] x11: 00000000000001ad x10: ffff80000a8326e0 x9 : ffff80000a7da6e0
[    4.713036] x8 : 00000000ffffefff x7 : ffff80000a8326e0 x6 : 0000000000000000
[    4.720364] x5 : 000000000000bff4 x4 : 0000000000000000 x3 : 0000000000000000
[    4.727688] x2 : 0000000000000000 x1 : 0000000000000000 x0 : ffff000000168000
[    4.735015] Call trace:
[    4.737520]  remove_proc_entry+0x110/0x1a0
[    4.741718]  irq_detector_probe+0x25c/0x34c
[    4.746008]  platform_probe+0x68/0xe0
[    4.749765]  really_probe+0xbc/0x2dc
[    4.753432]  __driver_probe_device+0x78/0x114
[    4.757896]  driver_probe_device+0xd8/0x160
[    4.762184]  __driver_attach+0x9c/0x1b0
