am64xx-evm login: root
[   20.565412] audit: type=1334 audit(1651272930.740:6): prog-id=9 op=LOAD
[   20.572716] audit: type=1334 audit(1651272930.748:7): prog-id=10 op=LOAD


[   21.001916] audit: type=1006 audit(1651272931.176:8): pid=521 uid=0 old-auid=4294967295 auid=0 tty=(none) old-ses=4294967295 ses=1 res=1
[   21.014362] audit: type=1300 audit(1651272931.176:8): arch=c00000b7 syscall=64 success=yes exit=1 a0=8 a1=ffffca42f038 a2=1 a3=ffffa1c59020 items=0 ppid=1 pid=521 auid=0 uid=0 gid=0 euid=0 suid=0 fsuid=0 egid=0 sgid=0 fsgid=0 tty=(none) ses=1 comm="(systemd)" exe="/lib/systemd/systemd" key=(null)

[   21.040776] audit: type=1327 audit(1651272931.176:8): proctitle="(systemd)"
[   21.049027] audit: type=1334 audit(1651272931.216:9): prog-id=11 op=LOAD
[   21.057040] audit: type=1300 audit(1651272931.216:9): arch=c00000b7 syscall=280 success=yes exit=8 a0=5 a1=ffffd03d30c0 a2=78 a3=0 items=0 ppid=1 pid=521 auid=0 uid=0 gid=0 euid=0 suid=0 fsuid=0 egid=0 sgid=0 fsgid=0 tty=(none) ses=1 comm="systemd" exe="/lib/systemd/systemd" key=(null)
[   21.082999] audit: type=1327 audit(1651272931.216:9): proctitle="(systemd)"
[   21.091650] audit: type=1334 audit(1651272931.224:10): prog-id=11 op=UNLOAD
[   21.099644] audit: type=1334 audit(1651272931.224:11): prog-id=12 op=LOAD
root@am64xx-evm:~# dmesg
[    0.000000] Booting Linux on physical CPU 0x0000000000 [0x410fd034]
[    0.000000] Linux version 6.1.46Mirf-dirty (root@mir-VirtualBox) (aarch64-none-linux-gnu-gcc (Arm GNU Toolchain 11.3.Rel1) 11.3.1 20220712, GNU ld (Arm GNU Toolchain 11.3.Rel1) 2.38.20220708) #32 SMP PREEMPT Sun Mar 17 20:28:27 IST 2024
[    0.000000] Machine model: Texas Instruments AM642 EVM
[    0.000000] earlycon: ns16550a0 at MMIO32 0x0000000002800000 (options '')
[    0.000000] printk: bootconsole [ns16550a0] enabled
[    0.000000] efi: UEFI not found.
[    0.000000] Reserved memory: created DMA memory pool at 0x00000000a0000000, size 1 MiB
[    0.000000] OF: reserved mem: initialized node r5f-dma-memory@a0000000, compatible id shared-dma-pool
[    0.000000] Reserved memory: created DMA memory pool at 0x00000000a0100000, size 15 MiB
[    0.000000] OF: reserved mem: initialized node r5f-memory@a0100000, compatible id shared-dma-pool
[    0.000000] Reserved memory: created DMA memory pool at 0x00000000a1000000, size 1 MiB
[    0.000000] OF: reserved mem: initialized node r5f-dma-memory@a1000000, compatible id shared-dma-pool
[    0.000000] Reserved memory: created DMA memory pool at 0x00000000a1100000, size 15 MiB
[    0.000000] OF: reserved mem: initialized node r5f-memory@a1100000, compatible id shared-dma-pool
[    0.000000] Reserved memory: created DMA memory pool at 0x00000000a2000000, size 1 MiB
[    0.000000] OF: reserved mem: initialized node r5f-dma-memory@a2000000, compatible id shared-dma-pool
[    0.000000] Reserved memory: created DMA memory pool at 0x00000000a2100000, size 15 MiB
[    0.000000] OF: reserved mem: initialized node r5f-memory@a2100000, compatible id shared-dma-pool
[    0.000000] Reserved memory: created DMA memory pool at 0x00000000a3000000, size 1 MiB
[    0.000000] OF: reserved mem: initialized node r5f-dma-memory@a3000000, compatible id shared-dma-pool
[    0.000000] Reserved memory: created DMA memory pool at 0x00000000a3100000, size 15 MiB
[    0.000000] OF: reserved mem: initialized node r5f-memory@a3100000, compatible id shared-dma-pool
[    0.000000] Reserved memory: created DMA memory pool at 0x00000000a4000000, size 1 MiB
[    0.000000] OF: reserved mem: initialized node m4f-dma-memory@a4000000, compatible id shared-dma-pool
[    0.000000] Reserved memory: created DMA memory pool at 0x00000000a4100000, size 15 MiB
[    0.000000] OF: reserved mem: initialized node m4f-memory@a4100000, compatible id shared-dma-pool
[    0.000000] NUMA: No NUMA configuration found
[    0.000000] NUMA: Faking a node at [mem 0x0000000080000000-0x00000000ffffffff]
[    0.000000] NUMA: NODE_DATA [mem 0xffbf5a00-0xffbf7fff]
[    0.000000] Zone ranges:
[    0.000000]   DMA      [mem 0x0000000080000000-0x00000000ffffffff]
[    0.000000]   DMA32    empty
[    0.000000]   Normal   empty
[    0.000000] Movable zone start for each node
[    0.000000] Early memory node ranges
[    0.000000]   node   0: [mem 0x0000000080000000-0x000000009e7fffff]
[    0.000000]   node   0: [mem 0x000000009e800000-0x00000000a57fffff]
[    0.000000]   node   0: [mem 0x00000000a5800000-0x00000000ffffffff]
[    0.000000] Initmem setup node 0 [mem 0x0000000080000000-0x00000000ffffffff]
[    0.000000] cma: Reserved 32 MiB at 0x00000000fba00000
[    0.000000] psci: probing for conduit method from DT.
[    0.000000] psci: PSCIv1.1 detected in firmware.
[    0.000000] psci: Using standard PSCI v0.2 function IDs
[    0.000000] psci: Trusted OS migration not required
[    0.000000] psci: SMC Calling Convention v1.2
[    0.000000] percpu: Embedded 20 pages/cpu s44968 r8192 d28760 u81920
[    0.000000] pcpu-alloc: s44968 r8192 d28760 u81920 alloc=20*4096
[    0.000000] pcpu-alloc: [0] 0 [0] 1
[    0.000000] Detected VIPT I-cache on CPU0
[    0.000000] CPU features: detected: GIC system register CPU interface
[    0.000000] CPU features: detected: ARM erratum 845719
[    0.000000] alternatives: applying boot alternatives
[    0.000000] Fallback order for Node 0: 0
[    0.000000] Built 1 zonelists, mobility grouping on.  Total pages: 516096
[    0.000000] Policy zone: DMA
[    0.000000] Kernel command line: console=ttyS2,115200n8 earlycon=ns16550a,mmio32,0x02800000 root=PARTUUID=717e1cd2-02 rw rootfstype=ext4 rootwait
[    0.000000] Dentry cache hash table entries: 262144 (order: 9, 2097152 bytes, linear)
[    0.000000] Inode-cache hash table entries: 131072 (order: 8, 1048576 bytes, linear)
[    0.000000] mem auto-init: stack:off, heap alloc:off, heap free:off
[    0.000000] Memory: 1870716K/2097152K available (16896K kernel code, 3776K rwdata, 9680K rodata, 7616K init, 625K bss, 193668K reserved, 32768K cma-reserved)
[    0.000000] SLUB: HWalign=64, Order=0-3, MinObjects=0, CPUs=2, Nodes=1
[    0.000000] rcu: Preemptible hierarchical RCU implementation.
[    0.000000] rcu:     RCU event tracing is enabled.
[    0.000000] rcu:     RCU restricting CPUs from NR_CPUS=256 to nr_cpu_ids=2.
[    0.000000]  Trampoline variant of Tasks RCU enabled.
[    0.000000]  Tracing variant of Tasks RCU enabled.
[    0.000000] rcu: RCU calculated value of scheduler-enlistment delay is 25 jiffies.
[    0.000000] rcu: Adjusting geometry for rcu_fanout_leaf=16, nr_cpu_ids=2
[    0.000000] NR_IRQS: 64, nr_irqs: 64, preallocated irqs: 0
[    0.000000] GICv3: GIC: Using split EOI/Deactivate mode
[    0.000000] GICv3: 256 SPIs implemented
[    0.000000] GICv3: 0 Extended SPIs implemented
[    0.000000] Root IRQ handler: gic_handle_irq
[    0.000000] GICv3: GICv3 features: 16 PPIs
[    0.000000] GICv3: CPU0: found redistributor 0 region 0:0x0000000001840000
[    0.000000] ITS [mem 0x01820000-0x0182ffff]
[    0.000000] GIC: enabling workaround for ITS: Socionext Synquacer pre-ITS
[    0.000000] ITS@0x0000000001820000: Devices Table too large, reduce ids 20->19
[    0.000000] ITS@0x0000000001820000: allocated 524288 Devices @80800000 (flat, esz 8, psz 64K, shr 0)
[    0.000000] ITS: using cache flushing for cmd queue
[    0.000000] GICv3: using LPI property table @0x0000000080030000
[    0.000000] GIC: using cache flushing for LPI property table
[    0.000000] GICv3: CPU0: using allocated LPI pending table @0x0000000080040000
[    0.000000] rcu: srcu_init: Setting srcu_struct sizes based on contention.
[    0.000000] arch_timer: cp15 timer(s) running at 200.00MHz (phys).
[    0.000000] clocksource: arch_sys_counter: mask: 0x3ffffffffffffff max_cycles: 0x2e2049d3e8, max_idle_ns: 440795210634 ns
[    0.000001] sched_clock: 58 bits at 200MHz, resolution 5ns, wraps every 4398046511102ns
[    0.010166] Console: colour dummy device 80x25
[    0.014821] Calibrating delay loop (skipped), value calculated using timer frequency.. 400.00 BogoMIPS (lpj=800000)
[    0.025504] pid_max: default: 32768 minimum: 301
[    0.030288] LSM: Security Framework initializing
[    0.035143] Mount-cache hash table entries: 4096 (order: 3, 32768 bytes, linear)
[    0.042728] Mountpoint-cache hash table entries: 4096 (order: 3, 32768 bytes, linear)
[    0.052831] cblist_init_generic: Setting adjustable number of callback queues.
[    0.060305] cblist_init_generic: Setting shift to 1 and lim to 1.
[    0.066620] cblist_init_generic: Setting adjustable number of callback queues.
[    0.074015] cblist_init_generic: Setting shift to 1 and lim to 1.
[    0.080465] rcu: Hierarchical SRCU implementation.
[    0.085377] rcu:     Max phase no-delay instances is 1000.
[    0.091047] Platform MSI: msi-controller@1820000 domain created
[    0.097456] PCI/MSI: /bus@f4000/interrupt-controller@1800000/msi-controller@1820000 domain created
[    0.106809] fsl-mc MSI: msi-controller@1820000 domain created
[    0.115452] EFI services will not be available.
[    0.120473] smp: Bringing up secondary CPUs ...
[    0.134156] Detected VIPT I-cache on CPU1
[    0.134297] GICv3: CPU1: found redistributor 1 region 0:0x0000000001860000
[    0.134318] GICv3: CPU1: using allocated LPI pending table @0x0000000080050000
[    0.134380] CPU1: Booted secondary processor 0x0000000001 [0x410fd034]
[    0.134516] smp: Brought up 1 node, 2 CPUs
[    0.163899] SMP: Total of 2 processors activated.
[    0.168712] CPU features: detected: 32-bit EL0 Support
[    0.173981] CPU features: detected: 32-bit EL1 Support
[    0.179238] CPU features: detected: CRC32 instructions
[    0.184564] CPU: All CPU(s) started at EL2
[    0.188783] alternatives: applying system-wide alternatives
[    0.196935] devtmpfs: initialized
[    0.210405] clocksource: jiffies: mask: 0xffffffff max_cycles: 0xffffffff, max_idle_ns: 7645041785100000 ns
[    0.220423] futex hash table entries: 512 (order: 3, 32768 bytes, linear)
[    0.228808] pinctrl core: initialized pinctrl subsystem
[    0.236990] DMI not present or invalid.
[    0.241843] NET: Registered PF_NETLINK/PF_ROUTE protocol family
[    0.249313] DMA: preallocated 256 KiB GFP_KERNEL pool for atomic allocations
[    0.256775] DMA: preallocated 256 KiB GFP_KERNEL|GFP_DMA pool for atomic allocations
[    0.264901] DMA: preallocated 256 KiB GFP_KERNEL|GFP_DMA32 pool for atomic allocations
[    0.273113] audit: initializing netlink subsys (disabled)
[    0.279039] audit: type=2000 audit(0.172:1): state=initialized audit_enabled=0 res=1
[    0.280807] thermal_sys: Registered thermal governor 'step_wise'
[    0.287011] thermal_sys: Registered thermal governor 'power_allocator'
[    0.293513] cpuidle: using governor menu
[    0.304567] hw-breakpoint: found 6 breakpoint and 4 watchpoint registers.
[    0.311597] ASID allocator initialised with 65536 entries
[    0.319446] Serial: AMBA PL011 UART driver
[    0.353320] KASLR disabled due to lack of seed
[    0.368296] HugeTLB: registered 1.00 GiB page size, pre-allocated 0 pages
[    0.375273] HugeTLB: 0 KiB vmemmap can be freed for a 1.00 GiB page
[    0.381681] HugeTLB: registered 32.0 MiB page size, pre-allocated 0 pages
[    0.388615] HugeTLB: 0 KiB vmemmap can be freed for a 32.0 MiB page
[    0.395020] HugeTLB: registered 2.00 MiB page size, pre-allocated 0 pages
[    0.401955] HugeTLB: 0 KiB vmemmap can be freed for a 2.00 MiB page
[    0.408361] HugeTLB: registered 64.0 KiB page size, pre-allocated 0 pages
[    0.415298] HugeTLB: 0 KiB vmemmap can be freed for a 64.0 KiB page
[    0.424216] ACPI: Interpreter disabled.
[    0.430555] k3-chipinfo 43000014.chipid: Family:AM64X rev:SR2.0 JTAGID[0x1bb3802f] Detected
[    0.441547] iommu: Default domain type: Translated
[    0.446564] iommu: DMA domain TLB invalidation policy: strict mode
[    0.453352] SCSI subsystem initialized
[    0.457476] libata version 3.00 loaded.
[    0.457777] usbcore: registered new interface driver usbfs
[    0.463445] usbcore: registered new interface driver hub
[    0.468907] usbcore: registered new device driver usb
[    0.475578] pps_core: LinuxPPS API ver. 1 registered
[    0.480677] pps_core: Software ver. 5.3.6 - Copyright 2005-2007 Rodolfo Giometti <giometti@linux.it>
[    0.490030] PTP clock support registered
[    0.494216] EDAC MC: Ver: 3.0.0
[    0.499779] omap-mailbox 29020000.mailbox: omap mailbox rev 0x66fc9100
[    0.506820] omap-mailbox 29040000.mailbox: omap mailbox rev 0x66fc9100
[    0.513698] omap-mailbox 29060000.mailbox: omap mailbox rev 0x66fc9100
[    0.521663] FPGA manager framework
[    0.525297] Advanced Linux Sound Architecture Driver Initialized.
[    0.532735] vgaarb: loaded
[    0.536096] clocksource: Switched to clocksource arch_sys_counter
[    0.542682] VFS: Disk quotas dquot_6.6.0
[    0.546763] VFS: Dquot-cache hash table entries: 512 (order 0, 4096 bytes)
[    0.554011] pnp: PnP ACPI: disabled
[    0.564864] NET: Registered PF_INET protocol family
[    0.570200] IP idents hash table entries: 32768 (order: 6, 262144 bytes, linear)
[    0.579908] tcp_listen_portaddr_hash hash table entries: 1024 (order: 2, 16384 bytes, linear)
[    0.588792] Table-perturb hash table entries: 65536 (order: 6, 262144 bytes, linear)
[    0.596746] TCP established hash table entries: 16384 (order: 5, 131072 bytes, linear)
[    0.604973] TCP bind hash table entries: 16384 (order: 7, 524288 bytes, linear)
[    0.613003] TCP: Hash tables configured (established 16384 bind 16384)
[    0.619958] UDP hash table entries: 1024 (order: 3, 32768 bytes, linear)
[    0.626904] UDP-Lite hash table entries: 1024 (order: 3, 32768 bytes, linear)
[    0.634465] NET: Registered PF_UNIX/PF_LOCAL protocol family
[    0.640890] RPC: Registered named UNIX socket transport module.
[    0.647007] RPC: Registered udp transport module.
[    0.651818] RPC: Registered tcp transport module.
[    0.656625] RPC: Registered tcp NFSv4.1 backchannel transport module.
[    0.663219] NET: Registered PF_XDP protocol family
[    0.668162] PCI: CLS 0 bytes, default 64
[    0.673356] hw perfevents: enabled with armv8_cortex_a53 PMU driver, 7 counters available
[    0.682495] kvm [1]: IPA Size Limit: 40 bits
[    0.688874] kvm [1]: vgic-v2@100020000
[    0.692742] kvm [1]: GIC system register CPU interface enabled
[    0.698809] kvm [1]: vgic interrupt IRQ9
[    0.702883] kvm [1]: Hyp mode initialized successfully
[    0.709842] Initialise system trusted keyrings
[    0.714835] workingset: timestamp_bits=42 max_order=19 bucket_order=0
[    0.728874] squashfs: version 4.0 (2009/01/31) Phillip Lougher
[    0.735741] NFS: Registering the id_resolver key type
[    0.741015] Key type id_resolver registered
[    0.745294] Key type id_legacy registered
[    0.749480] nfs4filelayout_init: NFSv4 File Layout Driver Registering...
[    0.756337] nfs4flexfilelayout_init: NFSv4 Flexfile Layout Driver Registering...
[    0.764209] 9p: Installing v9fs 9p2000 file system support
[    0.812888] Key type asymmetric registered
[    0.817107] Asymmetric key parser 'x509' registered
[    0.822164] Block layer SCSI generic (bsg) driver version 0.4 loaded (major 244)
[    0.829997] io scheduler mq-deadline registered
[    0.834665] io scheduler kyber registered
[    0.849782] pinctrl-single 4084000.pinctrl: 33 pins, size 132
[    0.856413] pinctrl-single f4000.pinctrl: 180 pins, size 720
[    0.863523] pinctrl-single a40000.pinctrl: 512 pins, size 2048
[    0.879939] EINJ: ACPI disabled.
[    0.915876] Serial: 8250/16550 driver, 12 ports, IRQ sharing enabled
[    0.929377] SuperH (H)SCI(F) driver initialized
[    0.935058] msm_serial: driver initialized
[    0.949365] loop: module loaded
[    0.955160] megasas: 07.719.03.00-rc1
[    0.970336] tun: Universal TUN/TAP device driver, 1.6
[    0.977478] thunder_xcv, ver 1.0
[    0.980890] thunder_bgx, ver 1.0
[    0.984240] nicpf, ver 1.0
[    0.989773] hns3: Hisilicon Ethernet Network Driver for Hip08 Family - version
[    0.997219] hns3: Copyright (c) 2017 Huawei Corporation.
[    1.002790] hclge is initializing
[    1.006218] e1000: Intel(R) PRO/1000 Network Driver
[    1.011216] e1000: Copyright (c) 1999-2006 Intel Corporation.
[    1.017134] e1000e: Intel(R) PRO/1000 Network Driver
[    1.022208] e1000e: Copyright(c) 1999 - 2015 Intel Corporation.
[    1.028303] igb: Intel(R) Gigabit Ethernet Network Driver
[    1.033824] igb: Copyright (c) 2007-2014 Intel Corporation.
[    1.039562] igbvf: Intel(R) Gigabit Virtual Function Network Driver
[    1.045970] igbvf: Copyright (c) 2009 - 2012 Intel Corporation.
[    1.052863] sky2: driver version 1.30
[    1.059138] VFIO - User Level meta-driver version: 0.3
[    1.068832] usbcore: registered new interface driver usb-storage
[    1.080922] i2c_dev: i2c /dev entries driver
[    1.099875] sdhci: Secure Digital Host Controller Interface driver
[    1.106269] sdhci: Copyright(c) Pierre Ossman
[    1.112413] Synopsys Designware Multimedia Card Interface Driver
[    1.120700] sdhci-pltfm: SDHCI platform and OF driver helper
[    1.130670] ledtrig-cpu: registered to indicate activity on CPUs
[    1.139925] SMCCC: SOC_ID: ARCH_SOC_ID not implemented, skipping ....
[    1.147773] usbcore: registered new interface driver usbhid
[    1.153517] usbhid: USB HID core driver
[    1.167721] optee: probing for conduit method.
[    1.172350] optee: revision 3.20 (8e74d476)
[    1.189080] optee: dynamic shared memory is enabled
[    1.198869] optee: initialized driver
[    1.206324] ------------[ cut here ]------------
[    1.211117] name 'irq_diag_stat'
[    1.214454] WARNING: CPU: 1 PID: 1 at fs/proc/generic.c:712 remove_proc_entry+0x110/0x1a0
[    1.222830] Modules linked in:
[    1.225952] CPU: 1 PID: 1 Comm: swapper/0 Not tainted 6.1.46Mirf-dirty #32
[    1.232976] Hardware name: Texas Instruments AM642 EVM (DT)
[    1.238667] pstate: 60000005 (nZCv daif -PAN -UAO -TCO -DIT -SSBS BTYPE=--)
[    1.245781] pc : remove_proc_entry+0x110/0x1a0
[    1.250321] lr : remove_proc_entry+0x110/0x1a0
[    1.254862] sp : ffff80000a5ebb50
[    1.258241] x29: ffff80000a5ebb50 x28: 0000000000000000 x27: ffff800009a100c8
[    1.265537] x26: ffff800009af6060 x25: ffff800009af6078 x24: 0000000000000000
[    1.272832] x23: ffff80000a5b3c18 x22: ffff80000a225c80 x21: ffff80000997a0c0
[    1.280129] x20: ffff80000a5824e8 x19: 0000000000000000 x18: ffffffffffffffff
[    1.287425] x17: 000000000000001c x16: 0000000050fef5a9 x15: ffff80008a5eb837
[    1.294719] x14: 0000000000000000 x13: ffff80000a1a3a38 x12: 00000000000002d6
[    1.302013] x11: 00000000000000f2 x10: ffff80000a1fba38 x9 : ffff80000a1a3a38
[    1.309310] x8 : 00000000ffffefff x7 : ffff80000a1fba38 x6 : 0000000000000000
[    1.316605] x5 : 000000000000bff4 x4 : 0000000000000000 x3 : 0000000000000000
[    1.323901] x2 : 0000000000000000 x1 : 0000000000000000 x0 : ffff0000000d0000
[    1.331198] Call trace:
[    1.333690]  remove_proc_entry+0x110/0x1a0
[    1.337876]  irq_detector_probe+0x13c/0x1a0
[    1.342153]  platform_probe+0x68/0xe0
[    1.345893]  really_probe+0xbc/0x2dc
[    1.349545]  __driver_probe_device+0x78/0x114
[    1.353997]  driver_probe_device+0xd8/0x15c
[    1.358270]  __driver_attach+0x94/0x19c
[    1.362189]  bus_for_each_dev+0x70/0xd0
[    1.366106]  driver_attach+0x24/0x30
[    1.369758]  bus_add_driver+0x154/0x20c
[    1.373676]  driver_register+0x78/0x130
[    1.377593]  __platform_driver_register+0x28/0x34
[    1.382397]  irq_detector_driver_init+0x1c/0x28
[    1.387029]  do_one_initcall+0x50/0x1d0
[    1.390947]  kernel_init_freeable+0x218/0x284
[    1.395402]  kernel_init+0x24/0x12c
[    1.398969]  ret_from_fork+0x10/0x20
[    1.402619] ---[ end trace 0000000000000000 ]---
[    1.407391] ------------[ cut here ]------------
[    1.412114] name 'irq_diag_cmd'
[    1.415336] WARNING: CPU: 1 PID: 1 at fs/proc/generic.c:712 remove_proc_entry+0x110/0x1a0
[    1.423699] Modules linked in:
[    1.426815] CPU: 1 PID: 1 Comm: swapper/0 Tainted: G        W          6.1.46Mirf-dirty #32
[    1.435348] Hardware name: Texas Instruments AM642 EVM (DT)
[    1.441037] pstate: 60000005 (nZCv daif -PAN -UAO -TCO -DIT -SSBS BTYPE=--)
[    1.448150] pc : remove_proc_entry+0x110/0x1a0
[    1.452689] lr : remove_proc_entry+0x110/0x1a0
[    1.457228] sp : ffff80000a5ebb50
[    1.460606] x29: ffff80000a5ebb50 x28: 0000000000000000 x27: ffff800009a100c8
[    1.467904] x26: ffff800009af6060 x25: ffff800009af6078 x24: 0000000000000000
[    1.475198] x23: ffff80000a5b3c18 x22: ffff80000a225c80 x21: ffff80000997a0b0
[    1.482494] x20: ffff80000a5824e8 x19: 0000000000000000 x18: ffffffffffffffff
[    1.489791] x17: 000000000000001c x16: 0000000050fef5a9 x15: ffff80008a5eb837
[    1.497086] x14: 0000000000000000 x13: ffff80000a1a3a38 x12: 000000000000034b
[    1.504381] x11: 0000000000000119 x10: ffff80000a1fba38 x9 : ffff80000a1a3a38
[    1.511676] x8 : 00000000ffffefff x7 : ffff80000a1fba38 x6 : 0000000000000000
[    1.518972] x5 : 000000000000bff4 x4 : 0000000000000000 x3 : 0000000000000000
[    1.526267] x2 : 0000000000000000 x1 : 0000000000000000 x0 : ffff0000000d0000
[    1.533560] Call trace:
[    1.536052]  remove_proc_entry+0x110/0x1a0
[    1.540236]  irq_detector_probe+0x13c/0x1a0
[    1.544510]  platform_probe+0x68/0xe0
[    1.548248]  really_probe+0xbc/0x2dc
[    1.551899]  __driver_probe_device+0x78/0x114
[    1.556351]  driver_probe_device+0xd8/0x15c
[    1.560623]  __driver_attach+0x94/0x19c
[    1.564541]  bus_for_each_dev+0x70/0xd0
[    1.568458]  driver_attach+0x24/0x30
[    1.572110]  bus_add_driver+0x154/0x20c
[    1.576028]  driver_register+0x78/0x130
[    1.579947]  __platform_driver_register+0x28/0x34
[    1.584750]  irq_detector_driver_init+0x1c/0x28
[    1.589381]  do_one_initcall+0x50/0x1d0
[    1.593295]  kernel_init_freeable+0x218/0x284
[    1.597748]  kernel_init+0x24/0x12c
[    1.601312]  ret_from_fork+0x10/0x20
[    1.604961] ---[ end trace 0000000000000000 ]---
[    1.609693] DBG: In function - irq_detector_probe, Line - 729
[    1.618506] Initializing XFRM netlink socket
[    1.622979] NET: Registered PF_PACKET protocol family
[    1.628339] 9pnet: Installing 9P2000 support
[    1.632798] Key type dns_resolver registered
[    1.637780] registered taskstats version 1
[    1.642021] Loading compiled-in X.509 certificates
[    1.693771] ti-sci 44043000.system-controller: ABI: 3.1 (firmware rev 0x0009 '9.0.5--v09.00.05 (Kool Koala)')
[    1.748629] pca953x 0-0022: supply vcc not found, using dummy regulator
[    1.755590] pca953x 0-0022: using AI
[    1.781448] omap_i2c 20010000.i2c: bus 0 rev0.12 at 400 kHz
[    1.788405] ti-sci-intr bus@f4000:interrupt-controller@a00000: Interrupt Router 3 domain created
[    1.798525] ti-sci-inta 48000000.interrupt-controller: Interrupt Aggregator domain 28 created
[    1.813800] ti-udma 485c0100.dma-controller: Number of rings: 68
[    1.821401] ti-udma 485c0100.dma-controller: Channels: 24 (bchan: 12, tchan: 6, rchan: 6)
[    1.833144] ti-udma 485c0000.dma-controller: Number of rings: 288
[    1.848374] ti-udma 485c0000.dma-controller: Channels: 44 (tchan: 29, rchan: 15)
[    1.861226] printk: console [ttyS2] disabled
[    1.865699] 2800000.serial: ttyS2 at MMIO 0x2800000 (irq = 304, base_baud = 3000000) is a 8250
[    1.874599] printk: console [ttyS2] enabled
[    1.883065] printk: bootconsole [ns16550a0] disabled
[    1.899702] spi-nor spi0.0: s28hs512t (65536 Kbytes)
[    1.904840] 7 fixed-partitions partitions found on MTD device fc40000.spi.0
[    1.911811] Creating 7 MTD partitions on "fc40000.spi.0":
[    1.917209] 0x000000000000-0x000000100000 : "ospi.tiboot3"
[    1.924251] 0x000000100000-0x000000300000 : "ospi.tispl"
[    1.930949] 0x000000300000-0x000000700000 : "ospi.u-boot"
[    1.937758] 0x000000700000-0x000000740000 : "ospi.env"
[    1.944472] 0x000000740000-0x000000780000 : "ospi.env.backup"
[    1.951662] 0x000000800000-0x000003fc0000 : "ospi.rootfs"
[    1.958523] 0x000003fc0000-0x000004000000 : "ospi.phypattern"
[    1.981587] davinci_mdio 8000f00.mdio: Configuring MDIO in manual mode
[    2.028146] davinci_mdio 8000f00.mdio: davinci mdio revision 9.7, bus freq 1000000
[    2.037253] davinci_mdio 8000f00.mdio: phy[0]: device 8000f00.mdio:00, driver TI DP83867
[    2.045432] am65-cpsw-nuss 8000000.ethernet: initializing am65 cpsw nuss version 0x6BA00903, cpsw version 0x6BA80903 Ports: 3 quirks:00000006
[    2.058332] am65-cpsw-nuss 8000000.ethernet: initialized cpsw ale version 1.4
[    2.065467] am65-cpsw-nuss 8000000.ethernet: ALE Table size 512
[    2.072223] pps pps0: new PPS source ptp0
[    2.076704] am65-cpsw-nuss 8000000.ethernet: CPTS ver 0x4e8a010c, freq:500000000, add_val:1 pps:1
[    2.087664] am65-cpsw-nuss 8000000.ethernet: set new flow-id-base 16
[    2.100564] am65-cpts 39000000.cpts: CPTS ver 0x4e8a010c, freq:500000000, add_val:1 pps:0
[    2.118321] mmc0: CQHCI version 5.10
[    2.123100] gpio-mux mux-controller: 2-way mux-controller registered
[    2.152994] debugfs: Directory 'pd:114' with parent 'pm_genpd' already present!
[    2.155656] mmc1: CQHCI version 5.10
[    2.163237] mmc0: SDHCI controller on fa10000.mmc [fa10000.mmc] using ADMA 64-bit
[    2.172932] ALSA device list:
[    2.175920]   No soundcards found.
[    2.204468] mmc1: SDHCI controller on fa00000.mmc [fa00000.mmc] using ADMA 64-bit
[    2.212284] Waiting for root device PARTUUID=717e1cd2-02...
[    2.266228] mmc1: new ultra high speed SDR104 SDHC card at address aaaa
[    2.274322] mmcblk1: mmc1:aaaa SC16G 14.8 GiB
[    2.274478] mmc0: Command Queue Engine enabled
[    2.283297] mmc0: new HS200 MMC card at address 0001
[    2.284482]  mmcblk1: p1 p2
[    2.289145] mmcblk0: mmc0:0001 S0J56X 14.8 GiB
[    2.297842] mmcblk0boot0: mmc0:0001 S0J56X 31.5 MiB
[    2.304310] mmcblk0boot1: mmc0:0001 S0J56X 31.5 MiB
[    2.310481] mmcblk0rpmb: mmc0:0001 S0J56X 4.00 MiB, chardev (511:0)
[    2.363301] EXT4-fs (mmcblk1p2): recovery complete
[    2.369264] EXT4-fs (mmcblk1p2): mounted filesystem with ordered data mode. Quota mode: none.
[    2.377910] VFS: Mounted root (ext4 filesystem) on device 179:2.
[    2.387937] devtmpfs: mounted
[    2.397321] Freeing unused kernel memory: 7616K
[    2.402082] Run /sbin/init as init process
[    2.406202]   with arguments:
[    2.406206]     /sbin/init
[    2.406210]   with environment:
[    2.406213]     HOME=/
[    2.406217]     TERM=linux
[    2.573302] systemd[1]: System time before build time, advancing clock.
[    2.616575] systemd[1]: systemd 250.5+ running in system mode (+PAM -AUDIT -SELINUX -APPARMOR +IMA -SMACK +SECCOMP -GCRYPT -GNUTLS -OPENSSL +ACL +BLKID -CURL -ELFUTILS -FIDO2 -IDN2 -IDN -IPTC +KMOD -LIBCRYPTSETUP +LIBFDISK -PCRE2 -PWQUALITY -P11KIT -QRENCODE -BZIP2 -LZ4 -XZ -ZLIB +ZSTD -BPF_FRAMEWORK +XKBCOMMON +UTMP +SYSVINIT default-hierarchy=hybrid)
[    2.648534] systemd[1]: Detected architecture arm64.
[    2.731352] systemd[1]: Hostname set to <am64xx-evm>.
[    2.898969] systemd-sysv-generator[138]: SysV service '/etc/init.d/thermal-zone-init' lacks a native systemd unit file. Automatically generating a unit file for compatibility. Please update package to include a native systemd unit file, in order to make it more safe and robust.
[    2.923996] systemd-sysv-generator[138]: SysV service '/etc/init.d/docker.init' lacks a native systemd unit file. Automatically generating a unit file for compatibility. Please update package to include a native systemd unit file, in order to make it more safe and robust.
[    2.948998] systemd-sysv-generator[138]: SysV service '/etc/init.d/dropbear' lacks a native systemd unit file. Automatically generating a unit file for compatibility. Please update package to include a native systemd unit file, in order to make it more safe and robust.
[    2.975053] systemd-sysv-generator[138]: SysV service '/etc/init.d/resize_rootfs.sh' lacks a native systemd unit file. Automatically generating a unit file for compatibility. Please update package to include a native systemd unit file, in order to make it more safe and robust.
[    3.000725] systemd-sysv-generator[138]: SysV service '/etc/init.d/telnetd' lacks a native systemd unit file. Automatically generating a unit file for compatibility. Please update package to include a native systemd unit file, in order to make it more safe and robust.
[    3.024673] systemd-sysv-generator[138]: SysV service '/etc/init.d/netperf' lacks a native systemd unit file. Automatically generating a unit file for compatibility. Please update package to include a native systemd unit file, in order to make it more safe and robust.
[    3.048611] systemd-sysv-generator[138]: SysV service '/etc/init.d/inetd.busybox' lacks a native systemd unit file. Automatically generating a unit file for compatibility. Please update package to include a native systemd unit file, in order to make it more safe and robust.
[    3.328532] systemd[1]: Binding to IPv6 address not available since kernel does not support IPv6.
[    3.337476] systemd[1]: Binding to IPv6 address not available since kernel does not support IPv6.
[    3.437407] systemd[1]: /etc/systemd/system/sync-clocks.service:11: Standard output type syslog is obsolete, automatically updating to journal. Please update your unit file, and consider removing the setting altogether.
[    3.534660] systemd[1]: Queued start job for default target Multi-User System.
[    3.603261] systemd[1]: Created slice Slice /system/getty.
[    3.628062] systemd[1]: Created slice Slice /system/modprobe.
[    3.652061] systemd[1]: Created slice Slice /system/serial-getty.
[    3.679291] systemd[1]: Created slice User and Session Slice.
[    3.700801] systemd[1]: Started Dispatch Password Requests to Console Directory Watch.
[    3.724732] systemd[1]: Started Forward Password Requests to Wall Directory Watch.
[    3.748814] systemd[1]: Reached target Path Units.
[    3.768438] systemd[1]: Reached target Remote File Systems.
[    3.788402] systemd[1]: Reached target Slice Units.
[    3.808454] systemd[1]: Reached target Swaps.
[    3.860142] systemd[1]: Listening on RPCbind Server Activation Socket.
[    3.888492] systemd[1]: Reached target RPC Port Mapper.
[    3.918551] systemd[1]: Listening on Process Core Dump Socket.
[    3.940919] systemd[1]: Listening on initctl Compatibility Named Pipe.
[    3.965508] systemd[1]: Listening on Journal Audit Socket.
[    3.989326] systemd[1]: Listening on Journal Socket (/dev/log).
[    4.013357] systemd[1]: Listening on Journal Socket.
[    4.029617] systemd[1]: Listening on Network Service Netlink Socket.
[    4.053458] systemd[1]: Listening on udev Control Socket.
[    4.077089] systemd[1]: Listening on udev Kernel Socket.
[    4.101185] systemd[1]: Listening on User Database Manager Socket.
[    4.156832] systemd[1]: Mounting Huge Pages File System...
[    4.179064] systemd[1]: Mounting POSIX Message Queue File System...
[    4.220939] systemd[1]: Mounting Kernel Debug File System...
[    4.237007] systemd[1]: Kernel Trace File System was skipped because of a failed condition check (ConditionPathExists=/sys/kernel/tracing).
[    4.259567] systemd[1]: Mounting Temporary Directory /tmp...
[    4.276824] systemd[1]: Create List of Static Device Nodes was skipped because of a failed condition check (ConditionFileNotEmpty=/lib/modules/6.1.46Mirf-dirty/modules.devname).
[    4.313236] systemd[1]: Starting Load Kernel Module configfs...
[    4.334710] systemd[1]: Starting Load Kernel Module drm...
[    4.358851] systemd[1]: Starting Load Kernel Module fuse...
[    4.401285] systemd[1]: Starting RPC Bind...
[    4.416604] systemd[1]: File System Check on Root Device was skipped because of a failed condition check (ConditionPathIsReadWrite=!/).
[    4.440498] systemd[1]: Starting Journal Service...
[    4.493364] systemd[1]: Starting Load Kernel Modules...
[    4.513141] systemd[1]: Starting Generate network units from Kernel command line...
[    4.548830] systemd[1]: Starting Remount Root and Kernel File Systems...
[    4.585071] systemd[1]: Starting Coldplug All udev Devices...
[    4.611665] EXT4-fs (mmcblk1p2): re-mounted. Quota mode: none.
[    4.629406] systemd[1]: Started RPC Bind.
[    4.649349] systemd[1]: Mounted Huge Pages File System.
[    4.677338] systemd[1]: Mounted POSIX Message Queue File System.
[    4.705268] systemd[1]: Started Journal Service.
[    5.005134] systemd-journald[151]: Received client request to flush runtime journal.
[    5.246992] audit: type=1334 audit(1651167747.672:2): prog-id=5 op=LOAD
[    5.256493] audit: type=1334 audit(1651167747.684:3): prog-id=6 op=LOAD
[    6.372147] random: crng init done
[    6.822833] audit: type=1334 audit(1651272916.996:4): prog-id=7 op=LOAD
[    6.834575] audit: type=1334 audit(1651272917.004:5): prog-id=8 op=LOAD
[   10.246843] am65-cpsw-nuss 8000000.ethernet eth1: PHY [mdio_mux-0.1:03] driver [TI DP83869] (irq=POLL)
[   10.271009] am65-cpsw-nuss 8000000.ethernet eth1: configuring for phy/rgmii-rxid link mode
[   10.453926] am65-cpsw-nuss 8000000.ethernet eth0: PHY [8000f00.mdio:00] driver [TI DP83867] (irq=POLL)
[   10.475078] am65-cpsw-nuss 8000000.ethernet eth0: configuring for phy/rgmii-rxid link mode
[   20.565412] audit: type=1334 audit(1651272930.740:6): prog-id=9 op=LOAD
[   20.572716] audit: type=1334 audit(1651272930.748:7): prog-id=10 op=LOAD
[   21.001916] audit: type=1006 audit(1651272931.176:8): pid=521 uid=0 old-auid=4294967295 auid=0 tty=(none) old-ses=4294967295 ses=1 res=1
[   21.014362] audit: type=1300 audit(1651272931.176:8): arch=c00000b7 syscall=64 success=yes exit=1 a0=8 a1=ffffca42f038 a2=1 a3=ffffa1c59020 items=0 ppid=1 pid=521 auid=0 uid=0 gid=0 euid=0 suid=0 fsuid=0 egid=0 sgid=0 fsgid=0 tty=(none) ses=1 comm="(systemd)" exe="/lib/systemd/systemd" key=(null)
[   21.040776] audit: type=1327 audit(1651272931.176:8): proctitle="(systemd)"
[   21.049027] audit: type=1334 audit(1651272931.216:9): prog-id=11 op=LOAD
[   21.057040] audit: type=1300 audit(1651272931.216:9): arch=c00000b7 syscall=280 success=yes exit=8 a0=5 a1=ffffd03d30c0 a2=78 a3=0 items=0 ppid=1 pid=521 auid=0 uid=0 gid=0 euid=0 suid=0 fsuid=0 egid=0 sgid=0 fsgid=0 tty=(none) ses=1 comm="systemd" exe="/lib/systemd/systemd" key=(null)
[   21.082999] audit: type=1327 audit(1651272931.216:9): proctitle="(systemd)"
[   21.091650] audit: type=1334 audit(1651272931.224:10): prog-id=11 op=UNLOAD
[   21.099644] audit: type=1334 audit(1651272931.224:11): prog-id=12 op=LOAD
root@am64xx-evm:~#
root@am64xx-evm:~#
root@am64xx-evm:~#
root@am64xx-evm:~#
root@am64xx-evm:~#
root@am64xx-evm:~#
root@am64xx-evm:~#
root@am64xx-evm:~#
root@am64xx-evm:~#
root@am64xx-evm:~#
root@am64xx-evm:~# cd /proc/irq_diag/
root@am64xx-evm:/proc/irq_diag#
root@am64xx-evm:/proc/irq_diag#
root@am64xx-evm:/proc/irq_diag# ls
irq_diag_cmd   irq_diag_stat
root@am64xx-evm:/proc/irq_diag# cat irq_diag_stat
[   70.965457] DBG: In func - irq_diag_open_stat, id - 55
[   70.970757] DBG: In func - show_irq_stat, line - 477, Version - Irq Diag Ver - 1.0, Id - 55
root@am64xx-evm:/proc/irq_diag#
root@am64xx-evm:/proc/irq_diag#
root@am64xx-evm:/proc/irq_diag#
root@am64xx-evm:/proc/irq_diag#
root@am64xx-evm:/proc/irq_diag#
root@am64xx-evm:/proc/irq_diag#
root@am64xx-evm:/proc/irq_diag#
root@am64xx-evm:/proc/irq_diag#
root@am64xx-evm:/proc/irq_diag# Ã¼
U-Boot SPL 2023.04-g24098ea90d (Jul 06 2023 - 12:59:40 +0000)
Resetting on cold boot to workaround ErrataID:i2331
Please resend tiboot3.bin in case of UART/DFU boot
resetting ...

U-Boot SPL 2023.04-g24098ea90d (Jul 06 2023 - 12:59:40 +0000)
SYSFW ABI: 3.1 (firmware rev 0x0009 '9.0.5--v09.00.05 (Kool Koala)')
SPL initial stack usage: 13376 bytes
Trying to boot from MMC2
Authentication passed
Authentication passed
Authentication passed
Authentication passed
Loading Environment from MMC... *** Warning - No MMC card found, using default environment

Starting ATF on ARM64 core...

NOTICE:  BL31: v2.8(release):v2.8-226-g2fcd408bb3-dirty
NOTICE:  BL31: Built : 00:42:57, Jan 13 2023
I/TC:
I/TC: OP-TEE version: 3.20.0 (gcc version 11.3.0 (GCC)) #1 Fri Jan 20 15:42:54 UTC 2023 aarch64
I/TC: WARNING: This OP-TEE configuration might be insecure!
I/TC: WARNING: Please check https://optee.readthedocs.io/en/latest/architecture/porting_guidelines.html
I/TC: Primary CPU initializing
I/TC: SYSFW ABI: 3.1 (firmware rev 0x0009 '9.0.5--v09.00.05 (Kool Koala)')
I/TC: HUK Initialized
I/TC: Activated SA2UL device
I/TC: Enabled firewalls for SA2UL TRNG device
I/TC: SA2UL TRNG initialized
I/TC: SA2UL Drivers initialized
I/TC: Primary CPU switching to normal world boot

U-Boot SPL 2023.04-g24098ea90d (Jul 06 2023 - 12:59:40 +0000)
SYSFW ABI: 3.1 (firmware rev 0x0009 '9.0.5--v09.00.05 (Kool Koala)')
Trying to boot from MMC2
Authentication passed
Authentication passed


U-Boot 2023.04-g24098ea90d (Jul 06 2023 - 12:59:40 +0000)

SoC:   AM64X SR2.0 HS-FS
Model: Texas Instruments AM642 EVM
Board: AM64-EVM rev C
DRAM:  2 GiB
Core:  59 devices, 29 uclasses, devicetree: separate
MMC:   mmc@fa10000: 0, mmc@fa00000: 1
Loading Environment from MMC... *** Warning - bad CRC, using default environment

In:    serial@2800000
Out:   serial@2800000
Err:   serial@2800000
Unidentified board claims AM64-EVM in eeprom header
Net:   eth0: ethernet@8000000port@1
Hit any key to stop autoboot:  0
switch to partitions #0, OK
mmc1 is current device
SD/MMC found on device 1
Failed to load 'boot.scr'
574 bytes read in 30 ms (18.6 KiB/s)
Loaded env from uEnv.txt
Importing environment from mmc1 ...
38994432 bytes read in 1644 ms (22.6 MiB/s)
59145 bytes read in 35 ms (1.6 MiB/s)
Working FDT set to 88000000
## Flattened Device Tree blob at 88000000
   Booting using the fdt blob at 0x88000000
Working FDT set to 88000000
   Loading Device Tree to 000000008feee000, end 000000008fffffff ... OK
Working FDT set to 8feee000

Starting kernel ...

[    0.000000] Booting Linux on physical CPU 0x0000000000 [0x410fd034]
[    0.000000] Linux version 6.1.46Mirf-dirty (root@mir-VirtualBox) (aarch64-none-linux-gnu-gcc (Arm GNU Toolchain 11.3.Rel1) 11.3.1 20220712, GNU ld (Arm GNU Toolchain 11.3.Rel1) 2.38.20220708) #32 SMP PREEMPT Sun Mar 17 20:28:27 IST 2024
[    0.000000] Machine model: Texas Instruments AM642 EVM
[    0.000000] earlycon: ns16550a0 at MMIO32 0x0000000002800000 (options '')
[    0.000000] printk: bootconsole [ns16550a0] enabled
[    0.000000] efi: UEFI not found.
[    0.000000] Reserved memory: created DMA memory pool at 0x00000000a0000000, size 1 MiB
[    0.000000] OF: reserved mem: initialized node r5f-dma-memory@a0000000, compatible id shared-dma-pool
[    0.000000] Reserved memory: created DMA memory pool at 0x00000000a0100000, size 15 MiB
[    0.000000] OF: reserved mem: initialized node r5f-memory@a0100000, compatible id shared-dma-pool
[    0.000000] Reserved memory: created DMA memory pool at 0x00000000a1000000, size 1 MiB
[    0.000000] OF: reserved mem: initialized node r5f-dma-memory@a1000000, compatible id shared-dma-pool
[    0.000000] Reserved memory: created DMA memory pool at 0x00000000a1100000, size 15 MiB
[    0.000000] OF: reserved mem: initialized node r5f-memory@a1100000, compatible id shared-dma-pool
[    0.000000] Reserved memory: created DMA memory pool at 0x00000000a2000000, size 1 MiB
[    0.000000] OF: reserved mem: initialized node r5f-dma-memory@a2000000, compatible id shared-dma-pool
[    0.000000] Reserved memory: created DMA memory pool at 0x00000000a2100000, size 15 MiB
[    0.000000] OF: reserved mem: initialized node r5f-memory@a2100000, compatible id shared-dma-pool
[    0.000000] Reserved memory: created DMA memory pool at 0x00000000a3000000, size 1 MiB
[    0.000000] OF: reserved mem: initialized node r5f-dma-memory@a3000000, compatible id shared-dma-pool
[    0.000000] Reserved memory: created DMA memory pool at 0x00000000a3100000, size 15 MiB
[    0.000000] OF: reserved mem: initialized node r5f-memory@a3100000, compatible id shared-dma-pool
[    0.000000] Reserved memory: created DMA memory pool at 0x00000000a4000000, size 1 MiB
[    0.000000] OF: reserved mem: initialized node m4f-dma-memory@a4000000, compatible id shared-dma-pool
[    0.000000] Reserved memory: created DMA memory pool at 0x00000000a4100000, size 15 MiB
[    0.000000] OF: reserved mem: initialized node m4f-memory@a4100000, compatible id shared-dma-pool
[    0.000000] NUMA: No NUMA configuration found
[    0.000000] NUMA: Faking a node at [mem 0x0000000080000000-0x00000000ffffffff]
[    0.000000] NUMA: NODE_DATA [mem 0xffbf5a00-0xffbf7fff]
[    0.000000] Zone ranges:
[    0.000000]   DMA      [mem 0x0000000080000000-0x00000000ffffffff]
[    0.000000]   DMA32    empty
[    0.000000]   Normal   empty
[    0.000000] Movable zone start for each node
[    0.000000] Early memory node ranges
[    0.000000]   node   0: [mem 0x0000000080000000-0x000000009e7fffff]
[    0.000000]   node   0: [mem 0x000000009e800000-0x00000000a57fffff]
[    0.000000]   node   0: [mem 0x00000000a5800000-0x00000000ffffffff]
[    0.000000] Initmem setup node 0 [mem 0x0000000080000000-0x00000000ffffffff]
[    0.000000] cma: Reserved 32 MiB at 0x00000000fba00000
[    0.000000] psci: probing for conduit method from DT.
[    0.000000] psci: PSCIv1.1 detected in firmware.
[    0.000000] psci: Using standard PSCI v0.2 function IDs
[    0.000000] psci: Trusted OS migration not required
[    0.000000] psci: SMC Calling Convention v1.2
[    0.000000] percpu: Embedded 20 pages/cpu s44968 r8192 d28760 u81920
[    0.000000] Detected VIPT I-cache on CPU0
[    0.000000] CPU features: detected: GIC system register CPU interface
[    0.000000] CPU features: detected: ARM erratum 845719
[    0.000000] alternatives: applying boot alternatives
[    0.000000] Fallback order for Node 0: 0
[    0.000000] Built 1 zonelists, mobility grouping on.  Total pages: 516096
[    0.000000] Policy zone: DMA
[    0.000000] Kernel command line: console=ttyS2,115200n8 earlycon=ns16550a,mmio32,0x02800000 root=PARTUUID=717e1cd2-02 rw rootfstype=ext4 rootwait
[    0.000000] Dentry cache hash table entries: 262144 (order: 9, 2097152 bytes, linear)
[    0.000000] Inode-cache hash table entries: 131072 (order: 8, 1048576 bytes, linear)
[    0.000000] mem auto-init: stack:off, heap alloc:off, heap free:off
[    0.000000] Memory: 1870716K/2097152K available (16896K kernel code, 3776K rwdata, 9680K rodata, 7616K init, 625K bss, 193668K reserved, 32768K cma-reserved)
[    0.000000] SLUB: HWalign=64, Order=0-3, MinObjects=0, CPUs=2, Nodes=1
[    0.000000] rcu: Preemptible hierarchical RCU implementation.
[    0.000000] rcu:     RCU event tracing is enabled.
[    0.000000] rcu:     RCU restricting CPUs from NR_CPUS=256 to nr_cpu_ids=2.
[    0.000000]  Trampoline variant of Tasks RCU enabled.
[    0.000000]  Tracing variant of Tasks RCU enabled.
[    0.000000] rcu: RCU calculated value of scheduler-enlistment delay is 25 jiffies.
[    0.000000] rcu: Adjusting geometry for rcu_fanout_leaf=16, nr_cpu_ids=2
[    0.000000] NR_IRQS: 64, nr_irqs: 64, preallocated irqs: 0
[    0.000000] GICv3: GIC: Using split EOI/Deactivate mode
[    0.000000] GICv3: 256 SPIs implemented
[    0.000000] GICv3: 0 Extended SPIs implemented
[    0.000000] Root IRQ handler: gic_handle_irq
[    0.000000] GICv3: GICv3 features: 16 PPIs
[    0.000000] GICv3: CPU0: found redistributor 0 region 0:0x0000000001840000
[    0.000000] ITS [mem 0x01820000-0x0182ffff]
[    0.000000] GIC: enabling workaround for ITS: Socionext Synquacer pre-ITS
[    0.000000] ITS@0x0000000001820000: Devices Table too large, reduce ids 20->19
[    0.000000] ITS@0x0000000001820000: allocated 524288 Devices @80800000 (flat, esz 8, psz 64K, shr 0)
[    0.000000] ITS: using cache flushing for cmd queue
[    0.000000] GICv3: using LPI property table @0x0000000080030000
[    0.000000] GIC: using cache flushing for LPI property table
[    0.000000] GICv3: CPU0: using allocated LPI pending table @0x0000000080040000
[    0.000000] rcu: srcu_init: Setting srcu_struct sizes based on contention.
[    0.000000] arch_timer: cp15 timer(s) running at 200.00MHz (phys).
[    0.000000] clocksource: arch_sys_counter: mask: 0x3ffffffffffffff max_cycles: 0x2e2049d3e8, max_idle_ns: 440795210634 ns
[    0.000001] sched_clock: 58 bits at 200MHz, resolution 5ns, wraps every 4398046511102ns
[    0.010157] Console: colour dummy device 80x25
[    0.014806] Calibrating delay loop (skipped), value calculated using timer frequency.. 400.00 BogoMIPS (lpj=800000)
[    0.025490] pid_max: default: 32768 minimum: 301
[    0.030273] LSM: Security Framework initializing
[    0.035131] Mount-cache hash table entries: 4096 (order: 3, 32768 bytes, linear)
[    0.042714] Mountpoint-cache hash table entries: 4096 (order: 3, 32768 bytes, linear)
[    0.052806] cblist_init_generic: Setting adjustable number of callback queues.
[    0.060276] cblist_init_generic: Setting shift to 1 and lim to 1.
[    0.066593] cblist_init_generic: Setting adjustable number of callback queues.
[    0.073988] cblist_init_generic: Setting shift to 1 and lim to 1.
[    0.080437] rcu: Hierarchical SRCU implementation.
[    0.085349] rcu:     Max phase no-delay instances is 1000.
[    0.091020] Platform MSI: msi-controller@1820000 domain created
[    0.097431] PCI/MSI: /bus@f4000/interrupt-controller@1800000/msi-controller@1820000 domain created
[    0.106787] fsl-mc MSI: msi-controller@1820000 domain created
[    0.115433] EFI services will not be available.
[    0.120460] smp: Bringing up secondary CPUs ...
I/TC: Secondary CPU 1 initializing
I/TC: Secondary CPU 1 switching to normal world boot
[    0.134140] Detected VIPT I-cache on CPU1
[    0.134279] GICv3: CPU1: found redistributor 1 region 0:0x0000000001860000
[    0.134299] GICv3: CPU1: using allocated LPI pending table @0x0000000080050000
[    0.134361] CPU1: Booted secondary processor 0x0000000001 [0x410fd034]
[    0.134495] smp: Brought up 1 node, 2 CPUs
[    0.163878] SMP: Total of 2 processors activated.
[    0.168692] CPU features: detected: 32-bit EL0 Support
[    0.173962] CPU features: detected: 32-bit EL1 Support
[    0.179219] CPU features: detected: CRC32 instructions
[    0.184545] CPU: All CPU(s) started at EL2
[    0.188771] alternatives: applying system-wide alternatives
[    0.196946] devtmpfs: initialized
[    0.210440] clocksource: jiffies: mask: 0xffffffff max_cycles: 0xffffffff, max_idle_ns: 7645041785100000 ns
[    0.220462] futex hash table entries: 512 (order: 3, 32768 bytes, linear)
[    0.228862] pinctrl core: initialized pinctrl subsystem
[    0.237039] DMI not present or invalid.
[    0.241884] NET: Registered PF_NETLINK/PF_ROUTE protocol family
[    0.249362] DMA: preallocated 256 KiB GFP_KERNEL pool for atomic allocations
[    0.256830] DMA: preallocated 256 KiB GFP_KERNEL|GFP_DMA pool for atomic allocations
[    0.264955] DMA: preallocated 256 KiB GFP_KERNEL|GFP_DMA32 pool for atomic allocations
[    0.273170] audit: initializing netlink subsys (disabled)
[    0.279091] audit: type=2000 audit(0.172:1): state=initialized audit_enabled=0 res=1
[    0.280855] thermal_sys: Registered thermal governor 'step_wise'
[    0.287067] thermal_sys: Registered thermal governor 'power_allocator'
[    0.293563] cpuidle: using governor menu
[    0.304611] hw-breakpoint: found 6 breakpoint and 4 watchpoint registers.
[    0.311638] ASID allocator initialised with 65536 entries
[    0.319495] Serial: AMBA PL011 UART driver
[    0.353349] KASLR disabled due to lack of seed
[    0.368454] HugeTLB: registered 1.00 GiB page size, pre-allocated 0 pages
[    0.375428] HugeTLB: 0 KiB vmemmap can be freed for a 1.00 GiB page
[    0.381839] HugeTLB: registered 32.0 MiB page size, pre-allocated 0 pages
[    0.388777] HugeTLB: 0 KiB vmemmap can be freed for a 32.0 MiB page
[    0.395182] HugeTLB: registered 2.00 MiB page size, pre-allocated 0 pages
[    0.402117] HugeTLB: 0 KiB vmemmap can be freed for a 2.00 MiB page
[    0.408524] HugeTLB: registered 64.0 KiB page size, pre-allocated 0 pages
[    0.415460] HugeTLB: 0 KiB vmemmap can be freed for a 64.0 KiB page
[    0.424372] ACPI: Interpreter disabled.
[    0.430699] k3-chipinfo 43000014.chipid: Family:AM64X rev:SR2.0 JTAGID[0x1bb3802f] Detected
[    0.441700] iommu: Default domain type: Translated
[    0.446718] iommu: DMA domain TLB invalidation policy: strict mode
[    0.453509] SCSI subsystem initialized
[    0.457933] usbcore: registered new interface driver usbfs
[    0.463606] usbcore: registered new interface driver hub
[    0.469071] usbcore: registered new device driver usb
[    0.475736] pps_core: LinuxPPS API ver. 1 registered
[    0.480835] pps_core: Software ver. 5.3.6 - Copyright 2005-2007 Rodolfo Giometti <giometti@linux.it>
[    0.490187] PTP clock support registered
[    0.494371] EDAC MC: Ver: 3.0.0
[    0.499936] omap-mailbox 29020000.mailbox: omap mailbox rev 0x66fc9100
[    0.506972] omap-mailbox 29040000.mailbox: omap mailbox rev 0x66fc9100
[    0.513849] omap-mailbox 29060000.mailbox: omap mailbox rev 0x66fc9100
[    0.521820] FPGA manager framework
[    0.525457] Advanced Linux Sound Architecture Driver Initialized.
[    0.532905] vgaarb: loaded
[    0.536283] clocksource: Switched to clocksource arch_sys_counter
[    0.542883] VFS: Disk quotas dquot_6.6.0
[    0.546966] VFS: Dquot-cache hash table entries: 512 (order 0, 4096 bytes)
[    0.554214] pnp: PnP ACPI: disabled
[    0.565115] NET: Registered PF_INET protocol family
[    0.570450] IP idents hash table entries: 32768 (order: 6, 262144 bytes, linear)
[    0.580157] tcp_listen_portaddr_hash hash table entries: 1024 (order: 2, 16384 bytes, linear)
[    0.589028] Table-perturb hash table entries: 65536 (order: 6, 262144 bytes, linear)
[    0.596983] TCP established hash table entries: 16384 (order: 5, 131072 bytes, linear)
[    0.605210] TCP bind hash table entries: 16384 (order: 7, 524288 bytes, linear)
[    0.613233] TCP: Hash tables configured (established 16384 bind 16384)
[    0.620189] UDP hash table entries: 1024 (order: 3, 32768 bytes, linear)
[    0.627138] UDP-Lite hash table entries: 1024 (order: 3, 32768 bytes, linear)
[    0.634697] NET: Registered PF_UNIX/PF_LOCAL protocol family
[    0.641129] RPC: Registered named UNIX socket transport module.
[    0.647241] RPC: Registered udp transport module.
[    0.652051] RPC: Registered tcp transport module.
[    0.656857] RPC: Registered tcp NFSv4.1 backchannel transport module.
[    0.663451] NET: Registered PF_XDP protocol family
[    0.668391] PCI: CLS 0 bytes, default 64
[    0.673589] hw perfevents: enabled with armv8_cortex_a53 PMU driver, 7 counters available
[    0.682728] kvm [1]: IPA Size Limit: 40 bits
[    0.689113] kvm [1]: vgic-v2@100020000
[    0.692979] kvm [1]: GIC system register CPU interface enabled
[    0.699046] kvm [1]: vgic interrupt IRQ9
[    0.703120] kvm [1]: Hyp mode initialized successfully
[    0.710076] Initialise system trusted keyrings
[    0.715065] workingset: timestamp_bits=42 max_order=19 bucket_order=0
[    0.729107] squashfs: version 4.0 (2009/01/31) Phillip Lougher
[    0.735975] NFS: Registering the id_resolver key type
[    0.741236] Key type id_resolver registered
[    0.745513] Key type id_legacy registered
[    0.749698] nfs4filelayout_init: NFSv4 File Layout Driver Registering...
[    0.756551] nfs4flexfilelayout_init: NFSv4 Flexfile Layout Driver Registering...
[    0.764425] 9p: Installing v9fs 9p2000 file system support
[    0.813523] Key type asymmetric registered
[    0.817743] Asymmetric key parser 'x509' registered
[    0.822800] Block layer SCSI generic (bsg) driver version 0.4 loaded (major 244)
[    0.830633] io scheduler mq-deadline registered
[    0.835306] io scheduler kyber registered
[    0.850435] pinctrl-single 4084000.pinctrl: 33 pins, size 132
[    0.856999] pinctrl-single f4000.pinctrl: 180 pins, size 720
[    0.864101] pinctrl-single a40000.pinctrl: 512 pins, size 2048
[    0.880590] EINJ: ACPI disabled.
[    0.916774] Serial: 8250/16550 driver, 12 ports, IRQ sharing enabled
[    0.930252] SuperH (H)SCI(F) driver initialized
[    0.935919] msm_serial: driver initialized
[    0.950261] loop: module loaded
[    0.956106] megasas: 07.719.03.00-rc1
[    0.971296] tun: Universal TUN/TAP device driver, 1.6
[    0.978330] thunder_xcv, ver 1.0
[    0.981754] thunder_bgx, ver 1.0
[    0.985106] nicpf, ver 1.0
[    0.990646] hns3: Hisilicon Ethernet Network Driver for Hip08 Family - version
[    0.998076] hns3: Copyright (c) 2017 Huawei Corporation.
[    1.003636] hclge is initializing
[    1.007078] e1000: Intel(R) PRO/1000 Network Driver
[    1.012066] e1000: Copyright (c) 1999-2006 Intel Corporation.
[    1.017989] e1000e: Intel(R) PRO/1000 Network Driver
[    1.023064] e1000e: Copyright(c) 1999 - 2015 Intel Corporation.
[    1.029155] igb: Intel(R) Gigabit Ethernet Network Driver
[    1.034674] igb: Copyright (c) 2007-2014 Intel Corporation.
[    1.040415] igbvf: Intel(R) Gigabit Virtual Function Network Driver
[    1.046821] igbvf: Copyright (c) 2009 - 2012 Intel Corporation.
[    1.053676] sky2: driver version 1.30
[    1.059951] VFIO - User Level meta-driver version: 0.3
[    1.069650] usbcore: registered new interface driver usb-storage
[    1.081732] i2c_dev: i2c /dev entries driver
[    1.100693] sdhci: Secure Digital Host Controller Interface driver
[    1.107050] sdhci: Copyright(c) Pierre Ossman
[    1.113210] Synopsys Designware Multimedia Card Interface Driver
[    1.121523] sdhci-pltfm: SDHCI platform and OF driver helper
[    1.131535] ledtrig-cpu: registered to indicate activity on CPUs
[    1.140890] SMCCC: SOC_ID: ARCH_SOC_ID not implemented, skipping ....
[    1.148731] usbcore: registered new interface driver usbhid
[    1.154459] usbhid: USB HID core driver
[    1.168718] optee: probing for conduit method.
I/TC: Reserved shared memory is enabled
I/TC: Dynamic shared memory is enabled
I/TC: Normal World virtualization support is disabled
I/TC: Asynchronous notifications are disabled
[    1.173340] optee: revision 3.20 (8e74d476)
[    1.190065] optee: dynamic shared memory is enabled
[    1.199853] optee: initialized driver
[    1.207234] ------------[ cut here ]------------
[    1.212032] name 'irq_diag_stat'
[    1.215370] WARNING: CPU: 1 PID: 1 at fs/proc/generic.c:712 remove_proc_entry+0x110/0x1a0
[    1.223746] Modules linked in:
[    1.226867] CPU: 1 PID: 1 Comm: swapper/0 Not tainted 6.1.46Mirf-dirty #32
[    1.233892] Hardware name: Texas Instruments AM642 EVM (DT)
[    1.239583] pstate: 60000005 (nZCv daif -PAN -UAO -TCO -DIT -SSBS BTYPE=--)
[    1.246696] pc : remove_proc_entry+0x110/0x1a0
[    1.251236] lr : remove_proc_entry+0x110/0x1a0
[    1.255776] sp : ffff80000a5ebb50
[    1.259155] x29: ffff80000a5ebb50 x28: 0000000000000000 x27: ffff800009a100c8
[    1.266452] x26: ffff800009af6060 x25: ffff800009af6078 x24: 0000000000000000
[    1.273747] x23: ffff80000a5b3c18 x22: ffff80000a225c80 x21: ffff80000997a0c0
[    1.281044] x20: ffff80000a5824e8 x19: 0000000000000000 x18: ffffffffffffffff
[    1.288339] x17: 000000000000001c x16: 00000000811d5a65 x15: ffff80008a5eb837
[    1.295636] x14: 0000000000000000 x13: ffff80000a1a3a38 x12: 00000000000002d6
[    1.302932] x11: 00000000000000f2 x10: ffff80000a1fba38 x9 : ffff80000a1a3a38
[    1.310227] x8 : 00000000ffffefff x7 : ffff80000a1fba38 x6 : 0000000000000000
[    1.317523] x5 : 000000000000bff4 x4 : 0000000000000000 x3 : 0000000000000000
[    1.324817] x2 : 0000000000000000 x1 : 0000000000000000 x0 : ffff0000000d0000
[    1.332114] Call trace:
[    1.334605]  remove_proc_entry+0x110/0x1a0
[    1.338791]  irq_detector_probe+0x13c/0x1a0
[    1.343068]  platform_probe+0x68/0xe0
[    1.346808]  really_probe+0xbc/0x2dc
[    1.350460]  __driver_probe_device+0x78/0x114
[    1.354912]  driver_probe_device+0xd8/0x15c
[    1.359185]  __driver_attach+0x94/0x19c
[    1.363103]  bus_for_each_dev+0x70/0xd0
[    1.367020]  driver_attach+0x24/0x30
[    1.370671]  bus_add_driver+0x154/0x20c
[    1.374589]  driver_register+0x78/0x130
[    1.378506]  __platform_driver_register+0x28/0x34
[    1.383309]  irq_detector_driver_init+0x1c/0x28
[    1.387940]  do_one_initcall+0x50/0x1d0
[    1.391859]  kernel_init_freeable+0x218/0x284
[    1.396312]  kernel_init+0x24/0x12c
[    1.399880]  ret_from_fork+0x10/0x20
[    1.403532] ---[ end trace 0000000000000000 ]---
[    1.408309] ------------[ cut here ]------------
[    1.413031] name 'irq_diag_cmd'
[    1.416254] WARNING: CPU: 1 PID: 1 at fs/proc/generic.c:712 remove_proc_entry+0x110/0x1a0
[    1.424616] Modules linked in:
[    1.427732] CPU: 1 PID: 1 Comm: swapper/0 Tainted: G        W          6.1.46Mirf-dirty #32
[    1.436263] Hardware name: Texas Instruments AM642 EVM (DT)
[    1.441950] pstate: 60000005 (nZCv daif -PAN -UAO -TCO -DIT -SSBS BTYPE=--)
[    1.449063] pc : remove_proc_entry+0x110/0x1a0
[    1.453604] lr : remove_proc_entry+0x110/0x1a0
[    1.458143] sp : ffff80000a5ebb50
[    1.461521] x29: ffff80000a5ebb50 x28: 0000000000000000 x27: ffff800009a100c8
[    1.468818] x26: ffff800009af6060 x25: ffff800009af6078 x24: 0000000000000000
[    1.476112] x23: ffff80000a5b3c18 x22: ffff80000a225c80 x21: ffff80000997a0b0
[    1.483408] x20: ffff80000a5824e8 x19: 0000000000000000 x18: ffffffffffffffff
[    1.490704] x17: 000000000000001c x16: 00000000811d5a65 x15: ffff80008a5eb837
[    1.498001] x14: 0000000000000000 x13: ffff80000a1a3a38 x12: 000000000000034b
[    1.505297] x11: 0000000000000119 x10: ffff80000a1fba38 x9 : ffff80000a1a3a38
[    1.512592] x8 : 00000000ffffefff x7 : ffff80000a1fba38 x6 : 0000000000000000
[    1.519886] x5 : 000000000000bff4 x4 : 0000000000000000 x3 : 0000000000000000
[    1.527182] x2 : 0000000000000000 x1 : 0000000000000000 x0 : ffff0000000d0000
[    1.534478] Call trace:
[    1.536969]  remove_proc_entry+0x110/0x1a0
[    1.541154]  irq_detector_probe+0x13c/0x1a0
[    1.545430]  platform_probe+0x68/0xe0
[    1.549168]  really_probe+0xbc/0x2dc
[    1.552820]  __driver_probe_device+0x78/0x114
[    1.557273]  driver_probe_device+0xd8/0x15c
[    1.561545]  __driver_attach+0x94/0x19c
[    1.565462]  bus_for_each_dev+0x70/0xd0
[    1.569378]  driver_attach+0x24/0x30
[    1.573030]  bus_add_driver+0x154/0x20c
[    1.576948]  driver_register+0x78/0x130
[    1.580867]  __platform_driver_register+0x28/0x34
[    1.585669]  irq_detector_driver_init+0x1c/0x28
[    1.590299]  do_one_initcall+0x50/0x1d0
[    1.594215]  kernel_init_freeable+0x218/0x284
[    1.598667]  kernel_init+0x24/0x12c
[    1.602231]  ret_from_fork+0x10/0x20
[    1.605881] ---[ end trace 0000000000000000 ]---
[    1.610632] DBG: In function - irq_detector_probe, Line - 729
[    1.619395] Initializing XFRM netlink socket
[    1.623868] NET: Registered PF_PACKET protocol family
[    1.629228] 9pnet: Installing 9P2000 support
[    1.633712] Key type dns_resolver registered
[    1.638681] registered taskstats version 1
[    1.642928] Loading compiled-in X.509 certificates
[    1.694765] ti-sci 44043000.system-controller: ABI: 3.1 (firmware rev 0x0009 '9.0.5--v09.00.05 (Kool Koala)')
[    1.748831] pca953x 0-0022: supply vcc not found, using dummy regulator
[    1.755828] pca953x 0-0022: using AI
[    1.781633] omap_i2c 20010000.i2c: bus 0 rev0.12 at 400 kHz
[    1.788594] ti-sci-intr bus@f4000:interrupt-controller@a00000: Interrupt Router 3 domain created
[    1.798709] ti-sci-inta 48000000.interrupt-controller: Interrupt Aggregator domain 28 created
[    1.813953] ti-udma 485c0100.dma-controller: Number of rings: 68
[    1.821593] ti-udma 485c0100.dma-controller: Channels: 24 (bchan: 12, tchan: 6, rchan: 6)
[    1.833317] ti-udma 485c0000.dma-controller: Number of rings: 288
[    1.848511] ti-udma 485c0000.dma-controller: Channels: 44 (tchan: 29, rchan: 15)
[    1.861387] printk: console [ttyS2] disabled
[    1.865864] 2800000.serial: ttyS2 at MMIO 0x2800000 (irq = 304, base_baud = 3000000) is a 8250
[    1.874763] printk: console [ttyS2] enabled
[    1.874763] printk: console [ttyS2] enabled
[    1.883228] printk: bootconsole [ns16550a0] disabled
[    1.883228] printk: bootconsole [ns16550a0] disabled
[    1.899851] spi-nor spi0.0: s28hs512t (65536 Kbytes)
[    1.905012] 7 fixed-partitions partitions found on MTD device fc40000.spi.0
[    1.911986] Creating 7 MTD partitions on "fc40000.spi.0":
[    1.917381] 0x000000000000-0x000000100000 : "ospi.tiboot3"
[    1.924489] 0x000000100000-0x000000300000 : "ospi.tispl"
[    1.931174] 0x000000300000-0x000000700000 : "ospi.u-boot"
[    1.938011] 0x000000700000-0x000000740000 : "ospi.env"
[    1.944730] 0x000000740000-0x000000780000 : "ospi.env.backup"
[    1.951874] 0x000000800000-0x000003fc0000 : "ospi.rootfs"
[    1.958753] 0x000003fc0000-0x000004000000 : "ospi.phypattern"
[    1.981968] davinci_mdio 8000f00.mdio: Configuring MDIO in manual mode
[    2.028346] davinci_mdio 8000f00.mdio: davinci mdio revision 9.7, bus freq 1000000
[    2.037485] davinci_mdio 8000f00.mdio: phy[0]: device 8000f00.mdio:00, driver TI DP83867
[    2.045661] am65-cpsw-nuss 8000000.ethernet: initializing am65 cpsw nuss version 0x6BA00903, cpsw version 0x6BA80903 Ports: 3 quirks:00000006
[    2.058564] am65-cpsw-nuss 8000000.ethernet: initialized cpsw ale version 1.4
[    2.065698] am65-cpsw-nuss 8000000.ethernet: ALE Table size 512
[    2.072463] pps pps0: new PPS source ptp0
[    2.076963] am65-cpsw-nuss 8000000.ethernet: CPTS ver 0x4e8a010c, freq:500000000, add_val:1 pps:1
[    2.087867] am65-cpsw-nuss 8000000.ethernet: set new flow-id-base 16
[    2.100695] am65-cpts 39000000.cpts: CPTS ver 0x4e8a010c, freq:500000000, add_val:1 pps:0
[    2.118500] mmc0: CQHCI version 5.10
[    2.126647] gpio-mux mux-controller: 2-way mux-controller registered
[    2.156215] debugfs: Directory 'pd:114' with parent 'pm_genpd' already present!
[    2.159084] mmc1: CQHCI version 5.10
[    2.166507] mmc0: SDHCI controller on fa10000.mmc [fa10000.mmc] using ADMA 64-bit
[    2.175839] ALSA device list:
[    2.178870]   No soundcards found.
[    2.208896] mmc1: SDHCI controller on fa00000.mmc [fa00000.mmc] using ADMA 64-bit
[    2.216699] Waiting for root device PARTUUID=717e1cd2-02...
[    2.267881] mmc0: Command Queue Engine enabled
[    2.270491] mmc1: new ultra high speed SDR104 SDHC card at address aaaa
[    2.272366] mmc0: new HS200 MMC card at address 0001
[    2.279965] mmcblk1: mmc1:aaaa SC16G 14.8 GiB
[    2.284714] mmcblk0: mmc0:0001 S0J56X 14.8 GiB
[    2.295251] mmcblk0boot0: mmc0:0001 S0J56X 31.5 MiB
[    2.298073]  mmcblk1: p1 p2
[    2.301711] mmcblk0boot1: mmc0:0001 S0J56X 31.5 MiB
[    2.309277] mmcblk0rpmb: mmc0:0001 S0J56X 4.00 MiB, chardev (511:0)
[    2.354302] EXT4-fs (mmcblk1p2): recovery complete
[    2.360329] EXT4-fs (mmcblk1p2): mounted filesystem with ordered data mode. Quota mode: none.
[    2.368970] VFS: Mounted root (ext4 filesystem) on device 179:2.
[    2.378959] devtmpfs: mounted
[    2.387993] Freeing unused kernel memory: 7616K
[    2.392739] Run /sbin/init as init process
[    2.553939] systemd[1]: System time before build time, advancing clock.
[    2.597043] systemd[1]: systemd 250.5+ running in system mode (+PAM -AUDIT -SELINUX -APPARMOR +IMA -SMACK +SECCOMP -GCRYPT -GNUTLS -OPENSSL +ACL +BLKID -CURL -ELFUTILS -FIDO2 -IDN2 -IDN -IPTC +KMOD -LIBCRYPTSETUP +LIBFDISK -PCRE2 -PWQUALITY -P11KIT -QRENCODE -BZIP2 -LZ4 -XZ -ZLIB +ZSTD -BPF_FRAMEWORK +XKBCOMMON +UTMP +SYSVINIT default-hierarchy=hybrid)
[    2.629047] systemd[1]: Detected architecture arm64.

Welcome to Arago 2023.04!

[    2.715608] systemd[1]: Hostname set to <am64xx-evm>.
[    2.852872] systemd-sysv-generator[138]: SysV service '/etc/init.d/thermal-zone-init' lacks a native systemd unit file. Automatically generating a unit file for compatibility. Please update package to include a native systemd unit file, in order to make it more safe and robust.
[    2.878291] systemd-sysv-generator[138]: SysV service '/etc/init.d/docker.init' lacks a native systemd unit file. Automatically generating a unit file for compatibility. Please update package to include a native systemd unit file, in order to make it more safe and robust.
[    2.878844] systemd-sysv-generator[138]: SysV service '/etc/init.d/dropbear' lacks a native systemd unit file. Automatically generating a unit file for compatibility. Please update package to include a native systemd unit file, in order to make it more safe and robust.
[    2.881361] systemd-sysv-generator[138]: SysV service '/etc/init.d/resize_rootfs.sh' lacks a native systemd unit file. Automatically generating a unit file for compatibility. Please update package to include a native systemd unit file, in order to make it more safe and robust.
[    2.953835] systemd-sysv-generator[138]: SysV service '/etc/init.d/telnetd' lacks a native systemd unit file. Automatically generating a unit file for compatibility. Please update package to include a native systemd unit file, in order to make it more safe and robust.
[    2.978075] systemd-sysv-generator[138]: SysV service '/etc/init.d/netperf' lacks a native systemd unit file. Automatically generating a unit file for compatibility. Please update package to include a native systemd unit file, in order to make it more safe and robust.
[    3.002230] systemd-sysv-generator[138]: SysV service '/etc/init.d/inetd.busybox' lacks a native systemd unit file. Automatically generating a unit file for compatibility. Please update package to include a native systemd unit file, in order to make it more safe and robust.
[    3.312352] systemd[1]: Binding to IPv6 address not available since kernel does not support IPv6.
[    3.321307] systemd[1]: Binding to IPv6 address not available since kernel does not support IPv6.
[    3.421198] systemd[1]: /etc/systemd/system/sync-clocks.service:11: Standard output type syslog is obsolete, automatically updating to journal. Please update your unit file, and consider removing the setting altogether.
[    3.518145] systemd[1]: Queued start job for default target Multi-User System.
[    3.587837] systemd[1]: Created slice Slice /system/getty.
[  OK  ] Created slice Slice /system/getty.
[    3.612228] systemd[1]: Created slice Slice /system/modprobe.
[  OK  ] Created slice Slice /system/modprobe.
[    3.636448] systemd[1]: Created slice Slice /system/serial-getty.
[  OK  ] Created slice Slice /system/serial-getty.
[    3.663500] systemd[1]: Created slice User and Session Slice.
[  OK  ] Created slice User and Session Slice.
[    3.685010] systemd[1]: Started Dispatch Password Requests to Console Directory Watch.
[  OK  ] Started Dispatch Password â¦ts to Console Directory Watch.
[    3.708924] systemd[1]: Started Forward Password Requests to Wall Directory Watch.
[  OK  ] Started Forward Password Râ¦uests to Wall Directory Watch.
[    3.732988] systemd[1]: Reached target Path Units.
[  OK  ] Reached target Path Units.
[    3.748630] systemd[1]: Reached target Remote File Systems.
[  OK  ] Reached target Remote File Systems.
[    3.768581] systemd[1]: Reached target Slice Units.
[  OK  ] Reached target Slice Units.
[    3.784626] systemd[1]: Reached target Swaps.
[  OK  ] Reached target Swaps.
[    3.832526] systemd[1]: Listening on RPCbind Server Activation Socket.
[  OK  ] Listening on RPCbind Server Activation Socket.
[    3.856704] systemd[1]: Reached target RPC Port Mapper.
[  OK  ] Reached target RPC Port Mapper.
[    3.886659] systemd[1]: Listening on Process Core Dump Socket.
[  OK  ] Listening on Process Core Dump Socket.
[    3.909119] systemd[1]: Listening on initctl Compatibility Named Pipe.
[  OK  ] Listening on initctl Compatibility Named Pipe.
[    3.933638] systemd[1]: Listening on Journal Audit Socket.
[  OK  ] Listening on Journal Audit Socket.
[    3.957357] systemd[1]: Listening on Journal Socket (/dev/log).
[  OK  ] Listening on Journal Socket (/dev/log).
[    3.981589] systemd[1]: Listening on Journal Socket.
[  OK  ] Listening on Journal Socket.
[    4.005743] systemd[1]: Listening on Network Service Netlink Socket.
[  OK  ] Listening on Network Service Netlink Socket.
[    4.029601] systemd[1]: Listening on udev Control Socket.
[  OK  ] Listening on udev Control Socket.
[    4.053268] systemd[1]: Listening on udev Kernel Socket.
[  OK  ] Listening on udev Kernel Socket.
[    4.077417] systemd[1]: Listening on User Database Manager Socket.
[  OK  ] Listening on User Database Manager Socket.
[    4.133093] systemd[1]: Mounting Huge Pages File System...
         Mounting Huge Pages File System...
[    4.159227] systemd[1]: Mounting POSIX Message Queue File System...
         Mounting POSIX Message Queue File System...
[    4.187478] systemd[1]: Mounting Kernel Debug File System...
         Mounting Kernel Debug File System...
[    4.209136] systemd[1]: Kernel Trace File System was skipped because of a failed condition check (ConditionPathExists=/sys/kernel/tracing).
[    4.245095] systemd[1]: Mounting Temporary Directory /tmp...
         Mounting Temporary Directory /tmp...
[    4.268939] systemd[1]: Create List of Static Device Nodes was skipped because of a failed condition check (ConditionFileNotEmpty=/lib/modules/6.1.46Mirf-dirty/modules.devname).
[    4.291412] systemd[1]: Starting Load Kernel Module configfs...
         Starting Load Kernel Module configfs...
[    4.318989] systemd[1]: Starting Load Kernel Module drm...
         Starting Load Kernel Module drm...
[    4.347075] systemd[1]: Starting Load Kernel Module fuse...
         Starting Load Kernel Module fuse...
[    4.405535] systemd[1]: Starting RPC Bind...
         Starting RPC Bind...
[    4.420819] systemd[1]: File System Check on Root Device was skipped because of a failed condition check (ConditionPathIsReadWrite=!/).
[    4.444740] systemd[1]: Starting Journal Service...
         Starting Journal Service...
[    4.500959] systemd[1]: Starting Load Kernel Modules...
         Starting Load Kernel Modules...
[    4.529091] systemd[1]: Starting Generate network units from Kernel command line...
         Starting Generate network â¦ts from Kernel command line...
[    4.573737] systemd[1]: Starting Remount Root and Kernel File Systems...
         Starting Remount Root and Kernel File Systems...
[    4.608870] systemd[1]: Starting Coldplug All udev Devices...
         Starting Coldplug All udev Devices...
[    4.647594] EXT4-fs (mmcblk1p2): re-mounted. Quota mode: none.
[    4.649235] systemd[1]: Started RPC Bind.
[  OK  ] Started RPC Bind.
[    4.677712] systemd[1]: Mounted Huge Pages File System.
[  OK  ] Mounted Huge Pages File System.
[    4.705495] systemd[1]: Started Journal Service.
[  OK  ] Started Journal Service.
[  OK  ] Mounted POSIX Message Queue File System.
[  OK  ] Mounted Kernel Debug File System.
[  OK  ] Mounted Temporary Directory /tmp.
[  OK  ] Finished Load Kernel Module configfs.
[  OK  ] Finished Load Kernel Module drm.
[  OK  ] Finished Load Kernel Module fuse.
[FAILED] Failed to start Load Kernel Modules.
See 'systemctl status systemd-modules-load.service' for details.
[  OK  ] Finished Generate network units from Kernel command line.
[  OK  ] Finished Remount Root and Kernel File Systems.
         Mounting Kernel Configuration File System...
         Starting Flush Journal to Persistent Storage...
         Starting Apply Kernel Variables...
[    5.034930] systemd-journald[151]: Received client request to flush runtime journal.
         Starting Create Static Device Nodes in /dev...
[  OK  ] Mounted Kernel Configuration File System.
[  OK  ] Finished Flush Journal to Persistent Storage.
[  OK  ] Finished Apply Kernel Variables.
[  OK  ] Finished Create Static Device Nodes in /dev.
[  OK  ] Reached target Preparation for Local File Systems.
         Mounting /media/ram...
         Mounting /var/volatile...
[    5.255505] audit: type=1334 audit(1651167747.696:2): prog-id=5 op=LOAD
[    5.267424] audit: type=1334 audit(1651167747.708:3): prog-id=6 op=LOAD
         Starting Rule-based Manageâ¦for Device Events and Files...
[  OK  ] Mounted /media/ram.
[  OK  ] Mounted /var/volatile.
         Starting Load/Save Random Seed...
[  OK  ] Reached target Local File Systems.
         Starting Create Volatile Files and Directories...
[  OK  ] Finished Create Volatile Files and Directories.
         Starting Network Time Synchronization...
         Starting Record System Boot/Shutdown in UTMP...
[  OK  ] Started Rule-based Manager for Device Events and Files.
[  OK  ] Finished Coldplug All udev Devices.
[  OK  ] Finished Record System Boot/Shutdown in UTMP.
[  OK  ] Started Network Time Synchronization.
[  OK  ] Reached target System Initialization.
[  OK  ] Started Daily Cleanup of Temporary Directories.
[  OK  ] Reached target System Time Set.
[  OK  ] Reached target Timer Units.
[  OK  ] Listening on Avahi mDNS/DNS-SD Stack Activation Socket.
[  OK  ] Listening on D-Bus System Message Bus Socket.
         Starting Docker Socket for the API...
[  OK  ] Listening on dropbear.socket.
         Starting D-Bus System Message Bus...
[    6.536328] random: crng init done
[  OK  ] Listening on Docker Socket for the API.
[  OK  ] Finished Load/Save Random Seed.
[  OK  ] Reached target Socket Units.
[  OK  ] Started D-Bus System Message Bus.
[  OK  ] Reached target Basic System.
         Starting Print notice about GPLv3 packages...
         Starting IPv6 Packet Filtering Framework...
         Starting IPv4 Packet Filtering Framework...
[    6.874020] audit: type=1334 audit(1651272977.424:4): prog-id=7 op=LOAD
[    6.886059] audit: type=1334 audit(1651272977.432:5): prog-id=8 op=LOAD
         Starting User Login Management...
[  OK  ] Started TEE Supplicant.
         Starting telnetd.service...
[  OK  ] Finished IPv4 Packet Filtering Framework.
[  OK  ] Finished IPv6 Packet Filtering Framework.
[  OK  ] Reached target Preparation for Network.
         Starting Network Configuration...
[  OK  ] Started telnetd.service.
         Starting LSB: Expand Rootfs of boot device...
[  OK  ] Started LSB: Expand Rootfs of boot device.
[  OK  ] Started User Login Management.
[  OK  ] Started Network Configuration.
         Starting Wait for Network to be Configured...
         Starting Network Name Resolution...
[  OK  ] Started Network Name Resolution.
[  OK  ] Reached target Network.
[  OK  ] Reached target Host and Network Name Lookups.
         Starting Avahi mDNS/DNS-SD Stack...
         Starting containerd container runtime...
[  OK  ] Started Netperf Benchmark Server.
[  OK  ] Started NFS status monitor for NFSv2/3 locking..
         Starting Permit User Sessions...
[  OK  ] Finished Permit User Sessions.
[  OK  ] Started Getty on tty1.
[  OK  ] Started Avahi mDNS/DNS-SD Stack.
[  OK  ] Finished Print notice about GPLv3 packages.
[  OK  ] Found device /dev/ttyS2.
[  OK  ] Started Serial Getty on ttyS2.
[  OK  ] Reached target Login Prompts.
         Starting Synchronize System and HW clocks...
[FAILED] Failed to start Synchronize System and HW clocks.
See 'systemctl status sync-clocks.service' for details.
[    9.966285] am65-cpsw-nuss 8000000.ethernet eth1: PHY [mdio_mux-0.1:03] driver [TI DP83869] (irq=POLL)
[    9.986763] am65-cpsw-nuss 8000000.ethernet eth1: configuring for phy/rgmii-rxid link mode
[   10.086691] am65-cpsw-nuss 8000000.ethernet eth0: PHY [8000f00.mdio:00] driver [TI DP83867] (irq=POLL)
[   10.106034] am65-cpsw-nuss 8000000.ethernet eth0: configuring for phy/rgmii-rxid link mode
[  OK  ] Started containerd container runtime.
[  OK  ] Created slice Slice /system/systemd-fsck.
[  OK  ] Found device /dev/mmcblk1p1.
         Starting File System Check on /dev/mmcblk1p1...
[  OK  ] Finished File System Check on /dev/mmcblk1p1.
         Mounting /run/media/boot-mmcblk1p1...
[  OK  ] Mounted /run/media/boot-mmcblk1p1.

 _____                    _____           _         _
|  _  |___ ___ ___ ___   |  _  |___ ___  |_|___ ___| |_
|     |  _| .'| . | . |  |   __|  _| . | | | -_|  _|  _|
|__|__|_| |__,|_  |___|  |__|  |_| |___|_| |___|___|_|
              |___|                    |___|

Arago Project am64xx-evm -

Arago 2023.04 am64xx-evm -

am64xx-evm login: root
[   25.474762] audit: type=1334 audit(1651272996.024:6): prog-id=9 op=LOAD
[   25.482085] audit: type=1334 audit(1651272996.032:7): prog-id=10 op=LOAD
[   25.918887] audit: type=1006 audit(1651272996.468:8): pid=523 uid=0 old-auid=4294967295 auid=0 tty=(none) old-ses=4294967295 ses=1 res=1
[   25.931709] audit: type=1300 audit(1651272996.468:8): arch=c00000b7 syscall=64 success=yes exit=1 a0=8 a1=ffffc44edf78 a2=1 a3=ffff85099020 items=0 ppid=1 pid=523 auid=0 uid=0 gid=0 euid=0 suid=0 fsuid=0 egid=0 sgid=0 fsgid=0 tty=(none) ses=1 comm="(systemd)" exe="/lib/systemd/systemd" key=(null)

[   25.958674] audit: type=1327 audit(1651272996.468:8): proctitle="(systemd)"
[   25.982152] audit: type=1334 audit(1651272996.532:9): prog-id=11 op=LOAD
[   25.988989] audit: type=1300 audit(1651272996.532:9): arch=c00000b7 syscall=280 success=yes exit=8 a0=5 a1=ffffc63bd610 a2=78 a3=0 items=0 ppid=1 pid=523 auid=0 uid=0 gid=0 euid=0 suid=0 fsuid=0 egid=0 sgid=0 fsgid=0 tty=(none) ses=1 comm="systemd" exe="/lib/systemd/systemd" key=(null)
[   26.014448] audit: type=1327 audit(1651272996.532:9): proctitle="(systemd)"
[   26.021654] audit: type=1334 audit(1651272996.532:10): prog-id=11 op=UNLOAD
[   26.028793] audit: type=1334 audit(1651272996.532:11): prog-id=12 op=LOAD



root@am64xx-evm:~#
root@am64xx-evm:~#
root@am64xx-evm:~#
root@am64xx-evm:~#
root@am64xx-evm:~#
root@am64xx-evm:~#
root@am64xx-evm:~#
root@am64xx-evm:~#
root@am64xx-evm:~# poweroff
         Stopping Session c1 of User root...
[  OK  ] Removed slice Slice /system/modprobe.
[  OK  ] Stopped target RPC Port Mapper.
[  OK  ] Stopped target System Time Set.
[  OK  ] Stopped target Timer Units.
[  OK  ] Stopped Daily Cleanup of Temporary Directories.
[  OK  ] Closed Process Core Dump Socket.
         Stopping NFS status monitor for NFSv2/3 locking....
         Stopping Load/Save Random Seed...
[  OK  ] Stopped target Login Prompts.
         Stopping Avahi mDNS/DNS-SD Stack...
         Stopping containerd container runtime...
         Stopping Getty on tty1...
         Stopping Netperf Benchmark Server...
         Stopping Serial Getty on ttyS2...
         Stopping TEE Supplicant...
         Stopping LSB: Expand Rootfs of boot device...
[  OK  ] Stopped TEE Supplicant.
[  OK  ] Stopped Wait for Network to be Configured.
[  OK  ] Stopped Avahi mDNS/DNS-SD Stack.
[  OK  ] Stopped Netperf Benchmark Server.
[  OK  ] Stopped NFS status monitor for NFSv2/3 locking..
[  OK  ] Stopped containerd container runtime.
[  OK  ] Stopped Getty on tty1.
[  OK  ] Stopped Serial Getty on ttyS2.
[  OK  ] Stopped Load/Save Random Seed.
[  OK  ] Stopped LSB: Expand Rootfs of boot device.
[  OK  ] Stopped Session c1 of User root.
[  OK  ] Removed slice Slice /system/getty.
[  OK  ] Removed slice Slice /system/serial-getty.
[  OK  ] Stopped target Host and Network Name Lookups.
         Stopping User Login Management...
         Stopping telnetd.service...
         Stopping User Manager for UID 0...
[  OK  ] Stopped telnetd.service.
[  OK  ] Stopped User Manager for UID 0.
         Stopping User Runtime Directory /run/user/0...
[  OK  ] Unmounted /run/user/0.
[  OK  ] Stopped User Login Management.
[  OK  ] Stopped User Runtime Directory /run/user/0.
[  OK  ] Removed slice User Slice of UID 0.
         Stopping Permit User Sessions...
[  OK  ] Stopped Permit User Sessions.
[  OK  ] Stopped target Network.
[  OK  ] Stopped target Remote File Systems.
         Stopping Network Name Resolution...
[  OK  ] Stopped Network Name Resolution.
         Stopping Network Configuration...
[  OK  ] Stopped Network Configuration.
[  OK  ] Stopped target Preparation for Network.
[  OK  ] Stopped IPv6 Packet Filtering Framework.
[  OK  ] Stopped IPv4 Packet Filtering Framework.
[  OK  ] Stopped target Basic System.
[  OK  ] Stopped target Path Units.
[  OK  ] Stopped Dispatch Password â¦ts to Console Directory Watch.
[  OK  ] Stopped Forward Password Râ¦uests to Wall Directory Watch.
[  OK  ] Stopped target Slice Units.
[  OK  ] Removed slice User and Session Slice.
[  OK  ] Stopped target Socket Units.
[  OK  ] Closed Avahi mDNS/DNS-SD Stack Activation Socket.
[  OK  ] Closed Docker Socket for the API.
[  OK  ] Closed dropbear.socket.
[  OK  ] Closed Network Service Netlink Socket.
         Stopping D-Bus System Message Bus...
[  OK  ] Stopped D-Bus System Message Bus.
[  OK  ] Closed D-Bus System Message Bus Socket.
[  OK  ] Stopped target System Initialization.
[  OK  ] Stopped Apply Kernel Variables.
         Stopping Network Time Synchronization...
[  OK  ] Stopped Network Time Synchronization.
[  OK  ] Stopped Create Volatile Files and Directories.
[  OK  ] Stopped target Local File Systems.
         Unmounting /media/ram...
         Unmounting /run/media/boot-mmcblk1p1...
         Unmounting Temporary Directory /tmp...
         Unmounting /var/volatile...
[  OK  ] Unmounted /media/ram.
[  OK  ] Unmounted /run/media/boot-mmcblk1p1.
[  OK  ] Unmounted Temporary Directory /tmp.
[  OK  ] Unmounted /var/volatile.
[  OK  ] Stopped target Swaps.
[  OK  ] Reached target Unmount All Filesystems.
[  OK  ] Stopped File System Check on /dev/mmcblk1p1.
[  OK  ] Removed slice Slice /system/systemd-fsck.
[  OK  ] Stopped target Preparation for Local File Systems.
[  OK  ] Stopped Remount Root and Kernel File Systems.
[  OK  ] Stopped Create Static Device Nodes in /dev.
[  OK  ] Reached target System Shutdown.
[  OK  ] Reached target Late Shutdown Services.
[  OK  ] Finished System Power Off.
[  OK  ] Reached target System Power Off.
[  100.716235] kauditd_printk_skb: 3 callbacks suppressed
[  100.716255] audit: type=1334 audit(1651273071.264:13): prog-id=8 op=UNLOAD
[  100.728518] audit: type=1334 audit(1651273071.264:14): prog-id=7 op=UNLOAD
[  100.735575] audit: type=1334 audit(1651273071.272:15): prog-id=6 op=UNLOAD
[  100.742525] audit: type=1334 audit(1651273071.272:16): prog-id=5 op=UNLOAD
[  100.749493] audit: type=1334 audit(1651273071.272:17): prog-id=4 op=UNLOAD
[  100.756450] audit: type=1334 audit(1651273071.272:18): prog-id=3 op=UNLOAD
[  100.763481] audit: type=1334 audit(1651273071.272:19): prog-id=10 op=UNLOAD
[  100.770592] audit: type=1334 audit(1651273071.272:20): prog-id=9 op=UNLOAD
[  100.786941] systemd-shutdown[1]: Syncing filesystems and block devices.
[  100.799751] systemd-shutdown[1]: Sending SIGTERM to remaining processes...
[  100.820935] systemd-journald[151]: Received SIGTERM from PID 1 (systemd-shutdow).
[  100.831098] audit: type=1335 audit(1651273071.380:21): pid=151 uid=0 auid=4294967295 tty=(none) ses=4294967295 comm="systemd-journal" exe="/lib/systemd/systemd-journald" nl-mcgrp=1 op=disconnect res=1
[  100.849783] systemd-shutdown[1]: Sending SIGKILL to remaining processes...
[  100.868219] systemd-shutdown[1]: Unmounting file systems.
[  100.877269] [557]: Remounting '/' read-only with options 'n/a'.
[  100.903032] EXT4-fs (mmcblk1p2): re-mounted. Quota mode: none.
[  100.916858] systemd-shutdown[1]: All filesystems unmounted.
[  100.922502] systemd-shutdown[1]: Deactivating swaps.
[  100.927749] systemd-shutdown[1]: All swaps deactivated.
[  100.933123] systemd-shutdown[1]: Detaching loop devices.
[  100.943156] systemd-shutdown[1]: All loop devices detached.
[  100.948839] systemd-shutdown[1]: Stopping MD devices.
[  100.954402] systemd-shutdown[1]: All MD devices stopped.
[  100.959745] systemd-shutdown[1]: Detaching DM devices.
[  100.965261] systemd-shutdown[1]: All DM devices detached.
[  100.970682] systemd-shutdown[1]: All filesystems, swaps, loop devices, MD devices and DM devices detached.
[  100.993348] systemd-shutdown[1]: Syncing filesystems and block devices.
[  101.000180] systemd-shutdown[1]: Powering off.
[  101.004705] kvm: exiting hardware virtualization
[  101.053903] reboot: Power down
ERROR:   System Off: operation not handled.
Ã¾
U-Boot SPL 2023.04-g24098ea90d (Jul 06 2023 - 12:59:40 +0000)
Resetting on cold boot to workaround ErrataID:i2331
Please resend tiboot3.bin in case of UART/DFU boot
resetting ...

U-Boot SPL 2023.04-g24098ea90d (Jul 06 2023 - 12:59:40 +0000)
SYSFW ABI: 3.1 (firmware rev 0x0009 '9.0.5--v09.00.05 (Kool Koala)')
SPL initial stack usage: 13376 bytes
Trying to boot from MMC2
Authentication passed
Authentication passed
Authentication passed
Authentication passed
Loading Environment from MMC... *** Warning - No MMC card found, using default environment

Starting ATF on ARM64 core...

NOTICE:  BL31: v2.8(release):v2.8-226-g2fcd408bb3-dirty
NOTICE:  BL31: Built : 00:42:57, Jan 13 2023
I/TC:
I/TC: OP-TEE version: 3.20.0 (gcc version 11.3.0 (GCC)) #1 Fri Jan 20 15:42:54 UTC 2023 aarch64
I/TC: WARNING: This OP-TEE configuration might be insecure!
I/TC: WARNING: Please check https://optee.readthedocs.io/en/latest/architecture/porting_guidelines.html
I/TC: Primary CPU initializing
I/TC: SYSFW ABI: 3.1 (firmware rev 0x0009 '9.0.5--v09.00.05 (Kool Koala)')
I/TC: HUK Initialized
I/TC: Activated SA2UL device
I/TC: Enabled firewalls for SA2UL TRNG device
I/TC: SA2UL TRNG initialized
I/TC: SA2UL Drivers initialized
I/TC: Primary CPU switching to normal world boot

U-Boot SPL 2023.04-g24098ea90d (Jul 06 2023 - 12:59:40 +0000)
SYSFW ABI: 3.1 (firmware rev 0x0009 '9.0.5--v09.00.05 (Kool Koala)')
Trying to boot from MMC2
Authentication passed
Authentication passed


U-Boot 2023.04-g24098ea90d (Jul 06 2023 - 12:59:40 +0000)

SoC:   AM64X SR2.0 HS-FS
Model: Texas Instruments AM642 EVM
Board: AM64-EVM rev C
DRAM:  2 GiB
Core:  59 devices, 29 uclasses, devicetree: separate
MMC:   mmc@fa10000: 0, mmc@fa00000: 1
Loading Environment from MMC... *** Warning - bad CRC, using default environment

In:    serial@2800000
Out:   serial@2800000
Err:   serial@2800000
Unidentified board claims AM64-EVM in eeprom header
Net:   eth0: ethernet@8000000port@1
Hit any key to stop autoboot:  0
switch to partitions #0, OK
mmc1 is current device
SD/MMC found on device 1
Failed to load 'boot.scr'
574 bytes read in 30 ms (18.6 KiB/s)
Loaded env from uEnv.txt
Importing environment from mmc1 ...
38994432 bytes read in 1644 ms (22.6 MiB/s)
59145 bytes read in 35 ms (1.6 MiB/s)
Working FDT set to 88000000
## Flattened Device Tree blob at 88000000
   Booting using the fdt blob at 0x88000000
Working FDT set to 88000000
   Loading Device Tree to 000000008feee000, end 000000008fffffff ... OK
Working FDT set to 8feee000

Starting kernel ...

[    0.000000] Booting Linux on physical CPU 0x0000000000 [0x410fd034]
[    0.000000] Linux version 6.1.46Mirf-dirty (root@mir-VirtualBox) (aarch64-none-linux-gnu-gcc (Arm GNU Toolchain 11.3.Rel1) 11.3.1 20220712, GNU ld (Arm GNU Toolchain 11.3.Rel1) 2.38.20220708) #32 SMP PREEMPT Sun Mar 17 20:28:27 IST 2024
[    0.000000] Machine model: Texas Instruments AM642 EVM
[    0.000000] earlycon: ns16550a0 at MMIO32 0x0000000002800000 (options '')
[    0.000000] printk: bootconsole [ns16550a0] enabled
[    0.000000] efi: UEFI not found.
[    0.000000] Reserved memory: created DMA memory pool at 0x00000000a0000000, size 1 MiB
[    0.000000] OF: reserved mem: initialized node r5f-dma-memory@a0000000, compatible id shared-dma-pool
[    0.000000] Reserved memory: created DMA memory pool at 0x00000000a0100000, size 15 MiB
[    0.000000] OF: reserved mem: initialized node r5f-memory@a0100000, compatible id shared-dma-pool
[    0.000000] Reserved memory: created DMA memory pool at 0x00000000a1000000, size 1 MiB
[    0.000000] OF: reserved mem: initialized node r5f-dma-memory@a1000000, compatible id shared-dma-pool
[    0.000000] Reserved memory: created DMA memory pool at 0x00000000a1100000, size 15 MiB
[    0.000000] OF: reserved mem: initialized node r5f-memory@a1100000, compatible id shared-dma-pool
[    0.000000] Reserved memory: created DMA memory pool at 0x00000000a2000000, size 1 MiB
[    0.000000] OF: reserved mem: initialized node r5f-dma-memory@a2000000, compatible id shared-dma-pool
[    0.000000] Reserved memory: created DMA memory pool at 0x00000000a2100000, size 15 MiB
[    0.000000] OF: reserved mem: initialized node r5f-memory@a2100000, compatible id shared-dma-pool
[    0.000000] Reserved memory: created DMA memory pool at 0x00000000a3000000, size 1 MiB
[    0.000000] OF: reserved mem: initialized node r5f-dma-memory@a3000000, compatible id shared-dma-pool
[    0.000000] Reserved memory: created DMA memory pool at 0x00000000a3100000, size 15 MiB
[    0.000000] OF: reserved mem: initialized node r5f-memory@a3100000, compatible id shared-dma-pool
[    0.000000] Reserved memory: created DMA memory pool at 0x00000000a4000000, size 1 MiB
[    0.000000] OF: reserved mem: initialized node m4f-dma-memory@a4000000, compatible id shared-dma-pool
[    0.000000] Reserved memory: created DMA memory pool at 0x00000000a4100000, size 15 MiB
[    0.000000] OF: reserved mem: initialized node m4f-memory@a4100000, compatible id shared-dma-pool
[    0.000000] NUMA: No NUMA configuration found
[    0.000000] NUMA: Faking a node at [mem 0x0000000080000000-0x00000000ffffffff]
[    0.000000] NUMA: NODE_DATA [mem 0xffbf5a00-0xffbf7fff]
[    0.000000] Zone ranges:
[    0.000000]   DMA      [mem 0x0000000080000000-0x00000000ffffffff]
[    0.000000]   DMA32    empty
[    0.000000]   Normal   empty
[    0.000000] Movable zone start for each node
[    0.000000] Early memory node ranges
[    0.000000]   node   0: [mem 0x0000000080000000-0x000000009e7fffff]
[    0.000000]   node   0: [mem 0x000000009e800000-0x00000000a57fffff]
[    0.000000]   node   0: [mem 0x00000000a5800000-0x00000000ffffffff]
[    0.000000] Initmem setup node 0 [mem 0x0000000080000000-0x00000000ffffffff]
[    0.000000] cma: Reserved 32 MiB at 0x00000000fba00000
[    0.000000] psci: probing for conduit method from DT.
[    0.000000] psci: PSCIv1.1 detected in firmware.
[    0.000000] psci: Using standard PSCI v0.2 function IDs
[    0.000000] psci: Trusted OS migration not required
[    0.000000] psci: SMC Calling Convention v1.2
[    0.000000] percpu: Embedded 20 pages/cpu s44968 r8192 d28760 u81920
[    0.000000] Detected VIPT I-cache on CPU0
[    0.000000] CPU features: detected: GIC system register CPU interface
[    0.000000] CPU features: detected: ARM erratum 845719
[    0.000000] alternatives: applying boot alternatives
[    0.000000] Fallback order for Node 0: 0
[    0.000000] Built 1 zonelists, mobility grouping on.  Total pages: 516096
[    0.000000] Policy zone: DMA
[    0.000000] Kernel command line: console=ttyS2,115200n8 earlycon=ns16550a,mmio32,0x02800000 root=PARTUUID=717e1cd2-02 rw rootfstype=ext4 rootwait
[    0.000000] Dentry cache hash table entries: 262144 (order: 9, 2097152 bytes, linear)
[    0.000000] Inode-cache hash table entries: 131072 (order: 8, 1048576 bytes, linear)
[    0.000000] mem auto-init: stack:off, heap alloc:off, heap free:off
[    0.000000] Memory: 1870716K/2097152K available (16896K kernel code, 3776K rwdata, 9680K rodata, 7616K init, 625K bss, 193668K reserved, 32768K cma-reserved)
[    0.000000] SLUB: HWalign=64, Order=0-3, MinObjects=0, CPUs=2, Nodes=1
[    0.000000] rcu: Preemptible hierarchical RCU implementation.
[    0.000000] rcu:     RCU event tracing is enabled.
[    0.000000] rcu:     RCU restricting CPUs from NR_CPUS=256 to nr_cpu_ids=2.
[    0.000000]  Trampoline variant of Tasks RCU enabled.
[    0.000000]  Tracing variant of Tasks RCU enabled.
[    0.000000] rcu: RCU calculated value of scheduler-enlistment delay is 25 jiffies.
[    0.000000] rcu: Adjusting geometry for rcu_fanout_leaf=16, nr_cpu_ids=2
[    0.000000] NR_IRQS: 64, nr_irqs: 64, preallocated irqs: 0
[    0.000000] GICv3: GIC: Using split EOI/Deactivate mode
[    0.000000] GICv3: 256 SPIs implemented
[    0.000000] GICv3: 0 Extended SPIs implemented
[    0.000000] Root IRQ handler: gic_handle_irq
[    0.000000] GICv3: GICv3 features: 16 PPIs
[    0.000000] GICv3: CPU0: found redistributor 0 region 0:0x0000000001840000
[    0.000000] ITS [mem 0x01820000-0x0182ffff]
[    0.000000] GIC: enabling workaround for ITS: Socionext Synquacer pre-ITS
[    0.000000] ITS@0x0000000001820000: Devices Table too large, reduce ids 20->19
[    0.000000] ITS@0x0000000001820000: allocated 524288 Devices @80800000 (flat, esz 8, psz 64K, shr 0)
[    0.000000] ITS: using cache flushing for cmd queue
[    0.000000] GICv3: using LPI property table @0x0000000080030000
[    0.000000] GIC: using cache flushing for LPI property table
[    0.000000] GICv3: CPU0: using allocated LPI pending table @0x0000000080040000
[    0.000000] rcu: srcu_init: Setting srcu_struct sizes based on contention.
[    0.000000] arch_timer: cp15 timer(s) running at 200.00MHz (phys).
[    0.000000] clocksource: arch_sys_counter: mask: 0x3ffffffffffffff max_cycles: 0x2e2049d3e8, max_idle_ns: 440795210634 ns
[    0.000001] sched_clock: 58 bits at 200MHz, resolution 5ns, wraps every 4398046511102ns
[    0.010162] Console: colour dummy device 80x25
[    0.014820] Calibrating delay loop (skipped), value calculated using timer frequency.. 400.00 BogoMIPS (lpj=800000)
[    0.025505] pid_max: default: 32768 minimum: 301
[    0.030287] LSM: Security Framework initializing
[    0.035145] Mount-cache hash table entries: 4096 (order: 3, 32768 bytes, linear)
[    0.042727] Mountpoint-cache hash table entries: 4096 (order: 3, 32768 bytes, linear)
[    0.052822] cblist_init_generic: Setting adjustable number of callback queues.
[    0.060295] cblist_init_generic: Setting shift to 1 and lim to 1.
[    0.066612] cblist_init_generic: Setting adjustable number of callback queues.
[    0.074006] cblist_init_generic: Setting shift to 1 and lim to 1.
[    0.080458] rcu: Hierarchical SRCU implementation.
[    0.085373] rcu:     Max phase no-delay instances is 1000.
[    0.091046] Platform MSI: msi-controller@1820000 domain created
[    0.097450] PCI/MSI: /bus@f4000/interrupt-controller@1800000/msi-controller@1820000 domain created
[    0.106795] fsl-mc MSI: msi-controller@1820000 domain created
[    0.115437] EFI services will not be available.
[    0.120458] smp: Bringing up secondary CPUs ...
I/TC: Secondary CPU 1 initializing
I/TC: Secondary CPU 1 switching to normal world boot
[    0.134142] Detected VIPT I-cache on CPU1
[    0.134282] GICv3: CPU1: found redistributor 1 region 0:0x0000000001860000
[    0.134303] GICv3: CPU1: using allocated LPI pending table @0x0000000080050000
[    0.134365] CPU1: Booted secondary processor 0x0000000001 [0x410fd034]
[    0.134501] smp: Brought up 1 node, 2 CPUs
[    0.163880] SMP: Total of 2 processors activated.
[    0.168691] CPU features: detected: 32-bit EL0 Support
[    0.173958] CPU features: detected: 32-bit EL1 Support
[    0.179217] CPU features: detected: CRC32 instructions
[    0.184543] CPU: All CPU(s) started at EL2
[    0.188762] alternatives: applying system-wide alternatives
[    0.196914] devtmpfs: initialized
[    0.210384] clocksource: jiffies: mask: 0xffffffff max_cycles: 0xffffffff, max_idle_ns: 7645041785100000 ns
[    0.220406] futex hash table entries: 512 (order: 3, 32768 bytes, linear)
[    0.228785] pinctrl core: initialized pinctrl subsystem
[    0.236974] DMI not present or invalid.
[    0.241832] NET: Registered PF_NETLINK/PF_ROUTE protocol family
[    0.249301] DMA: preallocated 256 KiB GFP_KERNEL pool for atomic allocations
[    0.256766] DMA: preallocated 256 KiB GFP_KERNEL|GFP_DMA pool for atomic allocations
[    0.264892] DMA: preallocated 256 KiB GFP_KERNEL|GFP_DMA32 pool for atomic allocations
[    0.273105] audit: initializing netlink subsys (disabled)
[    0.279032] audit: type=2000 audit(0.172:1): state=initialized audit_enabled=0 res=1
[    0.280798] thermal_sys: Registered thermal governor 'step_wise'
[    0.287007] thermal_sys: Registered thermal governor 'power_allocator'
[    0.293502] cpuidle: using governor menu
[    0.304547] hw-breakpoint: found 6 breakpoint and 4 watchpoint registers.
[    0.311576] ASID allocator initialised with 65536 entries
[    0.319419] Serial: AMBA PL011 UART driver
[    0.353241] KASLR disabled due to lack of seed
[    0.368317] HugeTLB: registered 1.00 GiB page size, pre-allocated 0 pages
[    0.375293] HugeTLB: 0 KiB vmemmap can be freed for a 1.00 GiB page
[    0.381702] HugeTLB: registered 32.0 MiB page size, pre-allocated 0 pages
[    0.388639] HugeTLB: 0 KiB vmemmap can be freed for a 32.0 MiB page
[    0.395044] HugeTLB: registered 2.00 MiB page size, pre-allocated 0 pages
[    0.401979] HugeTLB: 0 KiB vmemmap can be freed for a 2.00 MiB page
[    0.408384] HugeTLB: registered 64.0 KiB page size, pre-allocated 0 pages
[    0.415319] HugeTLB: 0 KiB vmemmap can be freed for a 64.0 KiB page
[    0.424245] ACPI: Interpreter disabled.
[    0.430573] k3-chipinfo 43000014.chipid: Family:AM64X rev:SR2.0 JTAGID[0x1bb3802f] Detected
[    0.441584] iommu: Default domain type: Translated
[    0.446602] iommu: DMA domain TLB invalidation policy: strict mode
[    0.453392] SCSI subsystem initialized
[    0.457811] usbcore: registered new interface driver usbfs
[    0.463482] usbcore: registered new interface driver hub
[    0.468947] usbcore: registered new device driver usb
[    0.475610] pps_core: LinuxPPS API ver. 1 registered
[    0.480708] pps_core: Software ver. 5.3.6 - Copyright 2005-2007 Rodolfo Giometti <giometti@linux.it>
[    0.490059] PTP clock support registered
[    0.494242] EDAC MC: Ver: 3.0.0
[    0.499805] omap-mailbox 29020000.mailbox: omap mailbox rev 0x66fc9100
[    0.506850] omap-mailbox 29040000.mailbox: omap mailbox rev 0x66fc9100
[    0.513725] omap-mailbox 29060000.mailbox: omap mailbox rev 0x66fc9100
[    0.521684] FPGA manager framework
[    0.525323] Advanced Linux Sound Architecture Driver Initialized.
[    0.532774] vgaarb: loaded
[    0.536166] clocksource: Switched to clocksource arch_sys_counter
[    0.542753] VFS: Disk quotas dquot_6.6.0
[    0.546835] VFS: Dquot-cache hash table entries: 512 (order 0, 4096 bytes)
[    0.554083] pnp: PnP ACPI: disabled
[    0.564990] NET: Registered PF_INET protocol family
[    0.570324] IP idents hash table entries: 32768 (order: 6, 262144 bytes, linear)
[    0.580035] tcp_listen_portaddr_hash hash table entries: 1024 (order: 2, 16384 bytes, linear)
[    0.588914] Table-perturb hash table entries: 65536 (order: 6, 262144 bytes, linear)
[    0.596868] TCP established hash table entries: 16384 (order: 5, 131072 bytes, linear)
[    0.605094] TCP bind hash table entries: 16384 (order: 7, 524288 bytes, linear)
[    0.613121] TCP: Hash tables configured (established 16384 bind 16384)
[    0.620082] UDP hash table entries: 1024 (order: 3, 32768 bytes, linear)
[    0.627027] UDP-Lite hash table entries: 1024 (order: 3, 32768 bytes, linear)
[    0.634582] NET: Registered PF_UNIX/PF_LOCAL protocol family
[    0.641016] RPC: Registered named UNIX socket transport module.
[    0.647128] RPC: Registered udp transport module.
[    0.651937] RPC: Registered tcp transport module.
[    0.656745] RPC: Registered tcp NFSv4.1 backchannel transport module.
[    0.663337] NET: Registered PF_XDP protocol family
[    0.668281] PCI: CLS 0 bytes, default 64
[    0.673472] hw perfevents: enabled with armv8_cortex_a53 PMU driver, 7 counters available
[    0.682600] kvm [1]: IPA Size Limit: 40 bits
[    0.688977] kvm [1]: vgic-v2@100020000
[    0.692846] kvm [1]: GIC system register CPU interface enabled
[    0.698913] kvm [1]: vgic interrupt IRQ9
[    0.702989] kvm [1]: Hyp mode initialized successfully
[    0.709954] Initialise system trusted keyrings
[    0.714932] workingset: timestamp_bits=42 max_order=19 bucket_order=0
[    0.728975] squashfs: version 4.0 (2009/01/31) Phillip Lougher
[    0.735840] NFS: Registering the id_resolver key type
[    0.741105] Key type id_resolver registered
[    0.745384] Key type id_legacy registered
[    0.749571] nfs4filelayout_init: NFSv4 File Layout Driver Registering...
[    0.756426] nfs4flexfilelayout_init: NFSv4 Flexfile Layout Driver Registering...
[    0.764300] 9p: Installing v9fs 9p2000 file system support
[    0.812274] Key type asymmetric registered
[    0.816493] Asymmetric key parser 'x509' registered
